Log file: /app/results/20260317_052352_simulation/simulation.log
Loaded configuration for scenario: umi
======================================================================
  6G Smart Factory Simulation Flow
======================================================================
Stages: estimators
Estimators: ['ls']
Scenario: umi
Eb/No Range: [0.0, 2.0, 4.0, 6.0, 8.0, 10.0, 12.0, 14.0, 16.0, 18.0, 20.0]
Run directory: results/20260317_052352_simulation
----------------------------------------------------------------------
Estimator batch 1/2000 (active points 11/11) ...   snr=+0.0dB [ls]  snr=+2.0dB [ls]  snr=+4.0dB [ls]  snr=+6.0dB [ls]  snr=+8.0dB [ls]  snr=+10.0dB [ls]  snr=+12.0dB [ls]  snr=+14.0dB [ls]  snr=+16.0dB [ls]  snr=+18.0dB [ls]  snr=+20.0dB [ls]Done (8.20s)
Estimator batch 2/2000 (active points 11/11) ...   snr=+0.0dB [ls]  snr=+2.0dB [ls]  snr=+4.0dB [ls]  snr=+6.0dB [ls]  snr=+8.0dB [ls]  snr=+10.0dB [ls]  snr=+12.0dB [ls]  snr=+14.0dB [ls]  snr=+16.0dB [ls]  snr=+18.0dB [ls]  snr=+20.0dB [ls]Done (7.73s)
Estimator batch 3/2000 (active points 11/11) ...   snr=+0.0dB [ls]  snr=+2.0dB [ls]  snr=+4.0dB [ls]  snr=+6.0dB [ls]  snr=+8.0dB [ls]  snr=+10.0dB [ls]  snr=+12.0dB [ls]  snr=+14.0dB [ls]  snr=+16.0dB [ls]  snr=+18.0dB [ls]  snr=+20.0dB [ls]Done (7.84s)
Estimator batch 4/2000 (active points 11/11) ...   snr=+0.0dB [ls]  snr=+2.0dB [ls]  snr=+4.0dB [ls]  snr=+6.0dB [ls]  snr=+8.0dB [ls]  snr=+10.0dB [ls]  snr=+12.0dB [ls]  snr=+14.0dB [ls]  snr=+16.0dB [ls]  snr=+18.0dB [ls]  snr=+20.0dB [ls]Done (8.03s)
Estimator batch 5/2000 (active points 11/11) ...   snr=+0.0dB [ls]  snr=+2.0dB [ls]  snr=+4.0dB [ls]  snr=+6.0dB [ls]  snr=+8.0dB [ls]  snr=+10.0dB [ls]  snr=+12.0dB [ls]  snr=+14.0dB [ls]  snr=+16.0dB [ls]  snr=+18.0dB [ls]  snr=+20.0dB [ls]Done (7.86s)
Estimator batch 6/2000 (active points 11/11) ...   snr=+0.0dB [ls]  snr=+2.0dB [ls]  snr=+4.0dB [ls]  snr=+6.0dB [ls]  snr=+8.0dB [ls]  snr=+10.0dB [ls]  snr=+12.0dB [ls]  snr=+14.0dB [ls]  snr=+16.0dB [ls]  snr=+18.0dB [ls]  snr=+20.0dB [ls]Done (7.76s)
Estimator batch 7/2000 (active points 11/11) ...   snr=+0.0dB [ls]  snr=+2.0dB [ls]  snr=+4.0dB [ls]  snr=+6.0dB [ls]  snr=+8.0dB [ls]  snr=+10.0dB [ls]  snr=+12.0dB [ls]  snr=+14.0dB [ls]  snr=+16.0dB [ls]  snr=+18.0dB [ls]  snr=+20.0dB [ls]Done (7.70s)
Estimator batch 8/2000 (active points 11/11) ...   snr=+0.0dB [ls]  snr=+2.0dB [ls]  snr=+4.0dB [ls]  snr=+6.0dB [ls]  snr=+8.0dB [ls]  snr=+10.0dB [ls]  snr=+12.0dB [ls]  snr=+14.0dB [ls]  snr=+16.0dB [ls]  snr=+18.0dB [ls]  snr=+20.0dB [ls]Done (7.77s)
Estimator batch 9/2000 (active points 11/11) ...   snr=+0.0dB [ls]  snr=+2.0dB [ls]  snr=+4.0dB [ls]  snr=+6.0dB [ls]  snr=+8.0dB [ls]  snr=+10.0dB [ls]  snr=+12.0dB [ls]  snr=+14.0dB [ls]  snr=+16.0dB [ls]  snr=+18.0dB [ls]  snr=+20.0dB [ls]Done (7.83s)
Estimator batch 10/2000 (active points 11/11) ...   snr=+0.0dB [ls]  snr=+2.0dB [ls]  snr=+4.0dB [ls]  snr=+6.0dB [ls]  snr=+8.0dB [ls]  snr=+10.0dB [ls]  snr=+12.0dB [ls]  snr=+14.0dB [ls]  snr=+16.0dB [ls]  snr=+18.0dB [ls]  snr=+20.0dB [ls]Done (8.15s)
Estimator batch 11/2000 (active points 10/11) ...   snr=+2.0dB [ls]  snr=+4.0dB [ls]  snr=+6.0dB [ls]  snr=+8.0dB [ls]  snr=+10.0dB [ls]  snr=+12.0dB [ls]  snr=+14.0dB [ls]  snr=+16.0dB [ls]  snr=+18.0dB [ls]  snr=+20.0dB [ls]Done (7.19s)
Estimator batch 12/2000 (active points 10/11) ...   snr=+2.0dB [ls]  snr=+4.0dB [ls]  snr=+6.0dB [ls]  snr=+8.0dB [ls]  snr=+10.0dB [ls]  snr=+12.0dB [ls]  snr=+14.0dB [ls]  snr=+16.0dB [ls]  snr=+18.0dB [ls]  snr=+20.0dB [ls]Done (7.31s)
Estimator batch 13/2000 (active points 10/11) ...   snr=+2.0dB [ls]  snr=+4.0dB [ls]  snr=+6.0dB [ls]  snr=+8.0dB [ls]  snr=+10.0dB [ls]  snr=+12.0dB [ls]  snr=+14.0dB [ls]  snr=+16.0dB [ls]  snr=+18.0dB [ls]  snr=+20.0dB [ls]Done (7.17s)
Estimator batch 14/2000 (active points 10/11) ...   snr=+2.0dB [ls]  snr=+4.0dB [ls]  snr=+6.0dB [ls]  snr=+8.0dB [ls]  snr=+10.0dB [ls]  snr=+12.0dB [ls]  snr=+14.0dB [ls]  snr=+16.0dB [ls]  snr=+18.0dB [ls]  snr=+20.0dB [ls]Done (7.11s)
Estimator batch 15/2000 (active points 9/11) ...   snr=+4.0dB [ls]  snr=+6.0dB [ls]  snr=+8.0dB [ls]  snr=+10.0dB [ls]  snr=+12.0dB [ls]  snr=+14.0dB [ls]  snr=+16.0dB [ls]  snr=+18.0dB [ls]  snr=+20.0dB [ls]Done (6.47s)
Estimator batch 16/2000 (active points 9/11) ...   snr=+4.0dB [ls]  snr=+6.0dB [ls]  snr=+8.0dB [ls]  snr=+10.0dB [ls]  snr=+12.0dB [ls]  snr=+14.0dB [ls]  snr=+16.0dB [ls]  snr=+18.0dB [ls]  snr=+20.0dB [ls]Done (6.35s)
Estimator batch 17/2000 (active points 9/11) ...   snr=+4.0dB [ls]  snr=+6.0dB [ls]  snr=+8.0dB [ls]  snr=+10.0dB [ls]  snr=+12.0dB [ls]  snr=+14.0dB [ls]  snr=+16.0dB [ls]  snr=+18.0dB [ls]  snr=+20.0dB [ls]Done (6.42s)
Estimator batch 18/2000 (active points 9/11) ...   snr=+4.0dB [ls]  snr=+6.0dB [ls]  snr=+8.0dB [ls]  snr=+10.0dB [ls]  snr=+12.0dB [ls]  snr=+14.0dB [ls]  snr=+16.0dB [ls]  snr=+18.0dB [ls]  snr=+20.0dB [ls]Done (6.37s)
Estimator batch 19/2000 (active points 9/11) ...   snr=+4.0dB [ls]  snr=+6.0dB [ls]  snr=+8.0dB [ls]  snr=+10.0dB [ls]  snr=+12.0dB [ls]  snr=+14.0dB [ls]  snr=+16.0dB [ls]  snr=+18.0dB [ls]  snr=+20.0dB [ls]Done (6.47s)
Estimator batch 20/2000 (active points 9/11) ...   snr=+4.0dB [ls]  snr=+6.0dB [ls]  snr=+8.0dB [ls]  snr=+10.0dB [ls]  snr=+12.0dB [ls]  snr=+14.0dB [ls]  snr=+16.0dB [ls]  snr=+18.0dB [ls]  snr=+20.0dB [ls]Done (6.39s)
Estimator batch 21/2000 (active points 9/11) ...   snr=+4.0dB [ls]  snr=+6.0dB [ls]  snr=+8.0dB [ls]  snr=+10.0dB [ls]  snr=+12.0dB [ls]  snr=+14.0dB [ls]  snr=+16.0dB [ls]  snr=+18.0dB [ls]  snr=+20.0dB [ls]Done (6.37s)
Estimator batch 22/2000 (active points 9/11) ...   snr=+4.0dB [ls]  snr=+6.0dB [ls]  snr=+8.0dB [ls]  snr=+10.0dB [ls]  snr=+12.0dB [ls]  snr=+14.0dB [ls]  snr=+16.0dB [ls]  snr=+18.0dB [ls]  snr=+20.0dB [ls]Done (6.41s)
Estimator batch 23/2000 (active points 9/11) ...   snr=+4.0dB [ls]  snr=+6.0dB [ls]  snr=+8.0dB [ls]  snr=+10.0dB [ls]  snr=+12.0dB [ls]  snr=+14.0dB [ls]  snr=+16.0dB [ls]  snr=+18.0dB [ls]  snr=+20.0dB [ls]Done (6.45s)
Estimator batch 24/2000 (active points 9/11) ...   snr=+4.0dB [ls]  snr=+6.0dB [ls]  snr=+8.0dB [ls]  snr=+10.0dB [ls]  snr=+12.0dB [ls]  snr=+14.0dB [ls]  snr=+16.0dB [ls]  snr=+18.0dB [ls]  snr=+20.0dB [ls]Done (6.35s)
Estimator batch 25/2000 (active points 9/11) ...   snr=+4.0dB [ls]  snr=+6.0dB [ls]  snr=+8.0dB [ls]  snr=+10.0dB [ls]  snr=+12.0dB [ls]  snr=+14.0dB [ls]  snr=+16.0dB [ls]  snr=+18.0dB [ls]  snr=+20.0dB [ls]Done (6.38s)
Estimator batch 26/2000 (active points 9/11) ...   snr=+4.0dB [ls]  snr=+6.0dB [ls]  snr=+8.0dB [ls]  snr=+10.0dB [ls]  snr=+12.0dB [ls]  snr=+14.0dB [ls]  snr=+16.0dB [ls]  snr=+18.0dB [ls]  snr=+20.0dB [ls]Done (6.39s)
Estimator batch 27/2000 (active points 9/11) ...   snr=+4.0dB [ls]  snr=+6.0dB [ls]  snr=+8.0dB [ls]  snr=+10.0dB [ls]  snr=+12.0dB [ls]  snr=+14.0dB [ls]  snr=+16.0dB [ls]  snr=+18.0dB [ls]  snr=+20.0dB [ls]Done (6.39s)
Estimator batch 28/2000 (active points 9/11) ...   snr=+4.0dB [ls]  snr=+6.0dB [ls]  snr=+8.0dB [ls]  snr=+10.0dB [ls]  snr=+12.0dB [ls]  snr=+14.0dB [ls]  snr=+16.0dB [ls]  snr=+18.0dB [ls]  snr=+20.0dB [ls]Done (6.38s)
Estimator batch 29/2000 (active points 9/11) ...   snr=+4.0dB [ls]  snr=+6.0dB [ls]  snr=+8.0dB [ls]  snr=+10.0dB [ls]  snr=+12.0dB [ls]  snr=+14.0dB [ls]  snr=+16.0dB [ls]  snr=+18.0dB [ls]  snr=+20.0dB [ls]Done (6.35s)
Estimator batch 30/2000 (active points 9/11) ...   snr=+4.0dB [ls]  snr=+6.0dB [ls]  snr=+8.0dB [ls]  snr=+10.0dB [ls]  snr=+12.0dB [ls]  snr=+14.0dB [ls]  snr=+16.0dB [ls]  snr=+18.0dB [ls]  snr=+20.0dB [ls]Done (6.72s)
Estimator batch 31/2000 (active points 9/11) ...   snr=+4.0dB [ls]  snr=+6.0dB [ls]  snr=+8.0dB [ls]  snr=+10.0dB [ls]  snr=+12.0dB [ls]  snr=+14.0dB [ls]  snr=+16.0dB [ls]  snr=+18.0dB [ls]  snr=+20.0dB [ls]Done (6.76s)
Estimator batch 32/2000 (active points 9/11) ...   snr=+4.0dB [ls]  snr=+6.0dB [ls]  snr=+8.0dB [ls]  snr=+10.0dB [ls]  snr=+12.0dB [ls]  snr=+14.0dB [ls]  snr=+16.0dB [ls]  snr=+18.0dB [ls]  snr=+20.0dB [ls]Done (6.71s)
Estimator batch 33/2000 (active points 9/11) ...   snr=+4.0dB [ls]  snr=+6.0dB [ls]  snr=+8.0dB [ls]  snr=+10.0dB [ls]  snr=+12.0dB [ls]  snr=+14.0dB [ls]  snr=+16.0dB [ls]  snr=+18.0dB [ls]  snr=+20.0dB [ls]Done (6.80s)
Estimator batch 34/2000 (active points 9/11) ...   snr=+4.0dB [ls]  snr=+6.0dB [ls]  snr=+8.0dB [ls]  snr=+10.0dB [ls]  snr=+12.0dB [ls]  snr=+14.0dB [ls]  snr=+16.0dB [ls]  snr=+18.0dB [ls]  snr=+20.0dB [ls]Done (6.75s)
Estimator batch 35/2000 (active points 9/11) ...   snr=+4.0dB [ls]  snr=+6.0dB [ls]  snr=+8.0dB [ls]  snr=+10.0dB [ls]  snr=+12.0dB [ls]  snr=+14.0dB [ls]  snr=+16.0dB [ls]  snr=+18.0dB [ls]  snr=+20.0dB [ls]Done (6.69s)
Estimator batch 36/2000 (active points 9/11) ...   snr=+4.0dB [ls]  snr=+6.0dB [ls]  snr=+8.0dB [ls]  snr=+10.0dB [ls]  snr=+12.0dB [ls]  snr=+14.0dB [ls]  snr=+16.0dB [ls]  snr=+18.0dB [ls]  snr=+20.0dB [ls]Done (6.71s)
Estimator batch 37/2000 (active points 9/11) ...   snr=+4.0dB [ls]  snr=+6.0dB [ls]  snr=+8.0dB [ls]  snr=+10.0dB [ls]  snr=+12.0dB [ls]  snr=+14.0dB [ls]  snr=+16.0dB [ls]  snr=+18.0dB [ls]  snr=+20.0dB [ls]Done (6.77s)
Estimator batch 38/2000 (active points 9/11) ...   snr=+4.0dB [ls]  snr=+6.0dB [ls]  snr=+8.0dB [ls]  snr=+10.0dB [ls]  snr=+12.0dB [ls]  snr=+14.0dB [ls]  snr=+16.0dB [ls]  snr=+18.0dB [ls]  snr=+20.0dB [ls]Done (6.75s)
Estimator batch 39/2000 (active points 9/11) ...   snr=+4.0dB [ls]  snr=+6.0dB [ls]  snr=+8.0dB [ls]  snr=+10.0dB [ls]  snr=+12.0dB [ls]  snr=+14.0dB [ls]  snr=+16.0dB [ls]  snr=+18.0dB [ls]  snr=+20.0dB [ls]Done (6.46s)
Estimator batch 40/2000 (active points 9/11) ...   snr=+4.0dB [ls]  snr=+6.0dB [ls]  snr=+8.0dB [ls]  snr=+10.0dB [ls]  snr=+12.0dB [ls]  snr=+14.0dB [ls]  snr=+16.0dB [ls]  snr=+18.0dB [ls]  snr=+20.0dB [ls]Done (6.56s)
Estimator batch 41/2000 (active points 9/11) ...   snr=+4.0dB [ls]  snr=+6.0dB [ls]  snr=+8.0dB [ls]  snr=+10.0dB [ls]  snr=+12.0dB [ls]  snr=+14.0dB [ls]  snr=+16.0dB [ls]  snr=+18.0dB [ls]  snr=+20.0dB [ls]Done (6.45s)
Estimator batch 42/2000 (active points 9/11) ...   snr=+4.0dB [ls]  snr=+6.0dB [ls]  snr=+8.0dB [ls]  snr=+10.0dB [ls]  snr=+12.0dB [ls]  snr=+14.0dB [ls]  snr=+16.0dB [ls]  snr=+18.0dB [ls]  snr=+20.0dB [ls]Done (6.44s)
Estimator batch 43/2000 (active points 9/11) ...   snr=+4.0dB [ls]  snr=+6.0dB [ls]  snr=+8.0dB [ls]  snr=+10.0dB [ls]  snr=+12.0dB [ls]  snr=+14.0dB [ls]  snr=+16.0dB [ls]  snr=+18.0dB [ls]  snr=+20.0dB [ls]Done (6.42s)
Estimator batch 44/2000 (active points 9/11) ...   snr=+4.0dB [ls]  snr=+6.0dB [ls]  snr=+8.0dB [ls]  snr=+10.0dB [ls]  snr=+12.0dB [ls]  snr=+14.0dB [ls]  snr=+16.0dB [ls]  snr=+18.0dB [ls]  snr=+20.0dB [ls]Done (6.48s)
Estimator batch 45/2000 (active points 9/11) ...   snr=+4.0dB [ls]  snr=+6.0dB [ls]  snr=+8.0dB [ls]  snr=+10.0dB [ls]  snr=+12.0dB [ls]  snr=+14.0dB [ls]  snr=+16.0dB [ls]  snr=+18.0dB [ls]  snr=+20.0dB [ls]Done (6.32s)
Estimator batch 46/2000 (active points 9/11) ...   snr=+4.0dB [ls]  snr=+6.0dB [ls]  snr=+8.0dB [ls]  snr=+10.0dB [ls]  snr=+12.0dB [ls]  snr=+14.0dB [ls]  snr=+16.0dB [ls]  snr=+18.0dB [ls]  snr=+20.0dB [ls]Done (6.26s)
Estimator batch 47/2000 (active points 9/11) ...   snr=+4.0dB [ls]  snr=+6.0dB [ls]  snr=+8.0dB [ls]  snr=+10.0dB [ls]  snr=+12.0dB [ls]  snr=+14.0dB [ls]  snr=+16.0dB [ls]  snr=+18.0dB [ls]  snr=+20.0dB [ls]Done (6.23s)
Estimator batch 48/2000 (active points 9/11) ...   snr=+4.0dB [ls]  snr=+6.0dB [ls]  snr=+8.0dB [ls]  snr=+10.0dB [ls]  snr=+12.0dB [ls]  snr=+14.0dB [ls]  snr=+16.0dB [ls]  snr=+18.0dB [ls]  snr=+20.0dB [ls]Done (6.21s)
Estimator batch 49/2000 (active points 9/11) ...   snr=+4.0dB [ls]  snr=+6.0dB [ls]  snr=+8.0dB [ls]  snr=+10.0dB [ls]  snr=+12.0dB [ls]  snr=+14.0dB [ls]  snr=+16.0dB [ls]  snr=+18.0dB [ls]  snr=+20.0dB [ls]Done (6.18s)
Estimator batch 50/2000 (active points 9/11) ...   snr=+4.0dB [ls]  snr=+6.0dB [ls]  snr=+8.0dB [ls]  snr=+10.0dB [ls]  snr=+12.0dB [ls]  snr=+14.0dB [ls]  snr=+16.0dB [ls]  snr=+18.0dB [ls]  snr=+20.0dB [ls]Done (6.14s)
Estimator batch 51/2000 (active points 9/11) ...   snr=+4.0dB [ls]  snr=+6.0dB [ls]  snr=+8.0dB [ls]  snr=+10.0dB [ls]  snr=+12.0dB [ls]  snr=+14.0dB [ls]  snr=+16.0dB [ls]  snr=+18.0dB [ls]  snr=+20.0dB [ls]Done (6.17s)
Estimator batch 52/2000 (active points 9/11) ...   snr=+4.0dB [ls]  snr=+6.0dB [ls]  snr=+8.0dB [ls]  snr=+10.0dB [ls]  snr=+12.0dB [ls]  snr=+14.0dB [ls]  snr=+16.0dB [ls]  snr=+18.0dB [ls]  snr=+20.0dB [ls]Done (6.11s)
Estimator batch 53/2000 (active points 9/11) ...   snr=+4.0dB [ls]  snr=+6.0dB [ls]  snr=+8.0dB [ls]  snr=+10.0dB [ls]  snr=+12.0dB [ls]  snr=+14.0dB [ls]  snr=+16.0dB [ls]  snr=+18.0dB [ls]  snr=+20.0dB [ls]Done (6.13s)
Estimator batch 54/2000 (active points 9/11) ...   snr=+4.0dB [ls]  snr=+6.0dB [ls]  snr=+8.0dB [ls]  snr=+10.0dB [ls]  snr=+12.0dB [ls]  snr=+14.0dB [ls]  snr=+16.0dB [ls]  snr=+18.0dB [ls]  snr=+20.0dB [ls]Done (6.08s)
Estimator batch 55/2000 (active points 9/11) ...   snr=+4.0dB [ls]  snr=+6.0dB [ls]  snr=+8.0dB [ls]  snr=+10.0dB [ls]  snr=+12.0dB [ls]  snr=+14.0dB [ls]  snr=+16.0dB [ls]  snr=+18.0dB [ls]  snr=+20.0dB [ls]Done (6.15s)
Estimator batch 56/2000 (active points 9/11) ...   snr=+4.0dB [ls]  snr=+6.0dB [ls]  snr=+8.0dB [ls]  snr=+10.0dB [ls]  snr=+12.0dB [ls]  snr=+14.0dB [ls]  snr=+16.0dB [ls]  snr=+18.0dB [ls]  snr=+20.0dB [ls]Done (6.09s)
Estimator batch 57/2000 (active points 9/11) ...   snr=+4.0dB [ls]  snr=+6.0dB [ls]  snr=+8.0dB [ls]  snr=+10.0dB [ls]  snr=+12.0dB [ls]  snr=+14.0dB [ls]  snr=+16.0dB [ls]  snr=+18.0dB [ls]  snr=+20.0dB [ls]Done (6.06s)
Estimator batch 58/2000 (active points 9/11) ...   snr=+4.0dB [ls]  snr=+6.0dB [ls]  snr=+8.0dB [ls]  snr=+10.0dB [ls]  snr=+12.0dB [ls]  snr=+14.0dB [ls]  snr=+16.0dB [ls]  snr=+18.0dB [ls]  snr=+20.0dB [ls]Done (6.12s)
Estimator batch 59/2000 (active points 9/11) ...   snr=+4.0dB [ls]  snr=+6.0dB [ls]  snr=+8.0dB [ls]  snr=+10.0dB [ls]  snr=+12.0dB [ls]  snr=+14.0dB [ls]  snr=+16.0dB [ls]  snr=+18.0dB [ls]  snr=+20.0dB [ls]Done (6.19s)
Estimator batch 60/2000 (active points 9/11) ...   snr=+4.0dB [ls]  snr=+6.0dB [ls]  snr=+8.0dB [ls]  snr=+10.0dB [ls]  snr=+12.0dB [ls]  snr=+14.0dB [ls]  snr=+16.0dB [ls]  snr=+18.0dB [ls]  snr=+20.0dB [ls]Done (6.04s)
Estimator batch 61/2000 (active points 9/11) ...   snr=+4.0dB [ls]  snr=+6.0dB [ls]  snr=+8.0dB [ls]  snr=+10.0dB [ls]  snr=+12.0dB [ls]  snr=+14.0dB [ls]  snr=+16.0dB [ls]  snr=+18.0dB [ls]  snr=+20.0dB [ls]Done (6.10s)
Estimator batch 62/2000 (active points 9/11) ...   snr=+4.0dB [ls]  snr=+6.0dB [ls]  snr=+8.0dB [ls]  snr=+10.0dB [ls]  snr=+12.0dB [ls]  snr=+14.0dB [ls]  snr=+16.0dB [ls]  snr=+18.0dB [ls]  snr=+20.0dB [ls]Done (6.13s)
Estimator batch 63/2000 (active points 9/11) ...   snr=+4.0dB [ls]  snr=+6.0dB [ls]  snr=+8.0dB [ls]  snr=+10.0dB [ls]  snr=+12.0dB [ls]  snr=+14.0dB [ls]  snr=+16.0dB [ls]  snr=+18.0dB [ls]  snr=+20.0dB [ls]Done (6.13s)
Estimator batch 64/2000 (active points 9/11) ...   snr=+4.0dB [ls]  snr=+6.0dB [ls]  snr=+8.0dB [ls]  snr=+10.0dB [ls]  snr=+12.0dB [ls]  snr=+14.0dB [ls]  snr=+16.0dB [ls]  snr=+18.0dB [ls]  snr=+20.0dB [ls]Done (6.06s)
Estimator batch 65/2000 (active points 8/11) ...   snr=+6.0dB [ls]  snr=+8.0dB [ls]  snr=+10.0dB [ls]  snr=+12.0dB [ls]  snr=+14.0dB [ls]  snr=+16.0dB [ls]  snr=+18.0dB [ls]  snr=+20.0dB [ls]Done (5.39s)
Estimator batch 66/2000 (active points 8/11) ...   snr=+6.0dB [ls]  snr=+8.0dB [ls]  snr=+10.0dB [ls]  snr=+12.0dB [ls]  snr=+14.0dB [ls]  snr=+16.0dB [ls]  snr=+18.0dB [ls]  snr=+20.0dB [ls]Done (5.45s)
Estimator batch 67/2000 (active points 8/11) ...   snr=+6.0dB [ls]  snr=+8.0dB [ls]  snr=+10.0dB [ls]  snr=+12.0dB [ls]  snr=+14.0dB [ls]  snr=+16.0dB [ls]  snr=+18.0dB [ls]  snr=+20.0dB [ls]Done (5.45s)
Estimator batch 68/2000 (active points 8/11) ...   snr=+6.0dB [ls]  snr=+8.0dB [ls]  snr=+10.0dB [ls]  snr=+12.0dB [ls]  snr=+14.0dB [ls]  snr=+16.0dB [ls]  snr=+18.0dB [ls]  snr=+20.0dB [ls]Done (5.41s)
Estimator batch 69/2000 (active points 8/11) ...   snr=+6.0dB [ls]  snr=+8.0dB [ls]  snr=+10.0dB [ls]  snr=+12.0dB [ls]  snr=+14.0dB [ls]  snr=+16.0dB [ls]  snr=+18.0dB [ls]  snr=+20.0dB [ls]Done (5.39s)
Estimator batch 70/2000 (active points 8/11) ...   snr=+6.0dB [ls]  snr=+8.0dB [ls]  snr=+10.0dB [ls]  snr=+12.0dB [ls]  snr=+14.0dB [ls]  snr=+16.0dB [ls]  snr=+18.0dB [ls]  snr=+20.0dB [ls]Done (5.40s)
Estimator batch 71/2000 (active points 8/11) ...   snr=+6.0dB [ls]  snr=+8.0dB [ls]  snr=+10.0dB [ls]  snr=+12.0dB [ls]  snr=+14.0dB [ls]  snr=+16.0dB [ls]  snr=+18.0dB [ls]  snr=+20.0dB [ls]Done (5.44s)
Estimator batch 72/2000 (active points 8/11) ...   snr=+6.0dB [ls]  snr=+8.0dB [ls]  snr=+10.0dB [ls]  snr=+12.0dB [ls]  snr=+14.0dB [ls]  snr=+16.0dB [ls]  snr=+18.0dB [ls]  snr=+20.0dB [ls]Done (5.43s)
Estimator batch 73/2000 (active points 8/11) ...   snr=+6.0dB [ls]  snr=+8.0dB [ls]  snr=+10.0dB [ls]  snr=+12.0dB [ls]  snr=+14.0dB [ls]  snr=+16.0dB [ls]  snr=+18.0dB [ls]  snr=+20.0dB [ls]Done (5.41s)
Estimator batch 74/2000 (active points 8/11) ...   snr=+6.0dB [ls]  snr=+8.0dB [ls]  snr=+10.0dB [ls]  snr=+12.0dB [ls]  snr=+14.0dB [ls]  snr=+16.0dB [ls]  snr=+18.0dB [ls]  snr=+20.0dB [ls]Done (5.55s)
Estimator batch 75/2000 (active points 8/11) ...   snr=+6.0dB [ls]  snr=+8.0dB [ls]  snr=+10.0dB [ls]  snr=+12.0dB [ls]  snr=+14.0dB [ls]  snr=+16.0dB [ls]  snr=+18.0dB [ls]  snr=+20.0dB [ls]Done (5.49s)
Estimator batch 76/2000 (active points 8/11) ...   snr=+6.0dB [ls]  snr=+8.0dB [ls]  snr=+10.0dB [ls]  snr=+12.0dB [ls]  snr=+14.0dB [ls]  snr=+16.0dB [ls]  snr=+18.0dB [ls]  snr=+20.0dB [ls]Done (5.61s)
Estimator batch 77/2000 (active points 8/11) ...   snr=+6.0dB [ls]  snr=+8.0dB [ls]  snr=+10.0dB [ls]  snr=+12.0dB [ls]  snr=+14.0dB [ls]  snr=+16.0dB [ls]  snr=+18.0dB [ls]  snr=+20.0dB [ls]Done (5.51s)
Estimator batch 78/2000 (active points 8/11) ...   snr=+6.0dB [ls]  snr=+8.0dB [ls]  snr=+10.0dB [ls]  snr=+12.0dB [ls]  snr=+14.0dB [ls]  snr=+16.0dB [ls]  snr=+18.0dB [ls]  snr=+20.0dB [ls]Done (5.76s)
Estimator batch 79/2000 (active points 8/11) ...   snr=+6.0dB [ls]  snr=+8.0dB [ls]  snr=+10.0dB [ls]  snr=+12.0dB [ls]  snr=+14.0dB [ls]  snr=+16.0dB [ls]  snr=+18.0dB [ls]  snr=+20.0dB [ls]Done (5.54s)
Estimator batch 80/2000 (active points 8/11) ...   snr=+6.0dB [ls]  snr=+8.0dB [ls]  snr=+10.0dB [ls]  snr=+12.0dB [ls]  snr=+14.0dB [ls]  snr=+16.0dB [ls]  snr=+18.0dB [ls]  snr=+20.0dB [ls]Done (5.58s)
Estimator batch 81/2000 (active points 8/11) ...   snr=+6.0dB [ls]  snr=+8.0dB [ls]  snr=+10.0dB [ls]  snr=+12.0dB [ls]  snr=+14.0dB [ls]  snr=+16.0dB [ls]  snr=+18.0dB [ls]  snr=+20.0dB [ls]Done (5.52s)
Estimator batch 82/2000 (active points 8/11) ...   snr=+6.0dB [ls]  snr=+8.0dB [ls]  snr=+10.0dB [ls]  snr=+12.0dB [ls]  snr=+14.0dB [ls]  snr=+16.0dB [ls]  snr=+18.0dB [ls]  snr=+20.0dB [ls]Done (5.86s)
Estimator batch 83/2000 (active points 8/11) ...   snr=+6.0dB [ls]  snr=+8.0dB [ls]  snr=+10.0dB [ls]  snr=+12.0dB [ls]  snr=+14.0dB [ls]  snr=+16.0dB [ls]  snr=+18.0dB [ls]  snr=+20.0dB [ls]Done (5.62s)
Estimator batch 84/2000 (active points 8/11) ...   snr=+6.0dB [ls]  snr=+8.0dB [ls]  snr=+10.0dB [ls]  snr=+12.0dB 