    INFO: 2026-03-27 09:30:20,915:               log.py:   20: Logging to /app/mdpdf.log
   DEBUG: 2026-03-27 09:30:20,915:               cli.py:  103: reports/simulation_report.md
    INFO: 2026-03-27 09:30:20,916:         converter.py:   14: reports/simulation_report.md
   DEBUG: 2026-03-27 09:30:20,919:      pdf_renderer.py:  470: printSegment: Factory6G Simulation Results Report
   DEBUG: 2026-03-27 09:30:20,920:      pdf_renderer.py:  470: printSegment: Generated: 2026-03-27
   DEBUG: 2026-03-27 09:30:20,921:      pdf_renderer.py:  470: printSegment: 1. Executive Summary
   DEBUG: 2026-03-27 09:30:20,922:      pdf_renderer.py:  470: printSegment: This report presents a comprehensive evaluation of the Factory6G physical layer simulation platform, covering 
   DEBUG: 2026-03-27 09:30:20,923:      pdf_renderer.py:  470: printSegment: six
   DEBUG: 2026-03-27 09:30:20,924:      pdf_renderer.py:  470: printSegment: channel estimation methods
   DEBUG: 2026-03-27 09:30:20,924:      pdf_renderer.py:  470: printSegment: , 
   DEBUG: 2026-03-27 09:30:20,925:      pdf_renderer.py:  470: printSegment: three modulation schemes
   DEBUG: 2026-03-27 09:30:20,925:      pdf_renderer.py:  470: printSegment: , 
   DEBUG: 2026-03-27 09:30:20,925:      pdf_renderer.py:  470: printSegment: three channel models
   DEBUG: 2026-03-27 09:30:20,925:      pdf_renderer.py:  470: printSegment: , 
   DEBUG: 2026-03-27 09:30:20,925:      pdf_renderer.py:  470: printSegment: three factory sizes
   DEBUG: 2026-03-27 09:30:20,926:      pdf_renderer.py:  470: printSegment: , and the 
   DEBUG: 2026-03-27 09:30:20,926:      pdf_renderer.py:  470: printSegment: JIDD-SCMA
   DEBUG: 2026-03-27 09:30:20,926:      pdf_renderer.py:  470: printSegment:  joint detection-decoding system. All experiments were conducted in March 2026.
   DEBUG: 2026-03-27 09:30:20,927:      pdf_renderer.py:  470: printSegment: Key findings:
   DEBUG: 2026-03-27 09:30:20,927:      pdf_renderer.py:  470: printSegment: l
   DEBUG: 2026-03-27 09:30:20,927:      pdf_renderer.py:  470: printSegment: Adaptive and PSO
   DEBUG: 2026-03-27 09:30:20,931:      pdf_renderer.py:  470: printSegment:  channel estimators achieve the lowest BER floors (~3-4 x 10^-5), an order of
   DEBUG: 2026-03-27 09:30:20,931:      pdf_renderer.py:  470: printSegment: magnitude better than LS (~3 x 10^-4). PSO is 14x slower than Adaptive for comparable
   DEBUG: 2026-03-27 09:30:20,931:      pdf_renderer.py:  470: printSegment: performance.
   DEBUG: 2026-03-27 09:30:20,932:      pdf_renderer.py:  470: printSegment: l
   DEBUG: 2026-03-27 09:30:20,932:      pdf_renderer.py:  470: printSegment: JIDD-SCMA
   DEBUG: 2026-03-27 09:30:20,934:      pdf_renderer.py:  470: printSegment:  achieves effectively zero BER above 9 dB Eb/N0, demonstrating the power of joint
   DEBUG: 2026-03-27 09:30:20,934:      pdf_renderer.py:  470: printSegment: iterative detection-decoding, but at 162x the computational cost of LS.
   DEBUG: 2026-03-27 09:30:20,934:      pdf_renderer.py:  470: printSegment: l
   DEBUG: 2026-03-27 09:30:20,935:      pdf_renderer.py:  470: printSegment: Neural estimator
   DEBUG: 2026-03-27 09:30:20,935:      pdf_renderer.py:  470: printSegment:  produces BER identical to LS -- it has not learned beyond the baseline.
   DEBUG: 2026-03-27 09:30:20,935:      pdf_renderer.py:  470: printSegment: l
   DEBUG: 2026-03-27 09:30:20,936:      pdf_renderer.py:  470: printSegment: Higher-order modulation
   DEBUG: 2026-03-27 09:30:20,936:      pdf_renderer.py:  470: printSegment:  (64-QAM) raises the BER floor to ~1.1 x 10^-2 and triples latency
   DEBUG: 2026-03-27 09:30:20,937:      pdf_renderer.py:  470: printSegment: compared to QPSK.
   DEBUG: 2026-03-27 09:30:20,937:      pdf_renderer.py:  470: printSegment: l
   DEBUG: 2026-03-27 09:30:20,937:      pdf_renderer.py:  470: printSegment: Rayleigh fading
   DEBUG: 2026-03-27 09:30:20,938:      pdf_renderer.py:  470: printSegment:  is the easiest channel (zero BER above 8 dB with LS), while 
   DEBUG: 2026-03-27 09:30:20,938:      pdf_renderer.py:  470: printSegment: TR 38.901 UMi
   DEBUG: 2026-03-27 09:30:20,938:      pdf_renderer.py:  470: printSegment: 
   DEBUG: 2026-03-27 09:30:20,939:      pdf_renderer.py:  470: printSegment: produces a persistent BER floor (~3 x 10^-4).
   DEBUG: 2026-03-27 09:30:20,939:      pdf_renderer.py:  470: printSegment: l
   DEBUG: 2026-03-27 09:30:20,939:      pdf_renderer.py:  470: printSegment: Large factory environments
   DEBUG: 2026-03-27 09:30:20,940:      pdf_renderer.py:  470: printSegment:  (40x40 m) cause severe multipath degradation with BER stuck at
   DEBUG: 2026-03-27 09:30:20,941:      pdf_renderer.py:  470: printSegment: ~0.21 -- current estimation methods cannot cope.
   DEBUG: 2026-03-27 09:30:20,941:      pdf_renderer.py:  470: printSegment: l
   DEBUG: 2026-03-27 09:30:20,941:      pdf_renderer.py:  470: printSegment: A critical 
   DEBUG: 2026-03-27 09:30:20,941:      pdf_renderer.py:  470: printSegment: numerical bug
   DEBUG: 2026-03-27 09:30:20,942:      pdf_renderer.py:  470: printSegment:  in JIDD-SCMA Run 1 caused BER to rebound to 0.5 at high SNR; this
   DEBUG: 2026-03-27 09:30:20,943:      pdf_renderer.py:  470: printSegment: was fixed in Run 2.
   DEBUG: 2026-03-27 09:30:20,943:      pdf_renderer.py:  470: printSegment: 2. Simulation Setup
   DEBUG: 2026-03-27 09:30:20,943:      pdf_renderer.py:  470: printSegment: 2.1 OFDM Pipeline (Channel Estimator 
   DEBUG: 2026-03-27 09:30:20,944:      pdf_renderer.py:  470: printSegment: &
   DEBUG: 2026-03-27 09:30:20,944:      pdf_renderer.py:  470: printSegment:  Modulation Tests)
   DEBUG: 2026-03-27 09:30:20,944:      pdf_renderer.py:  470: printSegment: | Parameter | Value |
   DEBUG: 2026-03-27 09:30:20,944:      pdf_renderer.py:  470: printSegment:  
   DEBUG: 2026-03-27 09:30:20,945:      pdf_renderer.py:  470: printSegment: |---|---|
   DEBUG: 2026-03-27 09:30:20,945:      pdf_renderer.py:  470: printSegment:  
   DEBUG: 2026-03-27 09:30:20,945:      pdf_renderer.py:  470: printSegment: | Channel model | TR 38.901 UMi (default) |
   DEBUG: 2026-03-27 09:30:20,946:      pdf_renderer.py:  470: printSegment:  
   DEBUG: 2026-03-27 09:30:20,946:      pdf_renderer.py:  470: printSegment: | Carrier frequency | 3.5 GHz |
   DEBUG: 2026-03-27 09:30:20,946:      pdf_renderer.py:  470: printSegment:  
   DEBUG: 2026-03-27 09:30:20,947:      pdf_renderer.py:  470: printSegment: | FFT size |
   DEBUG: 2026-03-27 09:30:20,947:      pdf_renderer.py:  470: printSegment: 128 subcarriers |
   DEBUG: 2026-03-27 09:30:20,947:      pdf_renderer.py:  470: printSegment:  
   DEBUG: 2026-03-27 09:30:20,947:      pdf_renderer.py:  470: printSegment: | OFDM symbols | 14 per frame |
   DEBUG: 2026-03-27 09:30:20,948:      pdf_renderer.py:  470: printSegment:  
   DEBUG: 2026-03-27 09:30:20,948:      pdf_renderer.py:  470: printSegment: | Subcarrier spacing | 30 kHz |
   DEBUG: 2026-03-27 09:30:20,948:      pdf_renderer.py:  470: printSegment:  
   DEBUG: 2026-03-27 09:30:20,949:      pdf_renderer.py:  470: printSegment: | Modulation | QPSK (default),
   DEBUG: 2026-03-27 09:30:20,949:      pdf_renderer.py:  470: printSegment: 16-QAM, 64-QAM |
   DEBUG: 2026-03-27 09:30:20,949:      pdf_renderer.py:  470: printSegment:  
   DEBUG: 2026-03-27 09:30:20,950:      pdf_renderer.py:  470: printSegment: | Channel coding | 5G LDPC, rate 0.5 |
   DEBUG: 2026-03-27 09:30:20,950:      pdf_renderer.py:  470: printSegment:  
   DEBUG: 2026-03-27 09:30:20,950:      pdf_renderer.py:  470: printSegment: | LDPC decoding iterations | 20 |
   DEBUG: 2026-03-27 09:30:20,951:      pdf_renderer.py:  470: printSegment:  
   DEBUG: 2026-03-27 09:30:20,951:      pdf_renderer.py:  470: printSegment: | BS antennas | 8 |
   DEBUG: 2026-03-27 09:30:20,951:      pdf_renderer.py:  470: printSegment:  
   DEBUG: 2026-03-27 09:30:20,952:      pdf_renderer.py:  470: printSegment: | UT
   DEBUG: 2026-03-27 09:30:20,952:      pdf_renderer.py:  470: printSegment: antennas | 1 per UT |
   DEBUG: 2026-03-27 09:30:20,952:      pdf_renderer.py:  470: printSegment:  
   DEBUG: 2026-03-27 09:30:20,952:      pdf_renderer.py:  470: printSegment: | Batch size | 64 |
   DEBUG: 2026-03-27 09:30:20,953:      pdf_renderer.py:  470: printSegment:  
   DEBUG: 2026-03-27 09:30:20,953:      pdf_renderer.py:  470: printSegment: | Eb/N0 range | 0-20 dB (2 dB steps) |
   DEBUG: 2026-03-27 09:30:20,953:      pdf_renderer.py:  470: printSegment:  
   DEBUG: 2026-03-27 09:30:20,954:      pdf_renderer.py:  470: printSegment: | Stopping criterion | 100 block errors
   DEBUG: 2026-03-27 09:30:20,954:      pdf_renderer.py:  470: printSegment: per point, min 1M bits |
   DEBUG: 2026-03-27 09:30:20,955:      pdf_renderer.py:  470: printSegment:  
   DEBUG: 2026-03-27 09:30:20,955:      pdf_renderer.py:  470: printSegment: | Platform | Sionna + TensorFlow |
   DEBUG: 2026-03-27 09:30:20,955:      pdf_renderer.py:  470: printSegment: 2.2 Channel Estimators Evaluated
   DEBUG: 2026-03-27 09:30:20,956:      pdf_renderer.py:  470: printSegment: | Method | Description | Key Parameters |
   DEBUG: 2026-03-27 09:30:20,956:      pdf_renderer.py:  470: printSegment:  
   DEBUG: 2026-03-27 09:30:20,956:      pdf_renderer.py:  470: printSegment: |---|---|---|
   DEBUG: 2026-03-27 09:30:20,957:      pdf_renderer.py:  470: printSegment:  
   DEBUG: 2026-03-27 09:30:20,957:      pdf_renderer.py:  470: printSegment: | LS | Least Squares with linear interpolation | Baseline |
   DEBUG: 2026-03-27 09:30:20,958:      pdf_renderer.py:  470: printSegment:  
   DEBUG: 2026-03-27 09:30:20,959:      pdf_renderer.py:  470: printSegment: | PSO |
   DEBUG: 2026-03-27 09:30:20,959:      pdf_renderer.py:  470: printSegment: Particle Swarm Optimization (DFT/LMMSE blend) | 8 particles, 12 iterations |
   DEBUG: 2026-03-27 09:30:20,959:      pdf_renderer.py:  470: printSegment:  
   DEBUG: 2026-03-27 09:30:20,960:      pdf_renderer.py:  470: printSegment: | Adaptive | SNR-aware hybrid
   DEBUG: 2026-03-27 09:30:20,961:      pdf_renderer.py:  470: printSegment: (DFT/LMMSE switching) | Quality thresholds: 3-12 dB |
   DEBUG: 2026-03-27 09:30:20,961:      pdf_renderer.py:  470: printSegment:  
   DEBUG: 2026-03-27 09:30:20,961:      pdf_renderer.py:  470: printSegment: | ISTA | Iterative Shrinkage-Thresholding | 10 iterations |
   DEBUG: 2026-03-27 09:30:20,962:      pdf_renderer.py:  470: printSegment:  
   DEBUG: 2026-03-27 09:30:20,962:      pdf_renderer.py:  470: printSegment: |
   DEBUG: 2026-03-27 09:30:20,963:      pdf_renderer.py:  470: printSegment: Neural | Keras neural network | Pre-trained model |
   DEBUG: 2026-03-27 09:30:20,963:      pdf_renderer.py:  470: printSegment:  
   DEBUG: 2026-03-27 09:30:20,964:      pdf_renderer.py:  470: printSegment: | DFT | DFT-based delay-domain truncation | Tested on medium
   DEBUG: 2026-03-27 09:30:20,964:      pdf_renderer.py:  470: printSegment: factory |
   DEBUG: 2026-03-27 09:30:20,964:      pdf_renderer.py:  470: printSegment: 2.3 JIDD-SCMA System
   DEBUG: 2026-03-27 09:30:20,965:      pdf_renderer.py:  470: printSegment: | Parameter | Value |
   DEBUG: 2026-03-27 09:30:20,965:      pdf_renderer.py:  470: printSegment:  
   DEBUG: 2026-03-27 09:30:20,966:      pdf_renderer.py:  470: printSegment: |---|---|
   DEBUG: 2026-03-27 09:30:20,966:      pdf_renderer.py:  470: printSegment:  
   DEBUG: 2026-03-27 09:30:20,966:      pdf_renderer.py:  470: printSegment: | Multiple access | SCMA (6 users, 4 resources) |
   DEBUG: 2026-03-27 09:30:20,967:      pdf_renderer.py:  470: printSegment:  
   DEBUG: 2026-03-27 09:30:20,967:      pdf_renderer.py:  470: printSegment: | Channel coding | Polar code (N=256,
   DEBUG: 2026-03-27 09:30:20,967:      pdf_renderer.py:  470: printSegment: K=128) |
   DEBUG: 2026-03-27 09:30:20,968:      pdf_renderer.py:  470: printSegment:  
   DEBUG: 2026-03-27 09:30:20,968:      pdf_renderer.py:  470: printSegment: | Decoder | SCAN with alpha=0.6 |
   DEBUG: 2026-03-27 09:30:20,968:      pdf_renderer.py:  470: printSegment:  
   DEBUG: 2026-03-27 09:30:20,969:      pdf_renderer.py:  470: printSegment: | JIDD iterations | 5 |
   DEBUG: 2026-03-27 09:30:20,969:      pdf_renderer.py:  470: printSegment:  
   DEBUG: 2026-03-27 09:30:20,970:      pdf_renderer.py:  470: printSegment: | Channel | Rayleigh flat-fading |
   DEBUG: 2026-03-27 09:30:20,970:      pdf_renderer.py:  470: printSegment:  
   DEBUG: 2026-03-27 09:30:20,970:      pdf_renderer.py:  470: printSegment: | Channel
   DEBUG: 2026-03-27 09:30:20,971:      pdf_renderer.py:  470: printSegment: estimation | MMSE (Wiener filter) |
   DEBUG: 2026-03-27 09:30:20,971:      pdf_renderer.py:  470: printSegment:  
   DEBUG: 2026-03-27 09:30:20,972:      pdf_renderer.py:  470: printSegment: | Eb/N0 range | 1-20 dB (1 dB steps) |
   DEBUG: 2026-03-27 09:30:20,972:      pdf_renderer.py:  470: printSegment:  
   DEBUG: 2026-03-27 09:30:20,973:      pdf_renderer.py:  470: printSegment: | Stopping criterion | Min 100 bit errors,
   DEBUG: 2026-03-27 09:30:20,973:      pdf_renderer.py:  470: printSegment: max 50M bits per point |
   DEBUG: 2026-03-27 09:30:20,974:      pdf_renderer.py:  470: printSegment: 3. Channel Estimator Comparison
   DEBUG: 2026-03-27 09:30:20,974:      pdf_renderer.py:  470: printSegment: 3.1 BER Performance
   DEBUG: 2026-03-27 09:30:20,978:      pdf_renderer.py:  235: /app/reports/plots/estimator_ber_vs_ebno.png, 1295, 829
   DEBUG: 2026-03-27 09:30:20,990:      pdf_renderer.py:  470: printSegment: BER at Key Eb/N0 Points
   DEBUG: 2026-03-27 09:30:20,990:      pdf_renderer.py:  470: printSegment: | Eb/N0 (dB) | LS | PSO | Adaptive | ISTA | Neural | DFT
   DEBUG: 2026-03-27 09:30:20,991:      pdf_renderer.py:  470: printSegment: *
   DEBUG: 2026-03-27 09:30:20,991:      pdf_renderer.py:  470: printSegment:  |
   DEBUG: 2026-03-27 09:30:20,991:      pdf_renderer.py:  470: printSegment:  
   DEBUG: 2026-03-27 09:30:20,991:      pdf_renderer.py:  470: printSegment: |---|---|---|---|---|---|---|
   DEBUG: 2026-03-27 09:30:20,991:      pdf_renderer.py:  470: printSegment:  
   DEBUG: 2026-03-27 09:30:20,992:      pdf_renderer.py:  470: printSegment: | 0  | 2.42e-2 | 4.79e-3 | 4.84e-3 |
   DEBUG: 2026-03-27 09:30:20,992:      pdf_renderer.py:  470: printSegment: 3.95e-1 | 2.42e-2 | 8.77e-2 |
   DEBUG: 2026-03-27 09:30:20,993:      pdf_renderer.py:  470: printSegment:  
   DEBUG: 2026-03-27 09:30:20,993:      pdf_renderer.py:  470: printSegment: | 4  | 9.65e-4 | 2.60e-4 | 4.01e-4 | 1.76e-1 | 9.65e-4 | 1.88e-2 |
   DEBUG: 2026-03-27 09:30:20,993:      pdf_renderer.py:  470: printSegment:  
   DEBUG: 2026-03-27 09:30:20,994:      pdf_renderer.py:  470: printSegment: | 8  | 3.46e-4 | 4.94e-5 |
   DEBUG: 2026-03-27 09:30:20,994:      pdf_renderer.py:  470: printSegment: 5.13e-5 | 4.22e-2 | 3.46e-4 | 5.57e-3 |
   DEBUG: 2026-03-27 09:30:20,994:      pdf_renderer.py:  470: printSegment:  
   DEBUG: 2026-03-27 09:30:20,995:      pdf_renderer.py:  470: printSegment: | 12 | 2.82e-4 | 3.75e-5 | 2.94e-5 | 4.37e-3 | 2.82e-4 | 4.33e-3 |
   DEBUG: 2026-03-27 09:30:20,995:      pdf_renderer.py:  470: printSegment:  
   DEBUG: 2026-03-27 09:30:20,996:      pdf_renderer.py:  470: printSegment: | 16 | 3.22e-4 |
   DEBUG: 2026-03-27 09:30:20,996:      pdf_renderer.py:  470: printSegment: 4.20e-5 | 2.96e-5 | 6.34e-4 | 3.22e-4 | 6.39e-3 |
   DEBUG: 2026-03-27 09:30:20,996:      pdf_renderer.py:  470: printSegment:  
   DEBUG: 2026-03-27 09:30:20,996:      pdf_renderer.py:  470: printSegment: | 20 | 4.00e-4 | 3.94e-5 | 4.01e-5 | 3.26e-4 | 4.00e-4 | 7.78e-3 |
   DEBUG: 2026-03-27 09:30:20,997:      pdf_renderer.py:  470: printSegment: *
   DEBUG: 2026-03-27 09:30:20,997:      pdf_renderer.py:  470: printSegment: DFT was tested on the medium factory (25x25 m) rather than the small factory used by other methods.
   DEBUG: 2026-03-27 09:30:20,998:      pdf_renderer.py:  470: printSegment: Analysis:
   DEBUG: 2026-03-27 09:30:20,998:      pdf_renderer.py:  470: printSegment: l
   DEBUG: 2026-03-27 09:30:20,998:      pdf_renderer.py:  470: printSegment: Adaptive and PSO are the top performers
   DEBUG: 2026-03-27 09:30:21,006:      pdf_renderer.py:  470: printSegment: , both achieving BER floors of ~3-4 x 10^-5 -- roughly
   DEBUG: 2026-03-27 09:30:21,010:      pdf_renderer.py:  470: printSegment: 10x lower than LS. At 12 dB, Adaptive edges ahead (2.94e-5 vs 3.75e-5), but the difference is
   DEBUG: 2026-03-27 09:30:21,011:      pdf_renderer.py:  470: printSegment: within noise. PSO reaches its floor faster at low SNR (4.79e-3 at 0 dB vs 2.42e-2 for LS), suggesting
   DEBUG: 2026-03-27 09:30:21,011:      pdf_renderer.py:  470: printSegment: better noise resilience.
   DEBUG: 2026-03-27 09:30:21,012:      pdf_renderer.py:  470: printSegment: l
   DEBUG: 2026-03-27 09:30:21,012:      pdf_renderer.py:  470: printSegment: LS and Neural produce identical BER
   DEBUG: 2026-03-27 09:30:21,015:      pdf_renderer.py:  470: printSegment:  at every Eb/N0 point. The neural estimator has collapsed to
   DEBUG: 2026-03-27 09:30:21,017:      pdf_renderer.py:  470: printSegment: the LS solution and provides no benefit over the baseline. This likely indicates insufficient training
   DEBUG: 2026-03-27 09:30:21,017:      pdf_renderer.py:  470: printSegment: data diversity or model capacity.
   DEBUG: 2026-03-27 09:30:21,017:      pdf_renderer.py:  470: printSegment: l
   DEBUG: 2026-03-27 09:30:21,017:      pdf_renderer.py:  470: printSegment: ISTA
   DEBUG: 2026-03-27 09:30:21,020:      pdf_renderer.py:  470: printSegment:  starts poorly at low SNR (0.395 at 0 dB) but converges to ~3.3 x 10^-4 at 20 dB, comparable
   DEBUG: 2026-03-27 09:30:21,021:      pdf_renderer.py:  470: printSegment: to LS. Its iterative shrinkage approach needs a minimum SNR threshold (~8 dB) before becoming
   DEBUG: 2026-03-27 09:30:21,021:      pdf_renderer.py:  470: printSegment: competitive.
   DEBUG: 2026-03-27 09:30:21,022:      pdf_renderer.py:  470: printSegment: l
   DEBUG: 2026-03-27 09:30:21,022:      pdf_renderer.py:  470: printSegment: DFT
   DEBUG: 2026-03-27 09:30:21,025:      pdf_renderer.py:  470: printSegment:  has the worst BER floor (~4-8 x 10^-3) and actually degrades at higher SNR (rising from
   DEBUG: 2026-03-27 09:30:21,025:      pdf_renderer.py:  470: printSegment: 3.5e-3 at 10 dB to 7.8e-3 at 20 dB). Note: the medium factory comparison is not fully fair.
   DEBUG: 2026-03-27 09:30:21,026:      pdf_renderer.py:  470: printSegment: l
   DEBUG: 2026-03-27 09:30:21,026:      pdf_renderer.py:  470: printSegment: All methods except JIDD-SCMA exhibit a 
   DEBUG: 2026-03-27 09:30:21,026:      pdf_renderer.py:  470: printSegment: BER floor
   DEBUG: 2026-03-27 09:30:21,027:      pdf_renderer.py:  470: printSegment: , indicating channel estimation error
   DEBUG: 2026-03-27 09:30:21,027:      pdf_renderer.py:  470: printSegment: dominates over noise at high SNR.
   DEBUG: 2026-03-27 09:30:21,027:      pdf_renderer.py:  470: printSegment: 3.2 Latency
   DEBUG: 2026-03-27 09:30:21,028:      pdf_renderer.py:  235: /app/reports/plots/estimator_latency_vs_ebno.png, 1285, 829
   DEBUG: 2026-03-27 09:30:21,038:      pdf_renderer.py:  470: printSegment: | Method | Avg. Latency (ms) |
   DEBUG: 2026-03-27 09:30:21,038:      pdf_renderer.py:  470: printSegment:  
   DEBUG: 2026-03-27 09:30:21,039:      pdf_renderer.py:  470: printSegment: |---|---|
   DEBUG: 2026-03-27 09:30:21,039:      pdf_renderer.py:  470: printSegment:  
   DEBUG: 2026-03-27 09:30:21,039:      pdf_renderer.py:  470: printSegment: | LS | ~474 |
   DEBUG: 2026-03-27 09:30:21,039:      pdf_renderer.py:  470: printSegment:  
   DEBUG: 2026-03-27 09:30:21,040:      pdf_renderer.py:  470: printSegment: | PSO | ~469 |
   DEBUG: 2026-03-27 09:30:21,040:      pdf_renderer.py:  470: printSegment:  
   DEBUG: 2026-03-27 09:30:21,040:      pdf_renderer.py:  470: printSegment: | Adaptive | ~474 |
   DEBUG: 2026-03-27 09:30:21,040:      pdf_renderer.py:  470: printSegment:  
   DEBUG: 2026-03-27 09:30:21,040:      pdf_renderer.py:  470: printSegment: | ISTA | ~479 |
   DEBUG: 2026-03-27 09:30:21,041:      pdf_renderer.py:  470: printSegment:  
   DEBUG: 2026-03-27 09:30:21,041:      pdf_renderer.py:  470: printSegment: | Neural | ~474 |
   DEBUG: 2026-03-27 09:30:21,041:      pdf_renderer.py:  470: printSegment:  
   DEBUG: 2026-03-27 09:30:21,041:      pdf_renderer.py:  470: printSegment: |
   DEBUG: 2026-03-27 09:30:21,042:      pdf_renderer.py:  470: printSegment: DFT (medium) | ~818 |
   DEBUG: 2026-03-27 09:30:21,045:      pdf_renderer.py:  470: printSegment: Latency is stable across Eb/N0 for all methods. LS, PSO, Adaptive, ISTA, and Neural all cluster around 470-480
   DEBUG: 2026-03-27 09:30:21,045:      pdf_renderer.py:  470: printSegment: ms. DFT is 1.7x slower due to the medium factory configuration and DFT processing overhead.
   DEBUG: 2026-03-27 09:30:21,045:      pdf_renderer.py:  470: printSegment: 3.3 Runtime
   DEBUG: 2026-03-27 09:30:21,046:      pdf_renderer.py:  235: /app/reports/plots/estimator_runtime.png, 1308, 713
   DEBUG: 2026-03-27 09:30:21,054:      pdf_renderer.py:  470: printSegment: | Method | Total Runtime | Relative to LS |
   DEBUG: 2026-03-27 09:30:21,055:      pdf_renderer.py:  470: printSegment:  
   DEBUG: 2026-03-27 09:30:21,055:      pdf_renderer.py:  470: printSegment: |---|---|---|
   DEBUG: 2026-03-27 09:30:21,055:      pdf_renderer.py:  470: printSegment:  
   DEBUG: 2026-03-27 09:30:21,055:      pdf_renderer.py:  470: printSegment: | ISTA | 91.7 s | 0.11x |
   DEBUG: 2026-03-27 09:30:21,055:      pdf_renderer.py:  470: printSegment:  
   DEBUG: 2026-03-27 09:30:21,056:      pdf_renderer.py:  470: printSegment: | DFT | 96.5 s | 0.12x |
   DEBUG: 2026-03-27 09:30:21,056:      pdf_renderer.py:  470: printSegment:  
   DEBUG: 2026-03-27 09:30:21,056:      pdf_renderer.py:  470: printSegment: | LS | 817.7 s |
   DEBUG: 2026-03-27 09:30:21,056:      pdf_renderer.py:  470: printSegment: 1.0x |
   DEBUG: 2026-03-27 09:30:21,056:      pdf_renderer.py:  470: printSegment:  
   DEBUG: 2026-03-27 09:30:21,057:      pdf_renderer.py:  470: printSegment: | Neural | 817.4 s | 1.0x |
   DEBUG: 2026-03-27 09:30:21,057:      pdf_renderer.py:  470: printSegment:  
   DEBUG: 2026-03-27 09:30:21,057:      pdf_renderer.py:  470: printSegment: | Adaptive | 5,838 s | 7.1x |
   DEBUG: 2026-03-27 09:30:21,057:      pdf_renderer.py:  470: printSegment:  
   DEBUG: 2026-03-27 09:30:21,057:      pdf_renderer.py:  470: printSegment: | PSO | 82,703 s (23.0 h) | 101x |
   DEBUG: 2026-03-27 09:30:21,058:      pdf_renderer.py:  470: printSegment: l
   DEBUG: 2026-03-27 09:30:21,058:      pdf_renderer.py:  470: printSegment: ISTA and DFT are fastest
   DEBUG: 2026-03-27 09:30:21,059:      pdf_renderer.py:  470: printSegment:  (~92-97 s), about 9x faster than LS due to fewer Monte Carlo batches
   DEBUG: 2026-03-27 09:30:21,059:      pdf_renderer.py:  470: printSegment: needed.
   DEBUG: 2026-03-27 09:30:21,059:      pdf_renderer.py:  470: printSegment: l
   DEBUG: 2026-03-27 09:30:21,059:      pdf_renderer.py:  470: printSegment: Adaptive is 7x slower than LS
   DEBUG: 2026-03-27 09:30:21,060:      pdf_renderer.py:  470: printSegment:  but delivers 10x better BER -- a strong cost-benefit tradeoff.
   DEBUG: 2026-03-27 09:30:21,060:      pdf_renderer.py:  470: printSegment: l
   DEBUG: 2026-03-27 09:30:21,060:      pdf_renderer.py:  470: printSegment: PSO is 101x slower than LS
   DEBUG: 2026-03-27 09:30:21,062:      pdf_renderer.py:  470: printSegment:  for marginal improvement over Adaptive. The particle swarm
   DEBUG: 2026-03-27 09:30:21,062:      pdf_renderer.py:  470: printSegment: optimization explores many candidate solutions per batch, making it computationally expensive. 
   DEBUG: 2026-03-27 09:30:21,063:      pdf_renderer.py:  470: printSegment: Not recommended for production use.
   DEBUG: 2026-03-27 09:30:21,063:      pdf_renderer.py:  470: printSegment: l
   DEBUG: 2026-03-27 09:30:21,063:      pdf_renderer.py:  470: printSegment: LS and Neural have identical runtime
   DEBUG: 2026-03-27 09:30:21,064:      pdf_renderer.py:  470: printSegment: , confirming functional equivalence.
   DEBUG: 2026-03-27 09:30:21,064:      pdf_renderer.py:  470: printSegment: 4. Modulation Order Impact
   DEBUG: 2026-03-27 09:30:21,065:      pdf_renderer.py:  470: printSegment: 4.1 BER vs Modulation
   DEBUG: 2026-03-27 09:30:21,065:      pdf_renderer.py:  235: /app/reports/plots/modulation_ber_vs_ebno.png, 1295, 829
   DEBUG: 2026-03-27 09:30:21,076:      pdf_renderer.py:  470: printSegment: | Eb/N0 (dB) | QPSK | 16-QAM | 64-QAM |
   DEBUG: 2026-03-27 09:30:21,076:      pdf_renderer.py:  470: printSegment:  
   DEBUG: 2026-03-27 09:30:21,076:      pdf_renderer.py:  470: printSegment: |---|---|---|---|
   DEBUG: 2026-03-27 09:30:21,077:      pdf_renderer.py:  470: printSegment:  
   DEBUG: 2026-03-27 09:30:21,077:      pdf_renderer.py:  470: printSegment: | 0  | 2.42e-2 | 1.39e-1 | 2.31e-1 |
   DEBUG: 2026-03-27 09:30:21,077:      pdf_renderer.py:  470: printSegment:  
   DEBUG: 2026-03-27 09:30:21,077:      pdf_renderer.py:  470: printSegment: | 4  | 9.65e-4 | 1.14e-2 |
   DEBUG: 2026-03-27 09:30:21,078:      pdf_renderer.py:  470: printSegment: 6.83e-2 |
   DEBUG: 2026-03-27 09:30:21,078:      pdf_renderer.py:  470: printSegment:  
   DEBUG: 2026-03-27 09:30:21,078:      pdf_renderer.py:  470: printSegment: | 8  | 3.46e-4 | 2.49e-3 | 1.43e-2 |
   DEBUG: 2026-03-27 09:30:21,078:      pdf_renderer.py:  470: printSegment:  
   DEBUG: 2026-03-27 09:30:21,078:      pdf_renderer.py:  470: printSegment: | 12 | 2.82e-4 | 1.72e-3 | 8.13e-3 |
   DEBUG: 2026-03-27 09:30:21,079:      pdf_renderer.py:  470: printSegment:  
   DEBUG: 2026-03-27 09:30:21,079:      pdf_renderer.py:  470: printSegment: | 16 | 3.22e-4 | 1.66e-3 | 8.85e-3 |
   DEBUG: 2026-03-27 09:30:21,079:      pdf_renderer.py:  470: printSegment:  
   DEBUG: 2026-03-27 09:30:21,079:      pdf_renderer.py:  470: printSegment: | 20 |
   DEBUG: 2026-03-27 09:30:21,080:      pdf_renderer.py:  470: printSegment: 4.00e-4 | 1.45e-3 | 1.11e-2 |
   DEBUG: 2026-03-27 09:30:21,080:      pdf_renderer.py:  470: printSegment: All tests use the LS estimator on the TR 38.901 UMi channel.
   DEBUG: 2026-03-27 09:30:21,080:      pdf_renderer.py:  470: printSegment: Analysis:
   DEBUG: 2026-03-27 09:30:21,080:      pdf_renderer.py:  470: printSegment: l
   DEBUG: 2026-03-27 09:30:21,081:      pdf_renderer.py:  470: printSegment: BER floor scales with modulation order
   DEBUG: 2026-03-27 09:30:21,084:      pdf_renderer.py:  470: printSegment: : QPSK ~3 x 10^-4, 16-QAM ~1.5 x 10^-3 (5x worse),
   DEBUG: 2026-03-27 09:30:21,086:      pdf_renderer.py:  470: printSegment: 64-QAM ~1.1 x 10^-2 (37x worse). This is expected -- higher-order constellations have smaller
   DEBUG: 2026-03-27 09:30:21,086:      pdf_renderer.py:  470: printSegment: decision regions and are more sensitive to estimation errors.
   DEBUG: 2026-03-27 09:30:21,087:      pdf_renderer.py:  470: printSegment: l
   DEBUG: 2026-03-27 09:30:21,087:      pdf_renderer.py:  470: printSegment: 64-QAM BER increases at high SNR
   DEBUG: 2026-03-27 09:30:21,087:      pdf_renderer.py:  470: printSegment:  (from 8.1e-3 at 12 dB to 1.1e-2 at 20 dB), indicating the LS
   DEBUG: 2026-03-27 09:30:21,088:      pdf_renderer.py:  470: printSegment: estimator
   DEBUG: 2026-03-27 09:30:21,088:      pdf_renderer.py:  470: printSegment: '
   DEBUG: 2026-03-27 09:30:21,088:      pdf_renderer.py:  470: printSegment: s channel estimation error floor is especially damaging for dense constellations.
   DEBUG: 2026-03-27 09:30:21,088:      pdf_renderer.py:  470: printSegment: l
   DEBUG: 2026-03-27 09:30:21,089:      pdf_renderer.py:  470: printSegment: To use higher-order modulation effectively, a better estimator (Adaptive or PSO) would be needed.
   DEBUG: 2026-03-27 09:30:21,089:      pdf_renderer.py:  470: printSegment: 4.2 Latency vs Modulation
   DEBUG: 2026-03-27 09:30:21,090:      pdf_renderer.py:  235: /app/reports/plots/modulation_latency_vs_ebno.png, 1299, 829
   DEBUG: 2026-03-27 09:30:21,100:      pdf_renderer.py:  470: printSegment: | Modulation | Avg. Latency (ms) | Throughput (bits/batch) |
   DEBUG: 2026-03-27 09:30:21,100:      pdf_renderer.py:  470: printSegment:  
   DEBUG: 2026-03-27 09:30:21,100:      pdf_renderer.py:  470: printSegment: |---|---|---|
   DEBUG: 2026-03-27 09:30:21,100:      pdf_renderer.py:  470: printSegment:  
   DEBUG: 2026-03-27 09:30:21,101:      pdf_renderer.py:  470: printSegment: | QPSK (2 bits/sym) | 471 | ~393k |
   DEBUG: 2026-03-27 09:30:21,101:      pdf_renderer.py:  470: printSegment:  
   DEBUG: 2026-03-27 09:30:21,101:      pdf_renderer.py:  470: printSegment: | 16-QAM
   DEBUG: 2026-03-27 09:30:21,102:      pdf_renderer.py:  470: printSegment: (4 bits/sym) | 774 | ~785k |
   DEBUG: 2026-03-27 09:30:21,102:      pdf_renderer.py:  470: printSegment:  
   DEBUG: 2026-03-27 09:30:21,102:      pdf_renderer.py:  470: printSegment: | 64-QAM (6 bits/sym) | 1,690 | ~1.17M |
   DEBUG: 2026-03-27 09:30:21,105:      pdf_renderer.py:  470: printSegment: Latency scales roughly linearly with bits per symbol due to increased LDPC decoding complexity. Raw throughput
   DEBUG: 2026-03-27 09:30:21,105:      pdf_renderer.py:  470: printSegment: increases, but the higher BER means more retransmissions would be needed in practice.
   DEBUG: 2026-03-27 09:30:21,106:      pdf_renderer.py:  470: printSegment: 5. Channel Model Impact
   DEBUG: 2026-03-27 09:30:21,106:      pdf_renderer.py:  235: /app/reports/plots/channel_model_ber_vs_ebno.png, 1295, 829
   DEBUG: 2026-03-27 09:30:21,117:      pdf_renderer.py:  470: printSegment: | Eb/N0 (dB) | Rayleigh | Rician (K=1) | TR 38.901 UMi |
   DEBUG: 2026-03-27 09:30:21,117:      pdf_renderer.py:  470: printSegment:  
   DEBUG: 2026-03-27 09:30:21,117:      pdf_renderer.py:  470: printSegment: |---|---|---|---|
   DEBUG: 2026-03-27 09:30:21,117:      pdf_renderer.py:  470: printSegment:  
   DEBUG: 2026-03-27 09:30:21,118:      pdf_renderer.py:  470: printSegment: | 0  | 7.47e-3 | 9.17e-2 | 2.49e-2 |
   DEBUG: 2026-03-27 09:30:21,118:      pdf_renderer.py:  470: printSegment:  
   DEBUG: 2026-03-27 09:30:21,118:      pdf_renderer.py:  470: printSegment: | 4  | 5.30e-5
   DEBUG: 2026-03-27 09:30:21,118:      pdf_renderer.py:  470: printSegment: | 2.38e-3 | 1.18e-3 |
   DEBUG: 2026-03-27 09:30:21,119:      pdf_renderer.py:  470: printSegment:  
   DEBUG: 2026-03-27 09:30:21,119:      pdf_renderer.py:  470: printSegment: | 8  | 0 | 2.67e-5 | 3.70e-4 |
   DEBUG: 2026-03-27 09:30:21,119:      pdf_renderer.py:  470: printSegment:  
   DEBUG: 2026-03-27 09:30:21,119:      pdf_renderer.py:  470: printSegment: | 12 | 0 | 0 | 4.53e-4 |
   DEBUG: 2026-03-27 09:30:21,119:      pdf_renderer.py:  470: printSegment:  
   DEBUG: 2026-03-27 09:30:21,120:      pdf_renderer.py:  470: printSegment: | 16 | 0 | 0 | 3.94e-4 |
   DEBUG: 2026-03-27 09:30:21,120:      pdf_renderer.py:  470: printSegment:  
   DEBUG: 2026-03-27 09:30:21,120:      pdf_renderer.py:  470: printSegment: | 20 | 0 | 0 | 4.17e-4 |
   DEBUG: 2026-03-27 09:30:21,120:      pdf_renderer.py:  470: printSegment: All tests use the LS estimator with QPSK on the small factory.
   DEBUG: 2026-03-27 09:30:21,121:      pdf_renderer.py:  470: printSegment: Analysis:
   DEBUG: 2026-03-27 09:30:21,121:      pdf_renderer.py:  470: printSegment: l
   DEBUG: 2026-03-27 09:30:21,121:      pdf_renderer.py:  470: printSegment: Rayleigh is the easiest channel
   DEBUG: 2026-03-27 09:30:21,123:      pdf_renderer.py:  470: printSegment: , achieving zero BER above 8 dB. The frequency-flat fading with
   DEBUG: 2026-03-27 09:30:21,123:      pdf_renderer.py:  470: printSegment: independent realizations is well-suited to LS estimation with pilot-based interpolation.
   DEBUG: 2026-03-27 09:30:21,123:      pdf_renderer.py:  470: printSegment: l
   DEBUG: 2026-03-27 09:30:21,124:      pdf_renderer.py:  470: printSegment: Rician (K=1)
   DEBUG: 2026-03-27 09:30:21,125:      pdf_renderer.py:  470: printSegment:  reaches zero BER above 12 dB. The line-of-sight component helps, but the specular
   DEBUG: 2026-03-27 09:30:21,125:      pdf_renderer.py:  470: printSegment: path introduces estimation challenges at low SNR.
   DEBUG: 2026-03-27 09:30:21,126:      pdf_renderer.py:  470: printSegment: l
   DEBUG: 2026-03-27 09:30:21,126:      pdf_renderer.py:  470: printSegment: TR 38.901 UMi
   DEBUG: 2026-03-27 09:30:21,130:      pdf_renderer.py:  470: printSegment:  is the hardest channel with a persistent BER floor of ~3-4 x 10^-4. The 3GPP
   DEBUG: 2026-03-27 09:30:21,132:      pdf_renderer.py:  470: printSegment: model includes realistic multipath, delay spread, and spatial correlation that LS cannot fully track.
   DEBUG: 2026-03-27 09:30:21,133:      pdf_renderer.py:  470: printSegment: This is the most realistic scenario for factory deployments.
   DEBUG: 2026-03-27 09:30:21,133:      pdf_renderer.py:  470: printSegment: l
   DEBUG: 2026-03-27 09:30:21,138:      pdf_renderer.py:  470: printSegment: The zero-BER results on Rayleigh/Rician suggest that the LDPC code is powerful enough to correct
   DEBUG: 2026-03-27 09:30:21,139:      pdf_renderer.py:  470: printSegment: residual errors when channel estimation is sufficiently accurate. The BER floor on TR 38.901 is due
   DEBUG: 2026-03-27 09:30:21,140:      pdf_renderer.py:  470: printSegment: to estimation limitations, not coding weakness.
   DEBUG: 2026-03-27 09:30:21,140:      pdf_renderer.py:  470: printSegment: 6. Factory Size Impact
   DEBUG: 2026-03-27 09:30:21,141:      pdf_renderer.py:  235: /app/reports/plots/factory_size_ber_vs_ebno.png, 1295, 829
   DEBUG: 2026-03-27 09:30:21,151:      pdf_renderer.py:  470: printSegment: | Eb/N0 (dB) | Small (15x15 m) | Medium (25x25 m) | Large (40x40 m) |
   DEBUG: 2026-03-27 09:30:21,152:      pdf_renderer.py:  470: printSegment:  
   DEBUG: 2026-03-27 09:30:21,152:      pdf_renderer.py:  470: printSegment: |---|---|---|---|
   DEBUG: 2026-03-27 09:30:21,152:      pdf_renderer.py:  470: printSegment:  
   DEBUG: 2026-03-27 09:30:21,152:      pdf_renderer.py:  470: printSegment: | 0  | 2.42e-2 | 1.18e-1 |
   DEBUG: 2026-03-27 09:30:21,153:      pdf_renderer.py:  470: printSegment: 2.78e-1 |
   DEBUG: 2026-03-27 09:30:21,153:      pdf_renderer.py:  470: printSegment:  
   DEBUG: 2026-03-27 09:30:21,153:      pdf_renderer.py:  470: printSegment: | 4  | 9.65e-4 | 2.62e-2 | 2.45e-1 |
   DEBUG: 2026-03-27 09:30:21,153:      pdf_renderer.py:  470: printSegment:  
   DEBUG: 2026-03-27 09:30:21,153:      pdf_renderer.py:  470: printSegment: | 8  | 3.46e-4 | 9.66e-3 | 2.26e-1 |
   DEBUG: 2026-03-27 09:30:21,154:      pdf_renderer.py:  470: printSegment:  
   DEBUG: 2026-03-27 09:30:21,154:      pdf_renderer.py:  470: printSegment: | 12 | 2.82e-4 | 6.35e-3 | 2.16e-1 |
   DEBUG: 2026-03-27 09:30:21,154:      pdf_renderer.py:  470: printSegment:  
   DEBUG: 2026-03-27 09:30:21,154:      pdf_renderer.py:  470: printSegment: | 16 |
   DEBUG: 2026-03-27 09:30:21,155:      pdf_renderer.py:  470: printSegment: 3.22e-4 | 7.09e-3 | 2.12e-1 |
   DEBUG: 2026-03-27 09:30:21,155:      pdf_renderer.py:  470: printSegment:  
   DEBUG: 2026-03-27 09:30:21,155:      pdf_renderer.py:  470: printSegment: | 20 | 4.00e-4 | 1.11e-2 | 2.10e-1 |
   DEBUG: 2026-03-27 09:30:21,155:      pdf_renderer.py:  470: printSegment: All tests use the LS estimator with QPSK on the TR 38.901 UMi channel.
   DEBUG: 2026-03-27 09:30:21,156:      pdf_renderer.py:  470: printSegment: | Factory | Dimensions | Machines | UTs | Avg. Latency |
   DEBUG: 2026-03-27 09:30:21,156:      pdf_renderer.py:  470: printSegment:  
   DEBUG: 2026-03-27 09:30:21,156:      pdf_renderer.py:  470: printSegment: |---|---|---|---|---|
   DEBUG: 2026-03-27 09:30:21,156:      pdf_renderer.py:  470: printSegment:  
   DEBUG: 2026-03-27 09:30:21,156:      pdf_renderer.py:  470: printSegment: | Small | 15x15x5 m | 5 | 4 | 484 ms |
   DEBUG: 2026-03-27 09:30:21,157:      pdf_renderer.py:  470: printSegment:  
   DEBUG: 2026-03-27 09:30:21,157:      pdf_renderer.py:  470: printSegment: |
   DEBUG: 2026-03-27 09:30:21,157:      pdf_renderer.py:  470: printSegment: Medium | 25x25x6 m | 10 | 8 | 809 ms |
   DEBUG: 2026-03-27 09:30:21,158:      pdf_renderer.py:  470: printSegment:  
   DEBUG: 2026-03-27 09:30:21,158:      pdf_renderer.py:  470: printSegment: | Large | 40x40x8 m | 20 | 16 | 1,727 ms |
   DEBUG: 2026-03-27 09:30:21,158:      pdf_renderer.py:  470: printSegment: Analysis:
   DEBUG: 2026-03-27 09:30:21,158:      pdf_renderer.py:  470: printSegment: l
   DEBUG: 2026-03-27 09:30:21,159:      pdf_renderer.py:  470: printSegment: Small factory
   DEBUG: 2026-03-27 09:30:21,159:      pdf_renderer.py:  470: printSegment:  performs as expected with a BER floor of ~3 x 10^-4.
   DEBUG: 2026-03-27 09:30:21,159:      pdf_renderer.py:  470: printSegment: l
   DEBUG: 2026-03-27 09:30:21,160:      pdf_renderer.py:  470: printSegment: Medium factory
   DEBUG: 2026-03-27 09:30:21,163:      pdf_renderer.py:  470: printSegment:  is 20-30x worse (BER floor ~6-11 x 10^-3). More machines create additional
   DEBUG: 2026-03-27 09:30:21,163:      pdf_renderer.py:  470: printSegment: multipath, more UTs increase interference, and the 8-antenna BS has less spatial degrees of freedom
   DEBUG: 2026-03-27 09:30:21,164:      pdf_renderer.py:  470: printSegment: per user.
   DEBUG: 2026-03-27 09:30:21,164:      pdf_renderer.py:  470: printSegment: l
   DEBUG: 2026-03-27 09:30:21,164:      pdf_renderer.py:  470: printSegment: Large factory
   DEBUG: 2026-03-27 09:30:21,168:      pdf_renderer.py:  470: printSegment:  is catastrophic: BER is stuck at ~0.21 across all SNR levels. The LS estimator cannot
   DEBUG: 2026-03-27 09:30:21,169:      pdf_renderer.py:  470: printSegment: cope with 16 UTs on 8 BS antennas (under-determined system), severe multipath from 20 machines,
   DEBUG: 2026-03-27 09:30:21,170:      pdf_renderer.py:  470: printSegment: and the larger propagation distances. 
   DEBUG: 2026-03-27 09:30:21,170:      pdf_renderer.py:  470: printSegment: This configuration is fundamentally broken and needs
   DEBUG: 2026-03-27 09:30:21,171:      pdf_renderer.py:  470: printSegment: architectural changes
   DEBUG: 2026-03-27 09:30:21,171:      pdf_renderer.py:  470: printSegment:  (more BS antennas, distributed MIMO, or user scheduling to reduce
   DEBUG: 2026-03-27 09:30:21,171:      pdf_renderer.py:  470: printSegment: simultaneous UTs).
   DEBUG: 2026-03-27 09:30:21,172:      pdf_renderer.py:  470: printSegment: l
   DEBUG: 2026-03-27 09:30:21,172:      pdf_renderer.py:  470: printSegment: Latency scales with factory size due to more UTs and larger resource grids.
   DEBUG: 2026-03-27 09:30:21,172:      pdf_renderer.py:  470: printSegment: 7. JIDD-SCMA Analysis
   DEBUG: 2026-03-27 09:30:21,173:      pdf_renderer.py:  470: printSegment: 7.1 Bug Fix Impact
   DEBUG: 2026-03-27 09:30:21,174:      pdf_renderer.py:  235: /app/reports/plots/jidd_ber_comparison.png, 1295, 829
   DEBUG: 2026-03-27 09:30:21,184:      pdf_renderer.py:  470: printSegment: | | Run 1 (buggy) | Run 2 (fixed) |
   DEBUG: 2026-03-27 09:30:21,184:      pdf_renderer.py:  470: printSegment:  
   DEBUG: 2026-03-27 09:30:21,184:      pdf_renderer.py:  470: printSegment: |---|---|---|
   DEBUG: 2026-03-27 09:30:21,184:      pdf_renderer.py:  470: printSegment:  
   DEBUG: 2026-03-27 09:30:21,184:      pdf_renderer.py:  470: printSegment: | Date | 2026-03-20 08:34 | 2026-03-20 17:10 |
   DEBUG: 2026-03-27 09:30:21,185:      pdf_renderer.py:  470: printSegment:  
   DEBUG: 2026-03-27 09:30:21,185:      pdf_renderer.py:  470: printSegment: | Total runtime | 20,615 s
   DEBUG: 2026-03-27 09:30:21,185:      pdf_renderer.py:  470: printSegment: (~5.7 h) | 132,460 s (~36.8 h) |
   DEBUG: 2026-03-27 09:30:21,186:      pdf_renderer.py:  470: printSegment:  
   DEBUG: 2026-03-27 09:30:21,186:      pdf_renderer.py:  470: printSegment: | Total bits tested | 71.8M | 621M |
   DEBUG: 2026-03-27 09:30:21,186:      pdf_renderer.py:  470: printSegment:  
   DEBUG: 2026-03-27 09:30:21,186:      pdf_renderer.py:  470: printSegment: | BER at 8 dB | 6.1e-6 | 6.1e-6 |
   DEBUG: 2026-03-27 09:30:21,187:      pdf_renderer.py:  470: printSegment:  
   DEBUG: 2026-03-27 09:30:21,187:      pdf_renderer.py:  470: printSegment: | BER at 10 dB |
   DEBUG: 2026-03-27 09:30:21,187:      pdf_renderer.py:  470: printSegment: 2.6e-3 | 2.8e-7 |
   DEBUG: 2026-03-27 09:30:21,187:      pdf_renderer.py:  470: printSegment:  
   DEBUG: 2026-03-27 09:30:21,187:      pdf_renderer.py:  470: printSegment: | BER at 13 dB | 0.486 | 0 |
   DEBUG: 2026-03-27 09:30:21,188:      pdf_renderer.py:  470: printSegment:  
   DEBUG: 2026-03-27 09:30:21,188:      pdf_renderer.py:  470: printSegment: | BER at 20 dB | 0.500 | 0 |
   DEBUG: 2026-03-27 09:30:21,188:      pdf_renderer.py:  470: printSegment: Run 1
   DEBUG: 2026-03-27 09:30:21,189:      pdf_renderer.py:  470: printSegment:  had a critical numerical bug: BER drops normally through the waterfall region (1-9 dB), reaches zero at 9 dB,
   DEBUG: 2026-03-27 09:30:21,189:      pdf_renderer.py:  470: printSegment: but then 
   DEBUG: 2026-03-27 09:30:21,190:      pdf_renderer.py:  470: printSegment: rebounds to ~0.5
   DEBUG: 2026-03-27 09:30:21,191:      pdf_renderer.py:  470: printSegment:  from 10-20 dB. A BER of 0.5 means random guessing -- the decoder output is
   DEBUG: 2026-03-27 09:30:21,192:      pdf_renderer.py:  470: printSegment: uncorrelated with the input. Root cause: the log-likelihood computation 
   DEBUG: 2026-03-27 09:30:21,192:      pdf_renderer.py:  470: printSegment: f = -(1/N0) * |y - signal|^2
   DEBUG: 2026-03-27 09:30:21,193:      pdf_renderer.py:  470: printSegment: 
   DEBUG: 2026-03-27 09:30:21,193:      pdf_renderer.py:  470: printSegment: overflows when N0 approaches zero at high SNR.
   DEBUG: 2026-03-27 09:30:21,194:      pdf_renderer.py:  470: printSegment: Run 2
   DEBUG: 2026-03-27 09:30:21,195:      pdf_renderer.py:  470: printSegment:  resolved this: BER drops monotonically and remains at 0 above 9 dB. Each high-SNR point was tested with
   DEBUG: 2026-03-27 09:30:21,195:      pdf_renderer.py:  470: printSegment: 50M bits, confirming BER 
   DEBUG: 2026-03-27 09:30:21,195:      pdf_renderer.py:  470: printSegment: <
   DEBUG: 2026-03-27 09:30:21,196:      pdf_renderer.py:  470: printSegment:  6e-8 (upper bound).
   DEBUG: 2026-03-27 09:30:21,196:      pdf_renderer.py:  470: printSegment: 7.2 JIDD-SCMA Waterfall Performance (Run 2)
   DEBUG: 2026-03-27 09:30:21,196:      pdf_renderer.py:  470: printSegment: | Eb/N0 (dB) | BER | Bit Errors | Total Bits |
   DEBUG: 2026-03-27 09:30:21,197:      pdf_renderer.py:  470: printSegment:  
   DEBUG: 2026-03-27 09:30:21,197:      pdf_renderer.py:  470: printSegment: |---|---|---|---|
   DEBUG: 2026-03-27 09:30:21,197:      pdf_renderer.py:  470: printSegment:  
   DEBUG: 2026-03-27 09:30:21,197:      pdf_renderer.py:  470: printSegment: | 1 | 0.474 | 24,045 | 50,688 |
   DEBUG: 2026-03-27 09:30:21,198:      pdf_renderer.py:  470: printSegment:  
   DEBUG: 2026-03-27 09:30:21,198:      pdf_renderer.py:  470: printSegment: | 3 | 0.440 | 22,286 | 50,688 |
   DEBUG: 2026-03-27 09:30:21,198:      pdf_renderer.py:  470: printSegment:  
   DEBUG: 2026-03-27 09:30:21,199:      pdf_renderer.py:  470: printSegment: |
   DEBUG: 2026-03-27 09:30:21,199:      pdf_renderer.py:  470: printSegment: 5 | 0.090 | 4,557 | 50,688 |
   DEBUG: 2026-03-27 09:30:21,199:      pdf_renderer.py:  470: printSegment:  
   DEBUG: 2026-03-27 09:30:21,199:      pdf_renderer.py:  470: printSegment: | 6 | 2.94e-3 | 149 | 50,688 |
   DEBUG: 2026-03-27 09:30:21,200:      pdf_renderer.py:  470: printSegment:  
   DEBUG: 2026-03-27 09:30:21,200:      pdf_renderer.py:  470: printSegment: | 7 | 1.41e-4 | 128 | 907,008 |
   DEBUG: 2026-03-27 09:30:21,200:      pdf_renderer.py:  470: printSegment:  
   DEBUG: 2026-03-27 09:30:21,200:      pdf_renderer.py:  470: printSegment: | 8 | 6.10e-6 | 122 | 19,987,968 |
   DEBUG: 2026-03-27 09:30:21,201:      pdf_renderer.py:  470: printSegment:  
   DEBUG: 2026-03-27 09:30:21,201:      pdf_renderer.py:  470: printSegment: |
   DEBUG: 2026-03-27 09:30:21,201:      pdf_renderer.py:  470: printSegment: 9 | 0 | 0 | 50,000,640 |
   DEBUG: 2026-03-27 09:30:21,202:      pdf_renderer.py:  470: printSegment:  
   DEBUG: 2026-03-27 09:30:21,202:      pdf_renderer.py:  470: printSegment: | 10 | 2.80e-7 | 14 | 50,000,640 |
   DEBUG: 2026-03-27 09:30:21,202:      pdf_renderer.py:  470: printSegment:  
   DEBUG: 2026-03-27 09:30:21,202:      pdf_renderer.py:  470: printSegment: | 12-20 | 0 | 0 | 50,000,640 each |
   DEBUG: 2026-03-27 09:30:21,203:      pdf_renderer.py:  470: printSegment: The waterfall region spans 5-8 dB with BER dropping 
   DEBUG: 2026-03-27 09:30:21,203:      pdf_renderer.py:  470: printSegment: 5 orders of magnitude in 3 dB
   DEBUG: 2026-03-27 09:30:21,206:      pdf_renderer.py:  470: printSegment: . This steep slope is
   DEBUG: 2026-03-27 09:30:21,207:      pdf_renderer.py:  470: printSegment: characteristic of the joint iterative processing where the polar code SCAN decoder and SCMA MPA detector
   DEBUG: 2026-03-27 09:30:21,208:      pdf_renderer.py:  470: printSegment: reinforce each other through message passing.
   DEBUG: 2026-03-27 09:30:21,208:      pdf_renderer.py:  470: printSegment: 8. Cross-System Comparison
   DEBUG: 2026-03-27 09:30:21,209:      pdf_renderer.py:  470: printSegment: 8.1 BER Comparison
   DEBUG: 2026-03-27 09:30:21,209:      pdf_renderer.py:  235: /app/reports/plots/combined_ber.png, 1295, 829
   DEBUG: 2026-03-27 09:30:21,220:      pdf_renderer.py:  470: printSegment: | Aspect | LS (baseline) | Adaptive | PSO | JIDD-SCMA |
   DEBUG: 2026-03-27 09:30:21,220:      pdf_renderer.py:  470: printSegment:  
   DEBUG: 2026-03-27 09:30:21,221:      pdf_renderer.py:  470: printSegment: |---|---|---|---|---|
   DEBUG: 2026-03-27 09:30:21,221:      pdf_renderer.py:  470: printSegment:  
   DEBUG: 2026-03-27 09:30:21,221:      pdf_renderer.py:  470: printSegment: | BER at 6 dB | 4.6e-4 | 7.8e-5 | 8.5e-5 |
   DEBUG: 2026-03-27 09:30:21,221:      pdf_renderer.py:  470: printSegment: 2.9e-3 |
   DEBUG: 2026-03-27 09:30:21,222:      pdf_renderer.py:  470: printSegment:  
   DEBUG: 2026-03-27 09:30:21,222:      pdf_renderer.py:  470: printSegment: | BER at 8 dB | 3.5e-4 | 5.1e-5 | 4.9e-5 | 6.1e-6 |
   DEBUG: 2026-03-27 09:30:21,222:      pdf_renderer.py:  470: printSegment:  
   DEBUG: 2026-03-27 09:30:21,222:      pdf_renderer.py:  470: printSegment: | BER at 10 dB | 3.0e-4 | 4.4e-5 | 4.7e-5 | ~0 |
   DEBUG: 2026-03-27 09:30:21,222:      pdf_renderer.py:  470: printSegment:  
   DEBUG: 2026-03-27 09:30:21,223:      pdf_renderer.py:  470: printSegment: | BER floor |
   DEBUG: 2026-03-27 09:30:21,223:      pdf_renderer.py:  470: printSegment: ~3e-4 | ~3e-5 | ~4e-5 | 0 (within 50M bits) |
   DEBUG: 2026-03-27 09:30:21,224:      pdf_renderer.py:  470: printSegment:  
   DEBUG: 2026-03-27 09:30:21,224:      pdf_renderer.py:  470: printSegment: | Architecture | OFDM+LDPC | OFDM+LDPC | OFDM+LDPC |
   DEBUG: 2026-03-27 09:30:21,224:      pdf_renderer.py:  470: printSegment: SCMA+Polar+JIDD |
   DEBUG: 2026-03-27 09:30:21,225:      pdf_renderer.py:  470: printSegment: Key observations:
   DEBUG: 2026-03-27 09:30:21,225:      pdf_renderer.py:  470: printSegment: l
   DEBUG: 2026-03-27 09:30:21,225:      pdf_renderer.py:  470: printSegment: JIDD-SCMA achieves the lowest absolute BER
   DEBUG: 2026-03-27 09:30:21,230:      pdf_renderer.py:  470: printSegment:  at moderate-to-high SNR, reaching effectively
   DEBUG: 2026-03-27 09:30:21,232:      pdf_renderer.py:  470: printSegment: zero errors above 9 dB. However, it has the worst BER below 6 dB because the SCMA system is
   DEBUG: 2026-03-27 09:30:21,232:      pdf_renderer.py:  470: printSegment: designed for the multi-user overloaded regime rather than low-SNR operation.
   DEBUG: 2026-03-27 09:30:21,232:      pdf_renderer.py:  470: printSegment: l
   DEBUG: 2026-03-27 09:30:21,232:      pdf_renderer.py:  470: printSegment: Adaptive and PSO
   DEBUG: 2026-03-27 09:30:21,233:      pdf_renderer.py:  470: printSegment:  provide the best BER among OFDM-based methods but still have an error floor
   DEBUG: 2026-03-27 09:30:21,234:      pdf_renderer.py:  470: printSegment: that JIDD-SCMA does not exhibit.
   DEBUG: 2026-03-27 09:30:21,234:      pdf_renderer.py:  470: printSegment: l
   DEBUG: 2026-03-27 09:30:21,234:      pdf_renderer.py:  470: printSegment: The two system types are 
   DEBUG: 2026-03-27 09:30:21,234:      pdf_renderer.py:  470: printSegment: not directly comparable
   DEBUG: 2026-03-27 09:30:21,236:      pdf_renderer.py:  470: printSegment:  -- different modulation, coding, and multiple
   DEBUG: 2026-03-27 09:30:21,237:      pdf_renderer.py:  470: printSegment: access. But the comparison illustrates the BER advantage of joint processing vs. separate
   DEBUG: 2026-03-27 09:30:21,237:      pdf_renderer.py:  470: printSegment: estimation-then-decoding.
   DEBUG: 2026-03-27 09:30:21,237:      pdf_renderer.py:  470: printSegment: 8.2 Runtime Comparison
   DEBUG: 2026-03-27 09:30:21,238:      pdf_renderer.py:  235: /app/reports/plots/runtime_comparison.png, 1446, 716
   DEBUG: 2026-03-27 09:30:21,247:      pdf_renderer.py:  470: printSegment: | Method | Total Runtime | Relative to LS |
   DEBUG: 2026-03-27 09:30:21,247:      pdf_renderer.py:  470: printSegment:  
   DEBUG: 2026-03-27 09:30:21,248:      pdf_renderer.py:  470: printSegment: |---|---|---|
   DEBUG: 2026-03-27 09:30:21,248:      pdf_renderer.py:  470: printSegment:  
   DEBUG: 2026-03-27 09:30:21,248:      pdf_renderer.py:  470: printSegment: | ISTA | 91.7 s | 0.11x |
   DEBUG: 2026-03-27 09:30:21,248:      pdf_renderer.py:  470: printSegment:  
   DEBUG: 2026-03-27 09:30:21,248:      pdf_renderer.py:  470: printSegment: | DFT | 96.5 s | 0.12x |
   DEBUG: 2026-03-27 09:30:21,249:      pdf_renderer.py:  470: printSegment:  
   DEBUG: 2026-03-27 09:30:21,249:      pdf_renderer.py:  470: printSegment: | LS | 817.7 s |
   DEBUG: 2026-03-27 09:30:21,249:      pdf_renderer.py:  470: printSegment: 1.0x |
   DEBUG: 2026-03-27 09:30:21,249:      pdf_renderer.py:  470: printSegment:  
   DEBUG: 2026-03-27 09:30:21,249:      pdf_renderer.py:  470: printSegment: | Neural | 817.4 s | 1.0x |
   DEBUG: 2026-03-27 09:30:21,249:      pdf_renderer.py:  470: printSegment:  
   DEBUG: 2026-03-27 09:30:21,250:      pdf_renderer.py:  470: printSegment: | Adaptive | 5,838 s (1.6 h) | 7.1x |
   DEBUG: 2026-03-27 09:30:21,250:      pdf_renderer.py:  470: printSegment:  
   DEBUG: 2026-03-27 09:30:21,250:      pdf_renderer.py:  470: printSegment: | JIDD Run 1 | 20,615 s (5.7 h) | 25x |
   DEBUG: 2026-03-27 09:30:21,250:      pdf_renderer.py:  470: printSegment:  
   DEBUG: 2026-03-27 09:30:21,251:      pdf_renderer.py:  470: printSegment: | PSO |
   DEBUG: 2026-03-27 09:30:21,251:      pdf_renderer.py:  470: printSegment: 82,703 s (23.0 h) | 101x |
   DEBUG: 2026-03-27 09:30:21,251:      pdf_renderer.py:  470: printSegment:  
   DEBUG: 2026-03-27 09:30:21,251:      pdf_renderer.py:  470: printSegment: | JIDD Run 2 | 132,460 s (36.8 h) | 162x |
   DEBUG: 2026-03-27 09:30:21,254:      pdf_renderer.py:  470: printSegment: JIDD Run 2 is expensive primarily because it tests 50M bits per high-SNR point to confirm zero errors. The
   DEBUG: 2026-03-27 09:30:21,254:      pdf_renderer.py:  470: printSegment: per-frame cost of JIDD (iterative MPA+SCAN) is also inherently higher than single-pass estimation.
   DEBUG: 2026-03-27 09:30:21,255:      pdf_renderer.py:  470: printSegment: 9. Summary of Findings
   DEBUG: 2026-03-27 09:30:21,255:      pdf_renderer.py:  470: printSegment: | # | Finding | Impact |
   DEBUG: 2026-03-27 09:30:21,255:      pdf_renderer.py:  470: printSegment:  
   DEBUG: 2026-03-27 09:30:21,256:      pdf_renderer.py:  470: printSegment: |---|---|---|
   DEBUG: 2026-03-27 09:30:21,256:      pdf_renderer.py:  470: printSegment:  
   DEBUG: 2026-03-27 09:30:21,256:      pdf_renderer.py:  470: printSegment: | 1 | Adaptive is the best estimator (BER ~3e-5) | Default choice for OFDM pipeline
   DEBUG: 2026-03-27 09:30:21,256:      pdf_renderer.py:  470: printSegment: |
   DEBUG: 2026-03-27 09:30:21,257:      pdf_renderer.py:  470: printSegment:  
   DEBUG: 2026-03-27 09:30:21,257:      pdf_renderer.py:  470: printSegment: | 2 | PSO matches Adaptive but costs 14x more runtime | Not practical for production |
   DEBUG: 2026-03-27 09:30:21,257:      pdf_renderer.py:  470: printSegment:  
   DEBUG: 2026-03-27 09:30:21,258:      pdf_renderer.py:  470: printSegment: | 3 | Neural estimator = LS
   DEBUG: 2026-03-27 09:30:21,259:      pdf_renderer.py:  470: printSegment: (no learning occurred) | Needs retraining or architectural changes |
   DEBUG: 2026-03-27 09:30:21,259:      pdf_renderer.py:  470: printSegment:  
   DEBUG: 2026-03-27 09:30:21,260:      pdf_renderer.py:  470: printSegment: | 4 | JIDD-SCMA achieves zero BER above 9 dB
   DEBUG: 2026-03-27 09:30:21,260:      pdf_renderer.py:  470: printSegment: | Best for URLLC scenarios |
   DEBUG: 2026-03-27 09:30:21,260:      pdf_renderer.py:  470: printSegment:  
   DEBUG: 2026-03-27 09:30:21,260:      pdf_renderer.py:  470: printSegment: | 5 | JIDD-SCMA had a critical N0-overflow bug | Fixed; needs numerical guards |
   DEBUG: 2026-03-27 09:30:21,261:      pdf_renderer.py:  470: printSegment:  
   DEBUG: 2026-03-27 09:30:21,262:      pdf_renderer.py:  470: printSegment: | 6 |
   DEBUG: 2026-03-27 09:30:21,262:      pdf_renderer.py:  470: printSegment: 64-QAM BER floor is 37x worse than QPSK | Higher modulation needs better estimation |
   DEBUG: 2026-03-27 09:30:21,262:      pdf_renderer.py:  470: printSegment:  
   DEBUG: 2026-03-27 09:30:21,263:      pdf_renderer.py:  470: printSegment: | 7 | TR 38.901 is hardest
   DEBUG: 2026-03-27 09:30:21,264:      pdf_renderer.py:  470: printSegment: channel (BER floor ~3e-4) | Realistic factory scenario |
   DEBUG: 2026-03-27 09:30:21,264:      pdf_renderer.py:  470: printSegment:  
   DEBUG: 2026-03-27 09:30:21,265:      pdf_renderer.py:  470: printSegment: | 8 | Rayleigh/Rician achieve zero BER at high SNR | LDPC
   DEBUG: 2026-03-27 09:30:21,265:      pdf_renderer.py:  470: printSegment: coding is not the bottleneck |
   DEBUG: 2026-03-27 09:30:21,265:      pdf_renderer.py:  470: printSegment:  
   DEBUG: 2026-03-27 09:30:21,266:      pdf_renderer.py:  470: printSegment: | 9 | Large factory BER ~0.21 at all SNR | System is fundamentally broken at this scale
   DEBUG: 2026-03-27 09:30:21,266:      pdf_renderer.py:  470: printSegment: |
   DEBUG: 2026-03-27 09:30:21,266:      pdf_renderer.py:  470: printSegment:  
   DEBUG: 2026-03-27 09:30:21,267:      pdf_renderer.py:  470: printSegment: | 10 | DFT is worst estimator (BER ~8e-3) | May improve on small factory (needs retest) |
   DEBUG: 2026-03-27 09:30:21,267:      pdf_renderer.py:  470: printSegment: 10. Suggested Next Steps
   DEBUG: 2026-03-27 09:30:21,268:      pdf_renderer.py:  470: printSegment: High Priority
   DEBUG: 2026-03-27 09:30:21,268:      pdf_renderer.py:  470: printSegment:  1 
   DEBUG: 2026-03-27 09:30:21,268:      pdf_renderer.py:  470: printSegment: Fix the Neural estimator.
   DEBUG: 2026-03-27 09:30:21,269:      pdf_renderer.py:  470: printSegment:  It currently produces identical results to LS, wasting computational
   DEBUG: 2026-03-27 09:30:21,269:      pdf_renderer.py:  470: printSegment: resources. Suggested actions:
   DEBUG: 2026-03-27 09:30:21,270:      pdf_renderer.py:  470: printSegment: l
   DEBUG: 2026-03-27 09:30:21,270:      pdf_renderer.py:  470: printSegment: Train on more diverse channel realizations (multiple SNR points, factory sizes)
   DEBUG: 2026-03-27 09:30:21,270:      pdf_renderer.py:  470: printSegment: l
   DEBUG: 2026-03-27 09:30:21,271:      pdf_renderer.py:  470: printSegment: Increase model capacity or try a different architecture (e.g., attention-based)
   DEBUG: 2026-03-27 09:30:21,271:      pdf_renderer.py:  470: printSegment: l
   DEBUG: 2026-03-27 09:30:21,272:      pdf_renderer.py:  470: printSegment: Use curriculum learning starting from easy channels (Rayleigh) to hard (TR 38.901)
   DEBUG: 2026-03-27 09:30:21,272:      pdf_renderer.py:  470: printSegment:  2 
   DEBUG: 2026-03-27 09:30:21,272:      pdf_renderer.py:  470: printSegment: Solve the large factory problem.
   DEBUG: 2026-03-27 09:30:21,273:      pdf_renderer.py:  470: printSegment:  BER of 0.21 is unusable. Potential approaches:
   DEBUG: 2026-03-27 09:30:21,273:      pdf_renderer.py:  470: printSegment: l
   DEBUG: 2026-03-27 09:30:21,273:      pdf_renderer.py:  470: printSegment: Increase BS antennas from 8 to 16 or 32
   DEBUG: 2026-03-27 09:30:21,273:      pdf_renderer.py:  470: printSegment: l
   DEBUG: 2026-03-27 09:30:21,274:      pdf_renderer.py:  470: printSegment: Implement user scheduling to serve subsets of the 16 UTs per frame
   DEBUG: 2026-03-27 09:30:21,274:      pdf_renderer.py:  470: printSegment: l
   DEBUG: 2026-03-27 09:30:21,274:      pdf_renderer.py:  470: printSegment: Deploy distributed MIMO with multiple access points
   DEBUG: 2026-03-27 09:30:21,274:      pdf_renderer.py:  470: printSegment: l
   DEBUG: 2026-03-27 09:30:21,275:      pdf_renderer.py:  470: printSegment: Test with Adaptive estimator (may help but unlikely to solve the fundamental
   DEBUG: 2026-03-27 09:30:21,275:      pdf_renderer.py:  470: printSegment: under-determined problem)
   DEBUG: 2026-03-27 09:30:21,275:      pdf_renderer.py:  470: printSegment:  3 
   DEBUG: 2026-03-27 09:30:21,276:      pdf_renderer.py:  470: printSegment: Run Adaptive estimator on higher-order modulation.
   DEBUG: 2026-03-27 09:30:21,278:      pdf_renderer.py:  470: printSegment:  The 64-QAM BER floor with LS (1.1e-2)
   DEBUG: 2026-03-27 09:30:21,279:      pdf_renderer.py:  470: printSegment: may improve 10x with Adaptive estimation. This would validate whether Adaptive + 64-QAM is
   DEBUG: 2026-03-27 09:30:21,280:      pdf_renderer.py:  470: printSegment: viable for high-throughput factory applications.
   DEBUG: 2026-03-27 09:30:21,280:      pdf_renderer.py:  470: printSegment: Medium Priority
   DEBUG: 2026-03-27 09:30:21,280:      pdf_renderer.py:  470: printSegment:  4 
   DEBUG: 2026-03-27 09:30:21,281:      pdf_renderer.py:  470: printSegment: Re-run DFT on small factory.
   DEBUG: 2026-03-27 09:30:21,283:      pdf_renderer.py:  470: printSegment:  The current comparison is unfair since DFT was tested on the
   DEBUG: 2026-03-27 09:30:21,283:      pdf_renderer.py:  470: printSegment: medium factory while all others used small. A fair comparison would clarify whether DFT
   DEBUG: 2026-03-27 09:30:21,283:      pdf_renderer.py:  470: printSegment: '
   DEBUG: 2026-03-27 09:30:21,284:      pdf_renderer.py:  470: printSegment: s poor
   DEBUG: 2026-03-27 09:30:21,284:      pdf_renderer.py:  470: printSegment: performance is inherent or an artifact of the test configuration.
   DEBUG: 2026-03-27 09:30:21,285:      pdf_renderer.py:  470: printSegment:  5 
   DEBUG: 2026-03-27 09:30:21,285:      pdf_renderer.py:  470: printSegment: Test Adaptive estimator on Rayleigh/Rician channels.
   DEBUG: 2026-03-27 09:30:21,288:      pdf_renderer.py:  470: printSegment:  LS already achieves zero BER on
   DEBUG: 2026-03-27 09:30:21,289:      pdf_renderer.py:  470: printSegment: Rayleigh above 8 dB. Adaptive could potentially reach zero BER at even lower SNR (4-6 dB),
   DEBUG: 2026-03-27 09:30:21,289:      pdf_renderer.py:  470: printSegment: demonstrating its value across channel types.
   DEBUG: 2026-03-27 09:30:21,290:      pdf_renderer.py:  470: printSegment:  6 
   DEBUG: 2026-03-27 09:30:21,290:      pdf_renderer.py:  470: printSegment: Run resource manager benchmarks.
   DEBUG: 2026-03-27 09:30:21,294:      pdf_renderer.py:  470: printSegment:  Only archived data from earlier runs (March 5-14) exists for
   DEBUG: 2026-03-27 09:30:21,296:      pdf_renderer.py:  470: printSegment: the 7 resource managers (Static, Round Robin, Max Throughput, PF, WMMSE, Queue-Aware,
   DEBUG: 2026-03-27 09:30:21,297:      pdf_renderer.py:  470: printSegment: DRL). Fresh runs with the current configuration would provide up-to-date comparisons.
   DEBUG: 2026-03-27 09:30:21,297:      pdf_renderer.py:  470: printSegment: Research Directions
   DEBUG: 2026-03-27 09:30:21,297:      pdf_renderer.py:  470: printSegment:  7 
   DEBUG: 2026-03-27 09:30:21,298:      pdf_renderer.py:  470: printSegment: Integrate JIDD-SCMA with Adaptive estimation.
   DEBUG: 2026-03-27 09:30:21,300:      pdf_renderer.py:  470: printSegment:  Currently JIDD uses MMSE channel
   DEBUG: 2026-03-27 09:30:21,300:      pdf_renderer.py:  470: printSegment: estimation. Replacing it with the Adaptive estimator could push the waterfall region to even lower
   DEBUG: 2026-03-27 09:30:21,301:      pdf_renderer.py:  470: printSegment: SNR.
   DEBUG: 2026-03-27 09:30:21,301:      pdf_renderer.py:  470: printSegment:  8 
   DEBUG: 2026-03-27 09:30:21,301:      pdf_renderer.py:  470: printSegment: Investigate iterative channel estimation with decoder feedback.
   DEBUG: 2026-03-27 09:30:21,305:      pdf_renderer.py:  470: printSegment:  The persistent BER floor across
   DEBUG: 2026-03-27 09:30:21,308:      pdf_renderer.py:  470: printSegment: all OFDM estimators suggests that pilot-only estimation has fundamental limits. Feeding soft
   DEBUG: 2026-03-27 09:30:21,309:      pdf_renderer.py:  470: printSegment: decoder output back to refine channel estimates (turbo equalization) could break through this floor.
   DEBUG: 2026-03-27 09:30:21,309:      pdf_renderer.py:  470: printSegment:  9 
   DEBUG: 2026-03-27 09:30:21,309:      pdf_renderer.py:  470: printSegment: Add numerical stability guards to JIDD-SCMA.
   DEBUG: 2026-03-27 09:30:21,311:      pdf_renderer.py:  470: printSegment:  The N0-overflow bug in Run 1 should be
   DEBUG: 2026-03-27 09:30:21,312:      pdf_renderer.py:  470: printSegment: permanently guarded against with clamping in the log-likelihood computation to prevent future
   DEBUG: 2026-03-27 09:30:21,312:      pdf_renderer.py:  470: printSegment: regressions.
   DEBUG: 2026-03-27 09:30:21,312:      pdf_renderer.py:   53: 0, [1, 'Factory6G Simulation Results Report', 1, 68.0]
   DEBUG: 2026-03-27 09:30:21,312:      pdf_renderer.py:   53: 1, [2, '1. Executive Summary', 1, 136.0]
   DEBUG: 2026-03-27 09:30:21,312:      pdf_renderer.py:   53: 2, [2, '2. Simulation Setup', 1, 421.6]
   DEBUG: 2026-03-27 09:30:21,313:      pdf_renderer.py:   53: 3, [3, '2.1 OFDM Pipeline (Channel Estimator ', 1, 454.8]
   DEBUG: 2026-03-27 09:30:21,313:      pdf_renderer.py:   53: 4, [3, '2.2 Channel Estimators Evaluated', 1, 549.6]
   DEBUG: 2026-03-27 09:30:21,313:      pdf_renderer.py:   53: 5, [3, '2.3 JIDD-SCMA System', 1, 644.4]
   DEBUG: 2026-03-27 09:30:21,313:      pdf_renderer.py:   53: 6, [2, '3. Channel Estimator Comparison', 2, 98.8]
   DEBUG: 2026-03-27 09:30:21,313:      pdf_renderer.py:   53: 7, [3, '3.1 BER Performance', 2, 132.0]
   DEBUG: 2026-03-27 09:30:21,313:      pdf_renderer.py:   53: 8, [4, 'BER at Key Eb/N0 Points', 2, 501.992277992278]
   DEBUG: 2026-03-27 09:30:21,313:      pdf_renderer.py:   53: 9, [3, '3.2 Latency', 3, 152.4]
   DEBUG: 2026-03-27 09:30:21,313:      pdf_renderer.py:   53: 10, [3, '3.3 Runtime', 3, 585.1237354085603]
   DEBUG: 2026-03-27 09:30:21,313:      pdf_renderer.py:   53: 11, [2, '4. Modulation Order Impact', 4, 515.9100917431192]
   DEBUG: 2026-03-27 09:30:21,313:      pdf_renderer.py:   53: 12, [3, '4.1 BER vs Modulation', 4, 549.1100917431191]
   DEBUG: 2026-03-27 09:30:21,313:      pdf_renderer.py:   53: 13, [3, '4.2 Latency vs Modulation', 5, 583.992277992278]
   DEBUG: 2026-03-27 09:30:21,313:      pdf_renderer.py:   53: 14, [2, '5. Channel Model Impact', 6, 493.4697459584296]
   DEBUG: 2026-03-27 09:30:21,313:      pdf_renderer.py:   53: 15, [2, '6. Factory Size Impact', 7, 632.392277992278]
   DEBUG: 2026-03-27 09:30:21,313:      pdf_renderer.py:   53: 16, [2, '7. JIDD-SCMA Analysis', 8, 674.392277992278]
   DEBUG: 2026-03-27 09:30:21,313:      pdf_renderer.py:   53: 17, [3, '7.1 Bug Fix Impact', 8, 707.5922779922779]
   DEBUG: 2026-03-27 09:30:21,313:      pdf_renderer.py:   53: 18, [3, '7.2 JIDD-SCMA Waterfall Performance (Run 2)', 9, 553.992277992278]
   DEBUG: 2026-03-27 09:30:21,313:      pdf_renderer.py:   53: 19, [2, '8. Cross-System Comparison', 9, 679.1922779922779]
   DEBUG: 2026-03-27 09:30:21,313:      pdf_renderer.py:   53: 20, [3, '8.1 BER Comparison', 10, 72.0]
   DEBUG: 2026-03-27 09:30:21,313:      pdf_renderer.py:   53: 21, [3, '8.2 Runtime Comparison', 10, 622.392277992278]
   DEBUG: 2026-03-27 09:30:21,313:      pdf_renderer.py:   53: 22, [2, '9. Summary of Findings', 11, 438.5344398340249]
   DEBUG: 2026-03-27 09:30:21,313:      pdf_renderer.py:   53: 23, [2, '10. Suggested Next Steps', 11, 586.1344398340249]
   DEBUG: 2026-03-27 09:30:21,313:      pdf_renderer.py:   53: 24, [3, 'High Priority', 11, 619.3344398340248]
   DEBUG: 2026-03-27 09:30:21,313:      pdf_renderer.py:   53: 25, [3, 'Medium Priority', 12, 212.4]
   DEBUG: 2026-03-27 09:30:21,313:      pdf_renderer.py:   53: 26, [3, 'Research Directions', 12, 361.2]
