Log file: /app/results/20260319_083829_dft_umi_qpsk_m/simulation.log
Loaded configuration for scenario: umi
======================================================================
  6G Smart Factory Simulation Flow
======================================================================
Stages: estimators
Estimators: ['dft']
Factory sizes: Medium
Modulations: QPSK
Channels: tr38901
Scenario: umi
Eb/No Range: [0.0, 2.0, 4.0, 6.0, 8.0, 10.0, 12.0, 14.0, 16.0, 18.0, 20.0]
Run directory: results/20260319_083829_dft_umi_qpsk_m
----------------------------------------------------------------------

======================================================================
  Medium
======================================================================
[estimators] Starting...
Estimator batch 1/2000 (active points 11/11) [0s elapsed] ...   snr=+0.0dB [dft]  snr=+2.0dB [dft]  snr=+4.0dB [dft]  snr=+6.0dB [dft]  snr=+8.0dB [dft]  snr=+10.0dB [dft]  snr=+12.0dB [dft]  snr=+14.0dB [dft]  snr=+16.0dB [dft]  snr=+18.0dB [dft]  snr=+20.0dB [dft]Done (13.18s)
Estimator batch 2/2000 (active points 11/11) [13s elapsed] ...   snr=+0.0dB [dft]  snr=+2.0dB [dft]  snr=+4.0dB [dft]  snr=+6.0dB [dft]  snr=+8.0dB [dft]  snr=+10.0dB [dft]  snr=+12.0dB [dft]  snr=+14.0dB [dft]  snr=+16.0dB [dft]  snr=+18.0dB [dft]  snr=+20.0dB [dft]Done (12.71s)
Estimator batch 3/2000 (active points 11/11) [25s elapsed] ...   snr=+0.0dB [dft]  snr=+2.0dB [dft]  snr=+4.0dB [dft]  snr=+6.0dB [dft]  snr=+8.0dB [dft]  snr=+10.0dB [dft]  snr=+12.0dB [dft]  snr=+14.0dB [dft]  snr=+16.0dB [dft]  snr=+18.0dB [dft]  snr=+20.0dB [dft]Done (12.96s)
Estimator batch 4/2000 (active points 11/11) [38s elapsed] ...   snr=+0.0dB [dft]  snr=+2.0dB [dft]  snr=+4.0dB [dft]  snr=+6.0dB [dft]  snr=+8.0dB [dft]  snr=+10.0dB [dft]  snr=+12.0dB [dft]  snr=+14.0dB [dft]  snr=+16.0dB [dft]  snr=+18.0dB [dft]  snr=+20.0dB [dft]Done (13.23s)
Estimator batch 5/2000 (active points 11/11) [52s elapsed] ...   snr=+0.0dB [dft]  snr=+2.0dB [dft]  snr=+4.0dB [dft]  snr=+6.0dB [dft]  snr=+8.0dB [dft]  snr=+10.0dB [dft]  snr=+12.0dB [dft]  snr=+14.0dB [dft]  snr=+16.0dB [dft]  snr=+18.0dB [dft]  snr=+20.0dB [dft]Done (13.30s)
Estimator batch 6/2000 (active points 11/11) [1m 05s elapsed] ...   snr=+0.0dB [dft]  snr=+2.0dB [dft]  snr=+4.0dB [dft]  snr=+6.0dB [dft]  snr=+8.0dB [dft]  snr=+10.0dB [dft]  snr=+12.0dB [dft]  snr=+14.0dB [dft]  snr=+16.0dB [dft]  snr=+18.0dB [dft]  snr=+20.0dB [dft]Done (13.44s)
Estimator batch 7/2000 (active points 11/11) [1m 18s elapsed] ...   snr=+0.0dB [dft]  snr=+2.0dB [dft]  snr=+4.0dB [dft]  snr=+6.0dB [dft]  snr=+8.0dB [dft]  snr=+10.0dB [dft]  snr=+12.0dB [dft]  snr=+14.0dB [dft]  snr=+16.0dB [dft]  snr=+18.0dB [dft]  snr=+20.0dB [dft]Done (13.49s)
Estimator batch 8/2000 (active points 11/11) [1m 32s elapsed] ...   snr=+0.0dB [dft]  snr=+2.0dB [dft]  snr=+4.0dB [dft]  snr=+6.0dB [dft]  snr=+8.0dB [dft]  snr=+10.0dB [dft]  snr=+12.0dB [dft]  snr=+14.0dB [dft]  snr=+16.0dB [dft]  snr=+18.0dB [dft]  snr=+20.0dB [dft]Done (13.35s)
Estimator batch 9/2000 (active points 11/11) [1m 45s elapsed] ...   snr=+0.0dB [dft]  snr=+2.0dB [dft]  snr=+4.0dB [dft]  snr=+6.0dB [dft]  snr=+8.0dB [dft]  snr=+10.0dB [dft]  snr=+12.0dB [dft]  snr=+14.0dB [dft]  snr=+16.0dB [dft]  snr=+18.0dB [dft]  snr=+20.0dB [dft]Done (13.57s)
Estimator batch 10/2000 (active points 11/11) [1m 59s elapsed] ...   snr=+0.0dB [dft]  snr=+2.0dB [dft]  snr=+4.0dB [dft]  snr=+6.0dB [dft]  snr=+8.0dB [dft]  snr=+10.0dB [dft]  snr=+12.0dB [dft]  snr=+14.0dB [dft]  snr=+16.0dB [dft]  snr=+18.0dB [dft]  snr=+20.0dB [dft]Done (13.30s)
Estimator: dft
  Eb/No= 0.0 dB | BER=8.773e-02 | BERub=8.790e-02 | Status=resolved | Stop=target_block_errors | Latency=851.593 ms
  Eb/No= 2.0 dB | BER=4.128e-02 | BERub=4.140e-02 | Status=resolved | Stop=target_block_errors | Latency=820.686 ms
  Eb/No= 4.0 dB | BER=1.878e-02 | BERub=1.886e-02 | Status=resolved | Stop=target_block_errors | Latency=815.245 ms
  Eb/No= 6.0 dB | BER=8.338e-03 | BERub=8.391e-03 | Status=resolved | Stop=target_block_errors | Latency=812.054 ms
  Eb/No= 8.0 dB | BER=5.568e-03 | BERub=5.612e-03 | Status=resolved | Stop=target_block_errors | Latency=819.332 ms
  Eb/No=10.0 dB | BER=3.525e-03 | BERub=3.560e-03 | Status=resolved | Stop=target_block_errors | Latency=811.647 ms
  Eb/No=12.0 dB | BER=4.330e-03 | BERub=4.369e-03 | Status=resolved | Stop=target_block_errors | Latency=819.378 ms
  Eb/No=14.0 dB | BER=3.918e-03 | BERub=3.955e-03 | Status=resolved | Stop=target_block_errors | Latency=815.331 ms
  Eb/No=16.0 dB | BER=6.388e-03 | BERub=6.435e-03 | Status=resolved | Stop=target_block_errors | Latency=816.535 ms
  Eb/No=18.0 dB | BER=6.114e-03 | BERub=6.160e-03 | Status=resolved | Stop=target_block_errors | Latency=814.905 ms
  Eb/No=20.0 dB | BER=7.775e-03 | BERub=7.827e-03 | Status=resolved | Stop=target_block_errors | Latency=816.064 ms
[estimators] Done in 2m 12s

Simulation complete. Total time: 2m 13s
Wall-clock time (incl. setup): 2m 13s
