Log file: /app/results/20260319_193423_jidd_scma/simulation.log
Loaded configuration for scenario: umi
======================================================================
  JIDD-SCMA Simulation (Dr. Athirah Mohd Ramly, UKM)
======================================================================
Run directory: results/20260319_193423_jidd_scma
----------------------------------------------------------------------
[jidd_scma] Starting JIDD-SCMA simulation ...
[jidd_scma] Eb/N0 range: 0–10 dB, step 1 dB
[jidd_scma] Data dir: /app/dr_athirah_simulation/PHY layer
[jidd_scma] Done in 3h 43m 20s
/app/src/sim/output.py:459: UserWarning: No artists with labels found to put in legend.  Note that artists whose label start with an underscore are ignored when legend() is called with no argument.
  ax.legend()

Simulation complete. Total time: 3h 43m 21s
Wall-clock time (incl. setup): 3h 43m 21s
:12,166 | INFO | src.athirah.simulation | [jidd_scma] Eb/N0 = 4.0 dB
2026-03-19 19:35:22,907 | INFO | src.athirah.simulation | [jidd_scma] Eb/N0=4.0 dB | bits=50688 | errors=51 | BER=0.001006 | t=10.7s
2026-03-19 19:35:22,907 | INFO | src.athirah.simulation | [jidd_scma] Eb/N0 = 5.0 dB
2026-03-19 20:13:02,314 | INFO | src.athirah.simulation | [jidd_scma] Eb/N0=5.0 dB | bits=10000128 | errors=40 | BER=0.000004 | t=2259.4s
2026-03-19 20:13:02,318 | INFO | src.athirah.simulation | [jidd_scma] Eb/N0 = 6.0 dB
2026-03-19 20:49:36,710 | INFO | src.athirah.simulation | [jidd_scma] Eb/N0=6.0 dB | bits=10000128 | errors=0 | BER=0.000000 | t=2194.4s
2026-03-19 20:49:36,713 | INFO | src.athirah.simulation | [jidd_scma] Eb/N0 = 7.0 dB
2026-03-19 21:26:14,830 | INFO | src.athirah.simulation | [jidd_scma] Eb/N0=7.0 dB | bits=10000128 | errors=0 | BER=0.000000 | t=2198.1s
2026-03-19 21:26:14,833 | INFO | src.athirah.simulation | [jidd_scma] Eb/N0 = 8.0 dB
2026-03-19 22:02:32,117 | INFO | src.athirah.simulation | [jidd_scma] Eb/N0=8.0 dB | bits=10000128 | errors=0 | BER=0.000000 | t=2177.3s
2026-03-19 22:02:32,120 | INFO | src.athirah.simulation | [jidd_scma] Eb/N0 = 9.0 dB
2026-03-19 22:39:10,222 | INFO | src.athirah.simulation | [jidd_scma] Eb/N0=9.0 dB | bits=10000128 | errors=0 | BER=0.000000 | t=2198.1s
2026-03-19 22:39:10,225 | INFO | src.athirah.simulation | [jidd_scma] Eb/N0 = 10.0 dB
2026-03-20 03:42:35,426 | INFO | src.athirah.simulation | [jidd_scma] Eb/N0=10.0 dB | bits=10000128 | errors=0 | BER=0.000000 | t=18205.2s
