Log file: /app/results/20260319_135513_ls_umi_qpsk_apple/simulation.log
Loaded configuration for scenario: umi
======================================================================
  6G Smart Factory Simulation Flow
======================================================================
Stages: estimators
Estimators: ['ls']
Factory sizes: Apple Factory
Modulations: QPSK
Channels: tr38901
Scenario: umi
Eb/No Range: [0.0, 2.0, 4.0, 6.0, 8.0, 10.0, 12.0, 14.0, 16.0, 18.0, 20.0]
Run directory: results/20260319_135513_ls_umi_qpsk_apple
----------------------------------------------------------------------

======================================================================
  Apple Factory
======================================================================
[estimators] Starting...
Estimator batch 1/2000 (active points 11/11) [0s elapsed] ...   snr=+0.0dB [ls]  snr=+2.0dB [ls]  snr=+4.0dB [ls]  snr=+6.0dB [ls]  snr=+8.0dB [ls]  snr=+10.0dB [ls]  snr=+12.0dB [ls]  snr=+14.0dB [ls]  snr=+16.0dB [ls]  snr=+18.0dB [ls]  snr=+20.0dB [ls]Done (12.98s)
Estimator batch 2/2000 (active points 11/11) [12s elapsed] ...   snr=+0.0dB [ls]  snr=+2.0dB [ls]  snr=+4.0dB [ls]  snr=+6.0dB [ls]  snr=+8.0dB [ls]  snr=+10.0dB [ls]  snr=+12.0dB [ls]  snr=+14.0dB [ls]  snr=+16.0dB [ls]  snr=+18.0dB [ls]  snr=+20.0dB [ls]Done (12.94s)
Estimator batch 3/2000 (active points 11/11) [25s elapsed] ...   snr=+0.0dB [ls]  snr=+2.0dB [ls]  snr=+4.0dB [ls]  snr=+6.0dB [ls]  snr=+8.0dB [ls]  snr=+10.0dB [ls]  snr=+12.0dB [ls]  snr=+14.0dB [ls]  snr=+16.0dB [ls]  snr=+18.0dB [ls]  snr=+20.0dB [ls]Done (12.68s)
Estimator batch 4/2000 (active points 11/11) [38s elapsed] ...   snr=+0.0dB [ls]  snr=+2.0dB [ls]  snr=+4.0dB [ls]  snr=+6.0dB [ls]  snr=+8.0dB [ls]  snr=+10.0dB [ls]  snr=+12.0dB [ls]  snr=+14.0dB [ls]  snr=+16.0dB [ls]  snr=+18.0dB [ls]  snr=+20.0dB [ls]Done (12.93s)
Estimator batch 5/2000 (active points 11/11) [51s elapsed] ...   snr=+0.0dB [ls]  snr=+2.0dB [ls]  snr=+4.0dB [ls]  snr=+6.0dB [ls]  snr=+8.0dB [ls]  snr=+10.0dB [ls]  snr=+12.0dB [ls]  snr=+14.0dB [ls]  snr=+16.0dB [ls]  snr=+18.0dB [ls]  snr=+20.0dB [ls]Done (13.13s)
Estimator batch 6/2000 (active points 11/11) [1m 04s elapsed] ...   snr=+0.0dB [ls]  snr=+2.0dB [ls]  snr=+4.0dB [ls]  snr=+6.0dB [ls]  snr=+8.0dB [ls]  snr=+10.0dB [ls]  snr=+12.0dB [ls]  snr=+14.0dB [ls]  snr=+16.0dB [ls]  snr=+18.0dB [ls]  snr=+20.0dB [ls]Done (13.28s)
Estimator batch 7/2000 (active points 11/11) [1m 17s elapsed] ...   snr=+0.0dB [ls]  snr=+2.0dB [ls]  snr=+4.0dB [ls]  snr=+6.0dB [ls]  snr=+8.0dB [ls]  snr=+10.0dB [ls]  snr=+12.0dB [ls]  snr=+14.0dB [ls]  snr=+16.0dB [ls]  snr=+18.0dB [ls]  snr=+20.0dB [ls]Done (13.28s)
Estimator batch 8/2000 (active points 11/11) [1m 31s elapsed] ...   snr=+0.0dB [ls]  snr=+2.0dB [ls]  snr=+4.0dB [ls]  snr=+6.0dB [ls]  snr=+8.0dB [ls]  snr=+10.0dB [ls]  snr=+12.0dB [ls]  snr=+14.0dB [ls]  snr=+16.0dB [ls]  snr=+18.0dB [ls]  snr=+20.0dB [ls]Done (13.17s)
Estimator batch 9/2000 (active points 11/11) [1m 44s elapsed] ...   snr=+0.0dB [ls]  snr=+2.0dB [ls]  snr=+4.0dB [ls]  snr=+6.0dB [ls]  snr=+8.0dB [ls]  snr=+10.0dB [ls]  snr=+12.0dB [ls]  snr=+14.0dB [ls]  snr=+16.0dB [ls]  snr=+18.0dB [ls]  snr=+20.0dB [ls]Done (13.23s)
Estimator batch 10/2000 (active points 11/11) [1m 57s elapsed] ...   snr=+0.0dB [ls]  snr=+2.0dB [ls]  snr=+4.0dB [ls]  snr=+6.0dB [ls]  snr=+8.0dB [ls]  snr=+10.0dB [ls]  snr=+12.0dB [ls]  snr=+14.0dB [ls]  snr=+16.0dB [ls]  snr=+18.0dB [ls]  snr=+20.0dB [ls]Done (13.27s)
Estimator: ls
  Eb/No= 0.0 dB | BER=1.175e-01 | BERub=1.177e-01 | Status=resolved | Stop=target_block_errors | Latency=820.913 ms
  Eb/No= 2.0 dB | BER=5.940e-02 | BERub=5.954e-02 | Status=resolved | Stop=target_block_errors | Latency=811.058 ms
  Eb/No= 4.0 dB | BER=2.683e-02 | BERub=2.692e-02 | Status=resolved | Stop=target_block_errors | Latency=810.715 ms
  Eb/No= 6.0 dB | BER=1.357e-02 | BERub=1.364e-02 | Status=resolved | Stop=target_block_errors | Latency=811.464 ms
  Eb/No= 8.0 dB | BER=8.883e-03 | BERub=8.938e-03 | Status=resolved | Stop=target_block_errors | Latency=822.196 ms
  Eb/No=10.0 dB | BER=6.962e-03 | BERub=7.011e-03 | Status=resolved | Stop=target_block_errors | Latency=806.134 ms
  Eb/No=12.0 dB | BER=7.719e-03 | BERub=7.771e-03 | Status=resolved | Stop=target_block_errors | Latency=815.926 ms
  Eb/No=14.0 dB | BER=6.360e-03 | BERub=6.407e-03 | Status=resolved | Stop=target_block_errors | Latency=806.504 ms
  Eb/No=16.0 dB | BER=7.633e-03 | BERub=7.685e-03 | Status=resolved | Stop=target_block_errors | Latency=809.103 ms
  Eb/No=18.0 dB | BER=8.994e-03 | BERub=9.049e-03 | Status=resolved | Stop=target_block_errors | Latency=817.602 ms
  Eb/No=20.0 dB | BER=1.074e-02 | BERub=1.080e-02 | Status=resolved | Stop=target_block_errors | Latency=814.006 ms
[estimators] Done in 2m 11s

Simulation complete. Total time: 2m 12s
Wall-clock time (incl. setup): 2m 12s
