Log file: /app/results/20260523_173046_static_round_robin_max_throughput_pf_wmmse_queue_aware_drl_ber_drl_rayleigh_rician_umi_qpsk_s/simulation.log
Loaded configuration for scenario: umi
======================================================================
  6G Smart Factory Simulation Flow
======================================================================
Stages: resource_managers
Resource managers: ['static', 'round_robin', 'max_throughput', 'pf', 'wmmse', 'queue_aware', 'drl', 'ber_drl']
Factory sizes: Small
Modulations: QPSK
Channels: rayleigh | rician | tr38901
Scenario: umi
Eb/No Range: [0.0, 2.0, 4.0, 6.0, 8.0, 10.0, 12.0, 14.0, 16.0, 18.0, 20.0]
Run directory: results/20260523_173046_static_round_robin_max_throughput_pf_wmmse_queue_aware_drl_ber_drl_rayleigh_rician_umi_qpsk_s
----------------------------------------------------------------------

======================================================================
  rayleigh
======================================================================
[resource_managers] Starting...
Loaded DRL Resource Manager checkpoint from models/drl_resource_manager_policy
Loaded DRL Resource Manager checkpoint from models/ber_drl_resource_manager_policy
Batch 1/20 (active points 88/88) [0s elapsed] ...   snr=+0.0dB [static][round_robin][max_throughput][pf][wmmse][queue_aware][drl][ber_drl]  snr=+2.0dB [static][round_robin][max_throughput][pf][wmmse][queue_aware][drl][ber_drl]  snr=+4.0dB [static][round_robin][max_throughput][pf][wmmse][queue_aware][drl][ber_drl]  snr=+6.0dB [static][round_robin][max_throughput][pf][wmmse][queue_aware][drl][ber_drl]  snr=+8.0dB [static][round_robin][max_throughput][pf][wmmse][queue_aware][drl][ber_drl]  snr=+10.0dB [static][round_robin][max_throughput][pf][wmmse][queue_aware][drl][ber_drl]  snr=+12.0dB [static][round_robin][max_throughput][pf][wmmse][queue_aware][drl][ber_drl]  snr=+14.0dB [static][round_robin][max_throughput][pf][wmmse][queue_aware][drl][ber_drl]  snr=+16.0dB [static][round_robin][max_throughput][pf][wmmse][queue_aware][drl][ber_drl]  snr=+18.0dB [static][round_robin][max_throughput][pf][wmmse][queue_aware][drl][ber_drl]  snr=+20.0dB [static][round_robin][max_throughput][pf][wmmse][queue_aware][drl][ber_drl]Done (51.10s)
Batch 2/20 (active points 88/88) [51s elapsed] ...   snr=+0.0dB [static][round_robin][max_throughput][pf][wmmse][queue_aware][drl][ber_drl]  snr=+2.0dB [static][round_robin][max_throughput][pf][wmmse][queue_aware][drl][ber_drl]  snr=+4.0dB [static][round_robin][max_throughput][pf][wmmse][queue_aware][drl][ber_drl]  snr=+6.0dB [static][round_robin][max_throughput][pf][wmmse][queue_aware][drl][ber_drl]  snr=+8.0dB [static][round_robin][max_throughput][pf][wmmse][queue_aware][drl][ber_drl]  snr=+10.0dB [static][round_robin][max_throughput][pf][wmmse][queue_aware][drl][ber_drl]  snr=+12.0dB [static][round_robin][max_throughput][pf][wmmse][queue_aware][drl][ber_drl]  snr=+14.0dB [static][round_robin][max_throughput][pf][wmmse][queue_aware][drl][ber_drl]  snr=+16.0dB [static][round_robin][max_throughput][pf][wmmse][queue_aware][drl][ber_drl]  snr=+18.0dB [static][round_robin][max_throughput][pf][wmmse][queue_aware][drl][ber_drl]  snr=+20.0dB [static][round_robin][max_throughput][pf][wmmse][queue_aware][drl][ber_drl]Done (51.32s)
Batch 3/20 (active points 88/88) [1m 42s elapsed] ...   snr=+0.0dB [static][round_robin][max_throughput][pf][wmmse][queue_aware][drl][ber_drl]  snr=+2.0dB [static][round_robin][max_throughput][pf][wmmse][queue_aware][drl][ber_drl]  snr=+4.0dB [static][round_robin][max_throughput][pf][wmmse][queue_aware][drl][ber_drl]  snr=+6.0dB [static][round_robin][max_throughput][pf][wmmse][queue_aware][drl][ber_drl]  snr=+8.0dB [static][round_robin][max_throughput][pf][wmmse][queue_aware][drl][ber_drl]  snr=+10.0dB [static][round_robin][max_throughput][pf][wmmse][queue_aware][drl][ber_drl]  snr=+12.0dB [static][round_robin][max_throughput][pf][wmmse][queue_aware][drl][ber_drl]  snr=+14.0dB [static][round_robin][max_throughput][pf][wmmse][queue_aware][drl][ber_drl]  snr=+16.0dB [static][round_robin][max_throughput][pf][wmmse][queue_aware][drl][ber_drl]  snr=+18.0dB [static][round_robin][max_throughput][pf][wmmse][queue_aware][drl][ber_drl]  snr=+20.0dB [static][round_robin][max_throughput][pf][wmmse][queue_aware][drl][ber_drl]Done (51.36s)
Batch 4/20 (active points 88/88) [2m 33s elapsed] ...   snr=+0.0dB [static][round_robin][max_throughput][pf][wmmse][queue_aware][drl][ber_drl]  snr=+2.0dB [static][round_robin][max_throughput][pf][wmmse][queue_aware][drl][ber_drl]  snr=+4.0dB [static][round_robin][max_throughput][pf][wmmse][queue_aware][drl][ber_drl]  snr=+6.0dB [static][round_robin][max_throughput][pf][wmmse][queue_aware][drl][ber_drl]  snr=+8.0dB [static][round_robin][max_throughput][pf][wmmse][queue_aware][drl][ber_drl]  snr=+10.0dB [static][round_robin][max_throughput][pf][wmmse][queue_aware][drl][ber_drl]  snr=+12.0dB [static][round_robin][max_throughput][pf][wmmse][queue_aware][drl][ber_drl]  snr=+14.0dB [static][round_robin][max_throughput][pf][wmmse][queue_aware][drl][ber_drl]  snr=+16.0dB [static][round_robin][max_throughput][pf][wmmse][queue_aware][drl][ber_drl]  snr=+18.0dB [static][round_robin][max_throughput][pf][wmmse][queue_aware][drl][ber_drl]  snr=+20.0dB [static][round_robin][max_throughput][pf][wmmse][queue_aware][drl][ber_drl]Done (52.01s)
Batch 5/20 (active points 88/88) [3m 25s elapsed] ...   snr=+0.0dB [static][round_robin][max_throughput][pf][wmmse][queue_aware][drl][ber_drl]  snr=+2.0dB [static][round_robin][max_throughput][pf][wmmse][queue_aware][drl][ber_drl]  snr=+4.0dB [static][round_robin][max_throughput][pf][wmmse][queue_aware][drl][ber_drl]  snr=+6.0dB [static][round_robin][max_throughput][pf][wmmse]