Log file: C:\Users\ysabe\Developer\personal\Factory6G\results\20260313_001054_simulation\simulation.log
Loaded configuration for scenario: umi
Starting execution for fixed flow: estimators -> resource_managers
======================================================================
  6G Smart Factory Simulation Flow
======================================================================
Stage order: estimators -> resource_managers
Scenario: umi
Eb/No Range: [-5.0, -4.5, -4.0, -3.5, -3.0, -2.5, -2.0, -1.5, -1.0, -0.5, 0.0, 0.5, 1.0, 1.5, 2.0, 2.5, 3.0, 3.5, 4.0, 4.5, 5.0, 5.5, 6.0, 6.5, 7.0, 7.5, 8.0, 8.5, 9.0, 9.5, 10.0]
Run directory: results\20260313_001054_simulation
----------------------------------------------------------------------
Estimator: ls
  Eb/No=-5.0 dB | BER=2.872e-01 | BERub=2.878e-01 | Latency=546.444 ms | Throughput=70067.88 | Power=0.0003 W
  Eb/No=-4.5 dB | BER=2.708e-01 | BERub=2.714e-01 | Latency=570.216 ms | Throughput=71678.81 | Power=0.0003 W
  Eb/No=-4.0 dB | BER=2.550e-01 | BERub=2.556e-01 | Latency=545.604 ms | Throughput=73232.56 | Power=0.0003 W
  Eb/No=-3.5 dB | BER=2.344e-01 | BERub=2.350e-01 | Latency=581.148 ms | Throughput=75257.12 | Power=0.0003 W
  Eb/No=-3.0 dB | BER=2.104e-01 | BERub=2.109e-01 | Latency=575.726 ms | Throughput=77623.69 | Power=0.0003 W
  Eb/No=-2.5 dB | BER=1.662e-01 | BERub=1.667e-01 | Latency=549.641 ms | Throughput=81967.00 | Power=0.0003 W
  Eb/No=-2.0 dB | BER=1.276e-01 | BERub=1.280e-01 | Latency=581.390 ms | Throughput=85761.55 | Power=0.0003 W
  Eb/No=-1.5  dB | BER=8.774e-02 | BERub=8.803e-02 | Latency=590.177 ms | Throughput=89678.78 | Power=0.0003 W
  Eb/No=-1.0 dB | BER=5.724e-02 | BERub=5.743e-02 | Latency=595.176 ms | Throughput=92677.56 | Power=0.0003 W
  Eb/No=-0.5 dB | BER=3.639e-02 | BERub=3.651e-02 | Latency=588.575 ms | Throughput=94727.19 | Power=0.0003 W
  Eb/No= 0.0 dB | BER=2.440e-02 | BERub=2.449e-02 | Latency=574.520 ms | Throughput=95905.15 | Power=0.0003 W
  Eb/No= 0.5 dB | BER=1.418e-02 | BERub=1.424e-02 | Latency=576.203 ms | Throughput=96909.91 | Power=0.0003 W
  Eb/No= 1.0 dB | BER=1.091e-02 | BERub=1.096e-02 | Latency=565.395 ms | Throughput=97231.67 | Power=0.0003 W
  Eb/No= 1.5 dB | BER=6.288e-03 | BERub=6.325e-03 | Latency=560.641 ms | Throughput=97685.84 | Power=0.0003 W
  Eb/No= 2.0 dB | BER=4.160e-03 | BERub=4.190e-03 | Latency=588.002 ms | Throughput=97895.09 | Power=0.0003 W
  Eb/No= 2.5 dB | BER=2.672e-03 | BERub=2.696e-03 | Latency=578.561 ms | Throughput=98041.30 | Power=0.0003 W
  Eb/No= 3.0 dB | BER=1.968e-03 | BERub=1.988e-03 | Latency=577.105 ms | Throughput=98110.55 | Power=0.0003 W
  Eb/No= 3.5 dB | BER=1.741e-03 | BERub=1.760e-03 | Latency=566.525 ms | Throughput=98132.90 | Power=0.0003 W
  Eb/No= 4.0 dB | BER=8.174e-04 | BERub=8.307e-04 | Latency=569.175 ms | Throughput=98223.65 | Power=0.0003 W
  Eb/No= 4.5 dB | BER=6.103e-04 | BERub=6.218e-04 | Latency=599.649 ms | Throughput=98244.01 | Power=0.0003 W
  Eb/No= 5.0 dB | BER=4.522e-04 | BERub=4.622e-04 | Latency=788.680 ms | Throughput=98259.55 | Power=0.0002 W
  Eb/No= 5.5 dB | BER=5.763e-04 | BERub=5.875e-04 | Latency=891.063 ms | Throughput=98247.35 | Power=0.0002 W
  Eb/No= 6.0 dB | BER=3.297e-04 | BERub=3.383e-04 | Latency=830.725 ms | Throughput=98271.59 | Power=0.0002 W
  Eb/No= 6.5 dB | BER=4.151e-04 | BERub=4.246e-04 | Latency=782.738 ms | Throughput=98263.20 | Power=0.0002 W
  Eb/No= 7.0 dB | BER=5.960e-04 | BERub=6.075e-04 | Latency=751.618 ms | Throughput=98245.41 | Power=0.0002 W
  Eb/No= 7.5 dB | BER=3.819e-04 | BERub=3.910e-04 | Latency=728.502 ms | Throughput=98266.46 | Power=0.0003 W
  Eb/No= 8.0 dB | BER=3.747e-04 | BERub=3.838e-04 | Latency=712.023 ms | Throughput=98267.16 | Power=0.0003 W
  Eb/No= 8.5 dB | BER=3.710e-04 | BERub=3.800e-04 | Latency=792.147 ms | Throughput=98267.53 | Power=0.0002 W
  Eb/No= 9.0 dB | BER=1.086e-04 | BERub=1.136e-04 | Latency=813.781 ms | Throughput=98293.32 | Power=0.0002 W
  Eb/No= 9.5 dB | BER=3.599e-04 | BERub=3.688e-04 | Latency=826.417 ms | Throughput=98268.62 | Power=0.0002 W
  Eb/No=10.0 dB | BER=1.242e-04 | BERub=1.295e-04 | Latency=842.370 ms | Throughput=98291.79 | Power=0.0002 W
Estimator: dft
  Eb/No=-5.0 dB | BER=2.454e-01 | BERub=2.459e-01 | Latency=766.512 ms | Throughput=74182.19 | Power=0.0002 W
  Eb/No=-4.5 dB | BER=2.295e-01 | BERub=2.300e-01 | Latency=931.659 ms | Throughput=75747.81 | Power=0.0002 W
  Eb/No=-4.0 dB | BER=2.043e-01 | BERub=2.048e-01 | Latency=871.176 ms | Throughput=78221.88 | Power=0.0002 W
  Eb/No=-3.5 dB | BER=1.687e-01 | BERub=1.692e-01 | Latency=901.763 ms | Throughput=81716.78 | Power=0.0002 W
  Eb/No=-3.0 dB | BER=1.271e-01 | BERub=1.274e-01 | Latency=866.421 ms | Throughput=85814.05 | Power=0.0002 W
  Eb/No=-2.5 dB | BER=8.514e-02 | BERub=8.541e-02 | Latency=845.154 ms | Throughput=89934.66 | Power=0.0002 W
  Eb/No=-2.0 dB | BER=5.836e-02 | BERub=5.855e-02 | Latency=843.796 ms | Throughput=92567.36 | Power=0.0002 W
  Eb/No=-1.5 dB | BER=3.567e-02 | BERub=3.580e-02 | Latency=775.892 ms | Throughput=94797.34 | Power=0.0002 W
  Eb/No=-1.0 dB | BER=2.377e-02 | BERub=2.385e-02 | Latency=834.211 ms | Throughput=95967.27 | Power=0.0002 W
  Eb/No=-0.5 dB | BER=1.456e-02 | BERub=1.462e-02 | Latency=805.161 ms | Throughput=96872.39 | Power=0.0002 W
  Eb/No= 0.0 dB | BER=9.397e-03 | BERub=9.442e-03 | Latency=847.128 ms | Throughput=97380.23 | Power=0.0002 W
  Eb/No= 0.5 dB | BER=4.903e-03 | BERub=4.936e-03 | Latency=873.036 ms | Throughput=97821.99 | Power=0.0002 W
  Eb/No= 1.0 dB | BER=3.738e-03 | BERub=3.766e-03 | Latency=838.945 ms | Throughput=97936.58 | Power=0.0002 W
  Eb/No= 1.5 dB | BER=2.432e-03 | BERub=2.455e-03 | Latency=902.278 ms | Throughput=98064.94 | Power=0.0002 W
  Eb/No= 2.0 dB | BER=1.528e-03 | BERub=1.546e-03 | Latency=878.395 ms | Throughput=98153.80 | Power=0.0002 W
  Eb/No= 2.5 dB | BER=8.910e-04 | BERub=9.049e-04 | Latency=832.122 ms | Throughput=98216.41 | Power=0.0002 W
  Eb/No= 3.0 dB | BER=7.820e-04 | BERub=7.951e-04 | Latency=876.073 ms | Throughput=98227.12 | Power=0.0002 W
  Eb/No= 3.5 dB | BER=5.857e-04 | BERub=5.970e-04 | Latency=875.656 ms | Throughput=98246.42 | Power=0.0002 W
  Eb/No= 4.0 dB | BER=3.032e-04 | BERub=3.114e-04 | Latency=582.720 ms | Throughput=98274.20 | Power=0.0003 W
  Eb/No= 4.5 dB | BER=1.334e-04 | BERub=1.389e-04 | Latency=573.335 ms | Throughput=98290.88 | Power=0.0003 W
  Eb/No= 5.0 dB | BER=3.436e-04 | BERub=3.523e-04 | Latency=573.500 ms | Throughput=98270.22 | Power=0.0003 W
  Eb/No= 5.5 dB | BER=4.967e-05 | BERub=5.305e-05 | Latency=575.717 ms | Throughput=98299.12 | Power=0.0003 W
  Eb/No= 6.0 dB | BER=1.091e-04 | BERub=1.141e-04 | Latency=576.661 ms | Throughput=98293.27 | Power=0.0003 W
  Eb/No= 6.5 dB | BER=7.828e-05 | BERub=8.249e-05 | Latency=576.471 ms | Throughput=98296.30 | Power=0.0003 W
  Eb/No= 7.0 dB | BER=6.119e-05 | BERub=6.493e-05 | Latency=578.875 ms | Throughput=98297.98 | Power=0.0003 W
  Eb/No= 7.5 dB | BER=1.363e-04 | BERub=1.418e-04 | Latency=580.543 ms | Throughput=98290.60 | Power=0.0003 W
  Eb/No= 8.0 dB | BER=7.049e-05 | BERub=7.449e-05 | Latency=583.917 ms | Throughput=98297.07 | Power=0.0003 W
  Eb/No= 8.5 dB | BER=1.371e-04 | BERub=1.426e-04 | Latency=586.240 ms | Throughput=98290.52 | Power=0.0003 W
  Eb/No= 9.0 dB | BER=5.444e-05 | BERub=5.797e-05 | Latency=588.079 ms | Throughput=98298.65 | Power=0.0003 W
  Eb/No= 9.5 dB | BER=5.468e-05 | BERub=5.822e-05 | Latency=584.108 ms | Throughput=98298.62 | Power=0.0003 W
  Eb/No=10.0 dB | BER=1.794e-04 | BERub=1.858e-04 | Latency=584.182 ms | Throughput=98286.36 | Power=0.0003 W
Estimator: lmmse
  Eb/No=-5.0 dB | BER=1.597e-01 | BERub=1.602e-01 | Latency=585.939 ms | Throughput=82602.78 | Power=0.0003 W
  Eb/No=-4.5 dB | BER=1.176e-01 | BERub=1.179e-01 | Latency=586.357 ms | Throughput=86745.73 | Power=0.0003 W
  Eb/No=-4.0 dB | BER=8.784e-02 | BERub=8.812e-02 | Latency=585.923 ms | Throughput=89669.32 | Power=0.0003 W
  Eb/No=-3.5 dB | BER=6.510e-02 | BERub=6.531e-02 | Latency=586.164 ms | Throughput=91904.41 | Power=0.0003 W
  Eb/No=-3.0 dB | BER=4.483e-02 | BERub=4.499e-02 | Latency=586.204 ms | Throughput=93896.75 | Power=0.0003 W
  Eb/No=-2.5 dB | BER=2.945e-02 | BERub=2.955e-02 | Latency=589.684 ms | Throughput=95409.28 | Power=0.0003 W
  Eb/No=-2.0 dB | BER=2.329e-02 | BERub=2.337e-02 | Latency=590.133 ms | Throughput=96014.61 | Power=0.0003 W
  Eb/No=-1.5 dB | BER=1.315e-02 | BERub=1.320e-02 | Latency=592.230 ms | Throughput=97011.51 | Power=0.0003 W
  Eb/No=-1.0 dB | BER=9.495e-03 | BERub=9.540e-03 | Latency=595.418 ms | Throughput=97370.59 | Power=0.0003 W
  Eb/No=-0.5 dB | BER=6.257e-03 | BERub=6.294e-03 | Latency=597.637 ms | Throughput=97688.90 | Power=0.0003 W
  Eb/No= 0.0 dB | BER=4.437e-03 | BERub=4.468e-03 | Latency=600.667 ms | Throughput=97867.80 | Power=0.0003 W
  Eb/No= 0.5 dB | BER=3.103e-03 | BERub=3.129e-03 | Latency=604.000 ms | Throughput=97998.95 | Power=0.0003 W
  Eb/No= 1.0 dB | BER=2.148e-03 | BERub=2.170e-03 | Latency=607.912 ms | Throughput=98092.80 | Power=0.0003 W
  Eb/No= 1.5 dB | BER=1.407e-03 | BERub=1.425e-03 | Latency=607.647 ms | Throughput=98165.66 | Power=0.0003 W
  Eb/No= 2.0 dB | BER=1.157e-03 | BERub=1.173e-03 | Latency=610.183 ms | Throughput=98190.30 | Power=0.0003 W
  Eb/No= 2.5 dB | BER=7.183e-04 | BERub=7.308e-04 | Latency=613.177 ms | Throughput=98233.39 | Power=0.0003 W
  Eb/No= 3.0 dB | BER=5.861e-04 | BERub=5.974e-04 | Latency=612.513 ms | Throughput=98246.38 | Power=0.0003 W
  Eb/No= 3.5 dB | BER=5.207e-04 | BERub=5.314e-04 | Latency=615.675 ms | Throughput=98252.81 | Power=0.0003 W
  Eb/No= 4.0 dB | BER=4.722e-04 | BERub=4.824e-04 | Latency=615.967 ms | Throughput=98257.58 | Power=0.0003 W
  Eb/No= 4.5 dB | BER=3.566e-04 | BERub=3.655e-04 | Latency=619.839 ms | Throughput=98268.95 | Power=0.0003 W
  Eb/No= 5.0 dB | BER=1.997e-04 | BERub=2.064e-04 | Latency=623.300 ms | Throughput=98284.37 | Power=0.0003 W
  Eb/No= 5.5 dB | BER=2.014e-04 | BERub=2.081e-04 | Latency=626.676 ms | Throughput=98284.20 | Power=0.0003 W
  Eb/No= 6.0 dB | BER=1.791e-04 | BERub=1.854e-04 | Latency=632.516 ms | Throughput=98286.40 | Power=0.0003 W
  Eb/No= 6.5 dB | BER=1.473e-04 | BERub=1.530e-04 | Latency=635.160 ms | Throughput=98289.52 | Power=0.0003 W
  Eb/No= 7.0 dB | BER=2.540e-04 | BERub=2.615e-04 | Latency=637.166 ms | Throughput=98279.03 | Power=0.0003 W
  Eb/No= 7.5 dB | BER=1.299e-04 | BERub=1.353e-04 | Latency=642.214 ms | Throughput=98291.23 | Power=0.0003 W
  Eb/No= 8.0 dB | BER=1.753e-04 | BERub=1.816e-04 | Latency=645.002 ms | Throughput=98286.77 | Power=0.0003 W
  Eb/No= 8.5 dB | BER=9.640e-05 | BERub=1.011e-04 | Latency=648.236 ms | Throughput=98294.52 | Power=0.0003 W
  Eb/No= 9.0 dB | BER=8.790e-05 | BERub=9.235e-05 | Latency=651.850 ms | Throughput=98295.36 | Power=0.0003 W
  Eb/No= 9.5 dB | BER=1.444e-04 | BERub=1.501e-04 | Latency=654.798 ms | Throughput=98289.80 | Power=0.0003 W
  Eb/No=10.0 dB | BER=5.921e-05 | BERub=6.288e-05 | Latency=658.120 ms | Throughput=98298.18 | Power=0.0003 W
Estimator: adaptive
  Eb/No=-5.0 dB | BER=1.535e-01 | BERub=1.539e-01 | Latency=662.006 ms | Throughput=83217.74 | Power=0.0003 W
  Eb/No=-4.5 dB | BER=1.191e-01 | BERub=1.195e-01 | Latency=661.870 ms | Throughput=86592.14 | Power=0.0003 W
  Eb/No=-4.0 dB | BER=8.809e-02 | BERub=8.838e-02 | Latency=660.319 ms | Throughput=89644.19 | Power=0.0003 W
  Eb/No=-3.5 dB | BER=6.217e-02 | BERub=6.238e-02 | Latency=661.021 ms | Throughput=92192.37 | Power=0.0003 W
  Eb/No=-3.0 dB | BER=4.767e-02 | BERub=4.783e-02 | Latency=662.827 ms | Throughput=93617.76 | Power=0.0003 W
  Eb/No=-2.5 dB | BER=3.001e-02 | BERub=3.012e-02 | Latency=663.736 ms | Throughput=95353.86 | Power=0.0003 W
  Eb/No=-2.0 dB | BER=1.994e-02 | BERub=2.001e-02 | Latency=666.382 ms | Throughput=96343.77 | Power=0.0003 W
  Eb/No=-1.5 dB | BER=1.381e-02 | BERub=1.387e-02 | Latency=670.086 ms | Throughput=96946.12 | Power=0.0003 W
  Eb/No=-1.0 dB | BER=8.852e-03 | BERub=8.895e-03 | Latency=671.596 ms | Throughput=97433.84 | Power=0.0003 W
  Eb/No=-0.5 dB | BER=6.199e-03 | BERub=6.236e-03 | Latency=675.117 ms | Throughput=97694.59 | Power=0.0003 W
  Eb/No= 0.0 dB | BER=3.980e-03 | BERub=4.009e-03 | Latency=675.679 ms | Throughput=97912.78 | Power=0.0003 W
  Eb/No= 0.5 dB | BER=2.955e-03 | BERub=2.980e-03 | Latency=720.157 ms | Throughput=98013.53 | Power=0.0003 W
  Eb/No= 1.0 dB | BER=1.780e-03 | BERub=1.800e-03 | Latency=735.203 ms | Throughput=98129.03 | Power=0.0003 W
  Eb/No= 1.5 dB | BER=1.237e-03 | BERub=1.253e-03 | Latency=717.766 ms | Throughput=98182.39 | Power=0.0003 W
  Eb/No= 2.0 dB | BER=9.172e-04 | BERub=9.313e-04 | Latency=719.031 ms | Throughput=98213.84 | Power=0.0003 W
  Eb/No= 2.5 dB | BER=8.241e-04 | BERub=8.375e-04 | Latency=723.569 ms | Throughput=98222.99 | Power=0.0003 W
  Eb/No= 3.0 dB | BER=4.351e-04 | BERub=4.449e-04 | Latency=727.132 ms | Throughput=98261.23 | Power=0.0003 W
  Eb/No= 3.5 dB | BER=5.438e-04 | BERub=5.548e-04 | Latency=727.372 ms | Throughput=98250.54 | Power=0.0003 W
  Eb/No= 4.0 dB | BER=2.999e-04 | BERub=3.080e-04 | Latency=729.946 ms | Throughput=98274.52 | Power=0.0003 W
  Eb/No= 4.5 dB | BER=3.595e-04 | BERub=3.684e-04 | Latency=733.798 ms | Throughput=98268.66 | Power=0.0003 W
  Eb/No= 5.0 dB | BER=2.960e-04 | BERub=3.040e-04 | Latency=738.726 ms | Throughput=98274.91 | Power=0.0003 W
  Eb/No= 5.5 dB | BER=3.139e-04 | BERub=3.222e-04 | Latency=765.619 ms | Throughput=98273.14 | Power=0.0002 W
  Eb/No= 6.0 dB | BER=9.211e-05 | BERub=9.667e-05 | Latency=806.812 ms | Throughput=98294.95 | Power=0.0002 W
  Eb/No= 6.5 dB | BER=1.707e-04 | BERub=1.769e-04 | Latency=1163.395 ms | Throughput=98287.22 | Power=0.0002 W
  Eb/No= 7.0 dB | BER=2.861e-05 | BERub=3.120e-05 | Latency=1015.448 ms | Throughput=98301.19 | Power=0.0002 W
  Eb/No= 7.5 dB | BER=1.081e-04 | BERub=1.130e-04 | Latency=1036.409 ms | Throughput=98293.38 | Power=0.0002 W
  Eb/No= 8.0 dB | BER=9.386e-05 | BERub=9.846e-05 | Latency=1173.172 ms | Throughput=98294.77 | Power=0.0002 W
  Eb/No= 8.5 dB | BER=5.031e-05 | BERub=5.370e-05 | Latency=1233.525 ms | Throughput=98299.05 | Power=0.0002 W
  Eb/No= 9.0 dB | BER=5.953e-05 | BERub=6.321e-05 | Latency=1088.378 ms | Throughput=98298.15 | Power=0.0002 W
  Eb/No= 9.5 dB | BER=0.000e+00 | BERub=2.381e-07 | Latency=1062.578 ms | Throughput=98304.00 | Power=0.0002 W
  Eb/No=10.0 dB | BER=0.000e+00 | BERub=2.381e-07 | Latency=1029.796 ms | Throughput=98304.00 | Power=0.0002 W
Estimator: pso
  Eb/No=-5.0 dB | BER=2.278e-01 | BERub=2.284e-01 | Latency=1025.694 ms | Throughput=75908.31 | Power=0.0002 W
  Eb/No=-4.5 dB | BER=2.129e-01 | BERub=2.134e-01 | Latency=1028.683 ms | Throughput=77373.71 | Power=0.0002 W
  Eb/No=-4.0 dB | BER=1.909e-01 | BERub=1.914e-01 | Latency=1019.115 ms | Throughput=79538.39 | Power=0.0002 W
  Eb/No=-3.5 dB | BER=1.667e-01 | BERub=1.671e-01 | Latency=1019.263 ms | Throughput=81918.55 | Power=0.0002 W
  Eb/No=-3.0 dB | BER=1.452e-01 | BERub=1.456e-01 | Latency=1031.654 ms | Throughput=84026.48 | Power=0.0002 W
  Eb/No=-2.5 dB | BER=1.323e-01 | BERub=1.327e-01 | Latency=1018.040 ms | Throughput=85294.60 | Power=0.0002 W
  Eb/No=-2.0 dB | BER=1.203e-01 | BERub=1.206e-01 | Latency=1065.868 ms | Throughput=86480.17 | Power=0.0002 W
  Eb/No=-1.5 dB | BER=1.018e-01 | BERub=1.020e-01 | Latency=1035.989 ms | Throughput=88301.38 | Power=0.0002 W
  Eb/No=-1.0 dB | BER=9.566e-02 | BERub=9.592e-02 | Latency=1033.048 ms | Throughput=88900.00 | Power=0.0002 W
  Eb/No=-0.5 dB | BER=8.058e-02 | BERub=8.080e-02 | Latency=1055.641 ms | Throughput=90382.93 | Power=0.0002 W
  Eb/No= 0.0 dB | BER=7.771e-02 | BERub=7.791e-02 | Latency=1108.380 ms | Throughput=90665.27 | Power=0.0002 W
  Eb/No= 0.5 dB | BER=7.625e-02 | BERub=7.645e-02 | Latency=1246.993 ms | Throughput=90808.49 | Power=0.0001 W
  Eb/No= 1.0 dB | BER=6.987e-02 | BERub=7.006e-02 | Latency=1249.127 ms | Throughput=91435.33 | Power=0.0001 W
  Eb/No= 1.5 dB | BER=6.821e-02 | BERub=6.839e-02 | Latency=980.236 ms | Throughput=91598.94 | Power=0.0002 W
  Eb/No= 2.0 dB | BER=6.198e-02 | BERub=6.215e-02 | Latency=752.532 ms | Throughput=92210.86 | Power=0.0002 W
  Eb/No= 2.5 dB | BER=6.613e-02 | BERub=6.630e-02 | Latency=753.654 ms | Throughput=91803.28 | Power=0.0002 W
  Eb/No= 3.0 dB | BER=6.128e-02 | BERub=6.143e-02 | Latency=751.672 ms | Throughput=92280.37 | Power=0.0002 W
  Eb/No= 3.5 dB | BER=6.289e-02 | BERub=6.305e-02 | Latency=754.187 ms | Throughput=92121.77 | Power=0.0002 W
  Eb/No= 4.0 dB | BER=5.855e-02 | BERub=5.870e-02 | Latency=757.772 ms | Throughput=92548.12 | Power=0.0002 W
  Eb/No= 4.5 dB | BER=5.860e-02 | BERub=5.875e-02 | Latency=751.384 ms | Throughput=92543.78 | Power=0.0002 W
  Eb/No= 5.0 dB | BER=6.327e-02 | BERub=6.342e-02 | Latency=751.538 ms | Throughput=92084.78 | Power=0.0002 W
  Eb/No= 5.5 dB | BER=5.588e-02 | BERub=5.602e-02 | Latency=753.037 ms | Throughput=92810.94 | Power=0.0002 W
  Eb/No= 6.0 dB | BER=5.754e-02 | BERub=5.769e-02 | Latency=755.385 ms | Throughput=92647.60 | Power=0.0002 W
  Eb/No= 6.5 dB | BER=5.869e-02 | BERub=5.883e-02 | Latency=754.886 ms | Throughput=92534.91 | Power=0.0002 W
  Eb/No= 7.0 dB | BER=5.534e-02 | BERub=5.548e-02 | Latency=759.058 ms | Throughput=92863.48 | Power=0.0002 W
  Eb/No= 7.5 dB | BER=6.070e-02 | BERub=6.086e-02 | Latency=761.867 ms | Throughput=92336.58 | Power=0.0002 W
  Eb/No= 8.0 dB | BER=5.614e-02 | BERub=5.628e-02 | Latency=761.166 ms | Throughput=92784.78 | Power=0.0002 W
  Eb/No= 8.5 dB | BER=5.763e-02 | BERub=5.777e-02 | Latency=765.675 ms | Throughput=92638.99 | Power=0.0002 W
  Eb/No= 9.0 dB | BER=5.925e-02 | BERub=5.940e-02 | Latency=766.967 ms | Throughput=92479.21 | Power=0.0002 W
  Eb/No= 9.5 dB | BER=5.828e-02 | BERub=5.842e-02 | Latency=771.883 ms | Throughput=92575.16 | Power=0.0002 W
  Eb/No=10.0 dB | BER=6.005e-02 | BERub=6.020e-02 | Latency=773.112 ms | Throughput=92400.99 | Power=0.0002 W
Estimator: perfect
  Eb/No=-5.0 dB | BER=3.100e-02 | BERub=3.113e-02 | Latency=776.987 ms | Throughput=95256.61 | Power=0.0002 W
  Eb/No=-4.5 dB | BER=1.616e-02 | BERub=1.623e-02 | Latency=779.772 ms | Throughput=96715.23 | Power=0.0002 W
  Eb/No=-4.0 dB | BER=8.182e-03 | BERub=8.224e-03 | Latency=781.630 ms | Throughput=97499.68 | Power=0.0002 W
  Eb/No=-3.5 dB | BER=4.024e-03 | BERub=4.053e-03 | Latency=786.032 ms | Throughput=97908.46 | Power=0.0002 W
  Eb/No=-3.0 dB | BER=2.046e-03 | BERub=2.067e-03 | Latency=787.659 ms | Throughput=98102.86 | Power=0.0002 W
  Eb/No=-2.5 dB | BER=1.000e-03 | BERub=1.015e-03 | Latency=790.978 ms | Throughput=98205.70 | Power=0.0002 W
  Eb/No=-2.0 dB | BER=6.843e-04 | BERub=6.965e-04 | Latency=794.182 ms | Throughput=98236.73 | Power=0.0002 W
  Eb/No=-1.5 dB | BER=5.411e-04 | BERub=5.519e-04 | Latency=841.104 ms | Throughput=98250.81 | Power=0.0002 W
  Eb/No=-1.0 dB | BER=1.937e-04 | BERub=2.002e-04 | Latency=852.986 ms | Throughput=98284.96 | Power=0.0002 W
  Eb/No=-0.5 dB | BER=1.294e-04 | BERub=1.348e-04 | Latency=855.372 ms | Throughput=98291.28 | Power=0.0002 W
  Eb/No= 0.0 dB | BER=1.335e-05 | BERub=1.516e-05 | Latency=865.262 ms | Throughput=98302.69 | Power=0.0002 W
  Eb/No= 0.5 dB | BER=8.194e-05 | BERub=8.624e-05 | Latency=862.308 ms | Throughput=98295.95 | Power=0.0002 W
  Eb/No= 1.0 dB | BER=3.656e-05 | BERub=3.947e-05 | Latency=850.266 ms | Throughput=98300.41 | Power=0.0002 W
  Eb/No= 1.5 dB | BER=0.000e+00 | BERub=2.381e-07 | Latency=866.694 ms | Throughput=98304.00 | Power=0.0002 W
  Eb/No= 2.0 dB | BER=0.000e+00 | BERub=2.381e-07 | Latency=838.500 ms | Throughput=98304.00 | Power=0.0002 W
  Eb/No= 2.5 dB | BER=0.000e+00 | BERub=2.381e-07 | Latency=840.763 ms | Throughput=98304.00 | Power=0.0002 W
  Eb/No= 3.0 dB | BER=0.000e+00 | BERub=2.381e-07 | Latency=845.308 ms | Throughput=98304.00 | Power=0.0002 W
  Eb/No= 3.5 dB | BER=0.000e+00 | BERub=2.381e-07 | Latency=847.944 ms | Throughput=98304.00 | Power=0.0002 W
  Eb/No= 4.0 dB | BER=1.486e-05 | BERub=1.676e-05 | Latency=851.993 ms | Throughput=98302.54 | Power=0.0002 W
  Eb/No= 4.5 dB | BER=0.000e+00 | BERub=2.381e-07 | Latency=845.803 ms | Throughput=98304.00 | Power=0.0002 W
  Eb/No= 5.0 dB | BER=0.000e+00 | BERub=2.381e-07 | Latency=848.914 ms | Throughput=98304.00 | Power=0.0002 W
  Eb/No= 5.5 dB | BER=0.000e+00 | BERub=2.381e-07 | Latency=848.851 ms | Throughput=98304.00 | Power=0.0002 W
  Eb/No= 6.0 dB | BER=0.000e+00 | BERub=2.381e-07 | Latency=853.741 ms | Throughput=98304.00 | Power=0.0002 W
  Eb/No= 6.5 dB | BER=0.000e+00 | BERub=2.381e-07 | Latency=853.117 ms | Throughput=98304.00 | Power=0.0002 W
  Eb/No= 7.0 dB | BER=0.000e+00 | BERub=2.381e-07 | Latency=855.426 ms | Throughput=98304.00 | Power=0.0002 W
  Eb/No= 7.5 dB | BER=0.000e+00 | BERub=2.381e-07 | Latency=856.255 ms | Throughput=98304.00 | Power=0.0002 W
  Eb/No= 8.0 dB | BER=0.000e+00 | BERub=2.381e-07 | Latency=859.123 ms | Throughput=98304.00 | Power=0.0002 W
  Eb/No= 8.5 dB | BER=0.000e+00 | BERub=2.381e-07 | Latency=862.598 ms | Throughput=98304.00 | Power=0.0002 W
  Eb/No= 9.0 dB | BER=0.000e+00 | BERub=2.381e-07 | Latency=865.776 ms | Throughput=98304.00 | Power=0.0002 W
  Eb/No= 9.5 dB | BER=0.000e+00 | BERub=2.381e-07 | Latency=870.235 ms | Throughput=98304.00 | Power=0.0002 W
  Eb/No=10.0 dB | BER=0.000e+00 | BERub=2.381e-07 | Latency=874.447 ms | Throughput=98304.00 | Power=0.0002 W
Loaded DRL Resource Manager checkpoint from models/drl_resource_manager_policy
Batch 1/128 (active points 217/217) ... Done (214.32s)
Batch 2/128 (active points 217/217) ... Done (214.73s)
Batch 3/128 (active points 217/217) ... Done (214.80s)
Batch 4/128 (active points 217/217) ... Done (215.11s)
Batch 5/128 (active points 217/217) ... Done (215.86s)
Batch 6/128 (active points 217/217) ... Done (215.86s)
Batch 7/128 (active points 217/217) ... Done (215.28s)
Batch 8/128 (active points 217/217) ... Done (215.76s)
Batch 9/128 (active points 217/217) ... Done (216.27s)
Batch 10/128 (active points 217/217) ... Done (215.27s)
Batch 11/128 (active points 217/217) ... Done (216.28s)
Batch 12/128 (active points 217/217) ... Done (215.98s)
Batch 13/128 (active points 217/217) ... Done (216.73s)
Batch 14/128 (active points 217/217) ... Done (215.60s)
Batch 15/128 (active points 217/217) ... Done (214.91s)
Batch 16/128 (active points 217/217) ... Done (216.04s)
Batch 17/128 (active points 217/217) ... Done (216.69s)
Batch 18/128 (active points 217/217) ... Done (215.27s)
Batch 19/128 (active points 217/217) ... Done (215.38s)
Batch 20/128 (active points 216/217) ... Done (214.61s)
Batch 21/128 (active points 216/217) ... Done (214.79s)
Batch 22/128 (active points 216/217) ... Done (214.76s)
Batch 23/128 (active points 215/217) ... Done (213.99s)
Batch 24/128 (active points 215/217) ... Done (213.93s)
Batch 25/128 (active points 215/217) ... Done (213.91s)
Batch 26/128 (active points 215/217) ... Done (214.22s)
Batch 27/128 (active points 215/217) ... Done (213.65s)
Batch 28/128 (active points 215/217) ... Done (214.38s)
Batch 29/128 (active points 214/217) ... Done (214.00s)
Batch 30/128 (active points 214/217) ... Done (213.49s)
Batch 31/128 (active points 214/217) ... Done (213.39s)
Batch 32/128 (active points 214/217) ... Done (213.49s)
Batch 33/128 (active points 214/217) ... Done (213.63s)
Batch 34/128 (active points 214/217) ... Done (213.57s)
Batch 35/128 (active points 214/217) ... Done (213.49s)
Batch 36/128 (active points 214/217) ... Done (213.61s)
Batch 37/128 (active points 214/217) ... Done (213.81s)
Batch 38/128 (active points 214/217) ... Done (214.27s)
Batch 39/128 (active points 213/217) ... Done (213.11s)
Batch 40/128 (active points 213/217) ... Done (213.25s)
Batch 41/128 (active points 213/217) ... Done (213.39s)
Batch 42/128 (active points 213/217) ... Done (214.06s)
Batch 43/128 (active points 213/217) ... Done (213.67s)
Batch 44/128 (active points 213/217) ... Done (213.70s)
Batch 45/128 (active points 213/217) ... Done (213.68s)
Batch 46/128 (active points 213/217) ... Done (213.72s)
Batch 47/128 (active points 213/217) ... Done (214.36s)
Batch 48/128 (active points 213/217) ... Done (214.07s)
Batch 49/128 (active points 212/217) ... Done (213.27s)
Batch 50/128 (active points 212/217) ... Done (213.68s)
Batch 51/128 (active points 212/217) ... Done (213.44s)
Batch 52/128 (active points 212/217) ... Done (214.33s)
Batch 53/128 (active points 212/217) ... Done (214.54s)
Batch 54/128 (active points 212/217) ... Done (214.67s)
Batch 55/128 (active points 212/217) ... Done (214.69s)
Batch 56/128 (active points 212/217) ... Done (214.39s)
Batch 57/128 (active points 212/217) ... Done (215.14s)
Batch 58/128 (active points 212/217) ... Done (214.95s)
Batch 59/128 (active points 212/217) ... Done (214.84s)
Batch 60/128 (active points 212/217) ... Done (215.12s)
Batch 61/128 (active points 212/217) ... Done (215.39s)
Batch 62/128 (active points 211/217) ... Done (214.30s)
Batch 63/128 (active points 210/217) ... Done (213.00s)
Batch 64/128 (active points 209/217) ... Done (212.63s)
Batch 65/128 (active points 209/217) ... Done (213.04s)
Batch 66/128 (active points 208/217) ... Done (220.25s)
Batch 67/128 (active points 207/217) ... Done (221.45s)
Batch 68/128 (active points 207/217) ... Done (315.94s)
Batch 69/128 (active points 206/217) ... Done (397.30s)
Batch 70/128 (active points 206/217) ... Done (374.07s)
Batch 71/128 (active points 206/217) ... Done (326.20s)
Batch 72/128 (active points 205/217) ... Done (337.56s)
Batch 73/128 (active points 205/217) ... Done (343.64s)
Batch 74/128 (active points 205/217) ... Done (273.32s)
Batch 75/128 (active points 205/217) ... Done (216.48s)
Batch 76/128 (active points 205/217) ... Done (213.35s)
Batch 77/128 (active points 205/217) ... Done (213.33s)
Batch 78/128 (active points 205/217) ... Done (213.06s)
Batch 79/128 (active points 205/217) ... Done (213.33s)
Batch 80/128 (active points 205/217) ... Done (213.28s)
Batch 81/128 (active points 205/217) ... Done (213.17s)
Batch 82/128 (active points 205/217) ... Done (214.22s)
Batch 83/128 (active points 205/217) ... Done (213.22s)
Batch 84/128 (active points 205/217) ... Done (210.55s)
Batch 85/128 (active points 205/217) ... Done (210.79s)
Batch 86/128 (active points 205/217) ... Done (210.54s)
Batch 87/128 (active points 205/217) ... Done (210.37s)
Batch 88/128 (active points 205/217) ... Done (211.00s)
Batch 89/128 (active points 205/217) ... Done (211.33s)
Batch 90/128 (active points 205/217) ... Done (211.33s)
Batch 91/128 (active points 205/217) ... Done (211.80s)
Batch 92/128 (active points 205/217) ... Done (211.18s)
Batch 93/128 (active points 205/217) ... Done (211.53s)
Batch 94/128 (active points 205/217) ... Done (211.48s)
Batch 95/128 (active points 205/217) ... Done (211.76s)
Batch 96/128 (active points 205/217) ... Done (211.83s)
Batch 97/128 (active points 204/217) ... Done (211.97s)
Batch 98/128 (active points 203/217) ... Done (209.84s)
Batch 99/128 (active points 203/217) ... Done (209.68s)
Batch 100/128 (active points 203/217) ... Done (209.77s)
Batch 101/128 (active points 202/217) ... Done (208.72s)
Batch 102/128 (active points 201/217) ... Done (207.61s)
Batch 103/128 (active points 201/217) ... Done (208.32s)
Batch 104/128 (active points 201/217) ... Done (208.45s)
Batch 105/128 (active points 200/217) ... Done (207.15s)
Batch 106/128 (active points 200/217) ... Done (207.68s)
Batch 107/128 (active points 200/217) ... Done (207.63s)
Batch 108/128 (active points 199/217) ... Done (206.85s)
Batch 109/128 (active points 199/217) ... Done (207.12s)
Batch 110/128 (active points 199/217) ... Done (207.64s)
Batch 111/128 (active points 199/217) ... Done (207.36s)
Batch 112/128 (active points 199/217) ... Done (207.33s)
Batch 113/128 (active points 199/217) ... Done (207.70s)
Batch 114/128 (active points 199/217) ... Done (208.10s)
Batch 115/128 (active points 199/217) ... Done (208.74s)
Batch 116/128 (active points 199/217) ... Done (208.65s)
Batch 117/128 (active points 199/217) ... Done (208.42s)
Batch 118/128 (active points 199/217) ... Done (208.66s)
Batch 119/128 (active points 198/217) ... Done (207.57s)
Batch 120/128 (active points 198/217) ... Done (207.56s)
Batch 121/128 (active points 198/217) ... Done (207.28s)
Batch 122/128 (active points 198/217) ... Done (207.36s)
Batch 123/128 (active points 198/217) ... Done (207.94s)
Batch 124/128 (active points 198/217) ... Done (208.06s)
Batch 125/128 (active points 198/217) ... Done (207.95s)
Batch 126/128 (active points 198/217) ... Done (207.78s)
Batch 127/128 (active points 198/217) ... Done (208.22s)
Batch 128/128 (active points 198/217) ... Done (208.62s)
