Log file: /app/results/20260318_172603_ls_umi_qpsk_16qam_64qam/simulation.log
Loaded configuration for scenario: umi
======================================================================
  6G Smart Factory Simulation Flow
======================================================================
Stages: estimators
Estimators: ['ls']
Modulations: QPSK | 16-QAM | 64-QAM
Scenario: umi
Eb/No Range: [0.0, 2.0, 4.0, 6.0, 8.0, 10.0, 12.0, 14.0, 16.0, 18.0, 20.0]
Run directory: results/20260318_172603_ls_umi_qpsk_16qam_64qam
----------------------------------------------------------------------

======================================================================
  Modulation: QPSK
======================================================================
[estimators] Starting...
Estimator batch 1/2000 (active points 11/11) [0s elapsed] ...   snr=+0.0dB [ls]  snr=+2.0dB [ls]  snr=+4.0dB [ls]  snr=+6.0dB [ls]  snr=+8.0dB [ls]  snr=+10.0dB [ls]  snr=+12.0dB [ls]  snr=+14.0dB [ls]  snr=+16.0dB [ls]  snr=+18.0dB [ls]  snr=+20.0dB [ls]Done (7.46s)
Estimator batch 2/2000 (active points 11/11) [7s elapsed] ...   snr=+0.0dB [ls]  snr=+2.0dB [ls]  snr=+4.0dB [ls]  snr=+6.0dB [ls]  snr=+8.0dB [ls]  snr=+10.0dB [ls]  snr=+12.0dB [ls]  snr=+14.0dB [ls]  snr=+16.0dB [ls]  snr=+18.0dB [ls]  snr=+20.0dB [ls]Done (7.41s)
Estimator batch 3/2000 (active points 11/11) [14s elapsed] ...   snr=+0.0dB [ls]  snr=+2.0dB [ls]  snr=+4.0dB [ls]  snr=+6.0dB [ls]  snr=+8.0dB [ls]  snr=+10.0dB [ls]  snr=+12.0dB [ls]  snr=+14.0dB [ls]  snr=+16.0dB [ls]  snr=+18.0dB [ls]  snr=+20.0dB [ls]Done (7.45s)
Estimator batch 4/2000 (active points 11/11) [22s elapsed] ...   snr=+0.0dB [ls]  snr=+2.0dB [ls]  snr=+4.0dB [ls]  snr=+6.0dB [ls]  snr=+8.0dB [ls]  snr=+10.0dB [ls]  snr=+12.0dB [ls]  snr=+14.0dB [ls]  snr=+16.0dB [ls]  snr=+18.0dB [ls]  snr=+20.0dB [ls]Done (7.43s)
Estimator batch 5/2000 (active points 11/11) [29s elapsed] ...   snr=+0.0dB [ls]  snr=+2.0dB [ls]  snr=+4.0dB [ls]  snr=+6.0dB [ls]  snr=+8.0dB [ls]  snr=+10.0dB [ls]  snr=+12.0dB [ls]  snr=+14.0dB [ls]  snr=+16.0dB [ls]  snr=+18.0dB [ls]  snr=+20.0dB [ls]Done (7.54s)
Estimator batch 6/2000 (active points 11/11) [37s elapsed] ...   snr=+0.0dB [ls]  snr=+2.0dB [ls]  snr=+4.0dB [ls]  snr=+6.0dB [ls]  snr=+8.0dB [ls]  snr=+10.0dB [ls]  snr=+12.0dB [ls]  snr=+14.0dB [ls]  snr=+16.0dB [ls]  snr=+18.0dB [ls]  snr=+20.0dB [ls]Done (7.54s)
Estimator batch 7/2000 (active points 11/11) [44s elapsed] ...   snr=+0.0dB [ls]  snr=+2.0dB [ls]  snr=+4.0dB [ls]  snr=+6.0dB [ls]  snr=+8.0dB [ls]  snr=+10.0dB [ls]  snr=+12.0dB [ls]  snr=+14.0dB [ls]  snr=+16.0dB [ls]  snr=+18.0dB [ls]  snr=+20.0dB [ls]Done (7.60s)
Estimator batch 8/2000 (active points 11/11) [52s elapsed] ...   snr=+0.0dB [ls]  snr=+2.0dB [ls]  snr=+4.0dB [ls]  snr=+6.0dB [ls]  snr=+8.0dB [ls]  snr=+10.0dB [ls]  snr=+12.0dB [ls]  snr=+14.0dB [ls]  snr=+16.0dB [ls]  snr=+18.0dB [ls]  snr=+20.0dB [ls]Done (7.66s)
Estimator batch 9/2000 (active points 11/11) [1m 00s elapsed] ...   snr=+0.0dB [ls]  snr=+2.0dB [ls]  snr=+4.0dB [ls]  snr=+6.0dB [ls]  snr=+8.0dB [ls]  snr=+10.0dB [ls]  snr=+12.0dB [ls]  snr=+14.0dB [ls]  snr=+16.0dB [ls]  snr=+18.0dB [ls]  snr=+20.0dB [ls]Done (7.74s)
Estimator batch 10/2000 (active points 11/11) [1m 07s elapsed] ...   snr=+0.0dB [ls]  snr=+2.0dB [ls]  snr=+4.0dB [ls]  snr=+6.0dB [ls]  snr=+8.0dB [ls]  snr=+10.0dB [ls]  snr=+12.0dB [ls]  snr=+14.0dB [ls]  snr=+16.0dB [ls]  snr=+18.0dB [ls]  snr=+20.0dB [ls]Done (8.29s)
Estimator batch 11/2000 (active points 10/11) [1m 16s elapsed] ...   snr=+2.0dB [ls]  snr=+4.0dB [ls]  snr=+6.0dB [ls]  snr=+8.0dB [ls]  snr=+10.0dB [ls]  snr=+12.0dB [ls]  snr=+14.0dB [ls]  snr=+16.0dB [ls]  snr=+18.0dB [ls]  snr=+20.0dB [ls]Done (7.15s)
Estimator batch 12/2000 (active points 10/11) [1m 23s elapsed] ...   snr=+2.0dB [ls]  snr=+4.0dB [ls]  snr=+6.0dB [ls]  snr=+8.0dB [ls]  snr=+10.0dB [ls]  snr=+12.0dB [ls]  snr=+14.0dB [ls]  snr=+16.0dB [ls]  snr=+18.0dB [ls]  snr=+20.0dB [ls]Done (7.20s)
Estimator batch 13/2000 (active points 10/11) [1m 30s elapsed] ...   snr=+2.0dB [ls]  snr=+4.0dB [ls]  snr=+6.0dB [ls]  snr=+8.0dB [ls]  snr=+10.0dB [ls]  snr=+12.0dB [ls]  snr=+14.0dB [ls]  snr=+16.0dB [ls]  snr=+18.0dB [ls]  snr=+20.0dB [ls]Done (7.19s)
Estimator batch 14/2000 (active points 10/11) [1m 37s elapsed] ...   snr=+2.0dB [ls]  snr=+4.0dB [ls]  snr=+6.0dB [ls]  snr=+8.0dB [ls]  snr=+10.0dB [ls]  snr=+12.0dB [ls]  snr=+14.0dB [ls]  snr=+16.0dB [ls]  snr=+18.0dB [ls]  snr=+20.0dB [ls]Done (7.22s)
Estimator batch 15/2000 (active points 9/11) [1m 44s elapsed] ...   snr=+4.0dB [ls]  snr=+6.0dB [ls]  snr=+8.0dB [ls]  snr=+10.0dB [ls]  snr=+12.0dB [ls]  snr=+14.0dB [ls]  snr=+16.0dB [ls]  snr=+18.0dB [ls]  snr=+20.0dB [ls]Done (6.48s)
Estimator batch 16/2000 (active points 9/11) [1m 51s elapsed] ...   snr=+4.0dB [ls]  snr=+6.0dB [ls]  snr=+8.0dB [ls]  snr=+10.0dB [ls]  snr=+12.0dB [ls]  snr=+14.0dB [ls]  snr=+16.0dB [ls]  snr=+18.0dB [ls]  snr=+20.0dB [ls]Done (6.52s)
Estimator batch 17/2000 (active points 9/11) [1m 57s elapsed] ...   snr=+4.0dB [ls]  snr=+6.0dB [ls]  snr=+8.0dB [ls]  snr=+10.0dB [ls]  snr=+12.0dB [ls]  snr=+14.0dB [ls]  snr=+16.0dB [ls]  snr=+18.0dB [ls]  snr=+20.0dB [ls]Done (6.56s)
Estimator batch 18/2000 (active points 9/11) [2m 04s elapsed] ...   snr=+4.0dB [ls]  snr=+6.0dB [ls]  snr=+8.0dB [ls]  snr=+10.0dB [ls]  snr=+12.0dB [ls]  snr=+14.0dB [ls]  snr=+16.0dB [ls]  snr=+18.0dB [ls]  snr=+20.0dB [ls]Done (6.78s)
Estimator batch 19/2000 (active points 9/11) [2m 11s elapsed] ...   snr=+4.0dB [ls]  snr=+6.0dB [ls]  snr=+8.0dB [ls]  snr=+10.0dB [ls]  snr=+12.0dB [ls]  snr=+14.0dB [ls]  snr=+16.0dB [ls]  snr=+18.0dB [ls]  snr=+20.0dB [ls]Done (7.08s)
Estimator batch 20/2000 (active points 9/11) [2m 18s elapsed] ...   snr=+4.0dB [ls]  snr=+6.0dB [ls]  snr=+8.0dB [ls]  snr=+10.0dB [ls]  snr=+12.0dB [ls]  snr=+14.0dB [ls]  snr=+16.0dB [ls]  snr=+18.0dB [ls]  snr=+20.0dB [ls]Done (6.62s)
Estimator batch 21/2000 (active points 9/11) [2m 24s elapsed] ...   snr=+4.0dB [ls]  snr=+6.0dB [ls]  snr=+8.0dB [ls]  snr=+10.0dB [ls]  snr=+12.0dB [ls]  snr=+14.0dB [ls]  snr=+16.0dB [ls]  snr=+18.0dB [ls]  snr=+20.0dB [ls]Done (6.52s)
Estimator batch 22/2000 (active points 9/11) [2m 31s elapsed] ...   snr=+4.0dB [ls]  snr=+6.0dB [ls]  snr=+8.0dB [ls]  snr=+10.0dB [ls]  snr=+12.0dB [ls]  snr=+14.0dB [ls]  snr=+16.0dB [ls]  snr=+18.0dB [ls]  snr=+20.0dB [ls]Done (6.64s)
Estimator batch 23/2000 (active points 9/11) [2m 38s elapsed] ...   snr=+4.0dB [ls]  snr=+6.0dB [ls]  snr=+8.0dB [ls]  snr=+10.0dB [ls]  snr=+12.0dB [ls]  snr=+14.0dB [ls]  snr=+16.0dB [ls]  snr=+18.0dB [ls]  snr=+20.0dB [ls]Done (6.80s)
Estimator batch 24/2000 (active points 9/11) [2m 44s elapsed] ...   snr=+4.0dB [ls]  snr=+6.0dB [ls]  snr=+8.0dB [ls]  snr=+10.0dB [ls]  snr=+12.0dB [ls]  snr=+14.0dB [ls]  snr=+16.0dB [ls]  snr=+18.0dB [ls]  snr=+20.0dB [ls]Done (6.93s)
Estimator batch 25/2000 (active points 9/11) [2m 51s elapsed] ...   snr=+4.0dB [ls]  snr=+6.0dB [ls]  snr=+8.0dB [ls]  snr=+10.0dB [ls]  snr=+12.0dB [ls]  snr=+14.0dB [ls]  snr=+16.0dB [ls]  snr=+18.0dB [ls]  snr=+20.0dB [ls]Done (8.05s)
Estimator batch 26/2000 (active points 9/11) [2m 59s elapsed] ...   snr=+4.0dB [ls]  snr=+6.0dB [ls]  snr=+8.0dB [ls]  snr=+10.0dB [ls]  snr=+12.0dB [ls]  snr=+14.0dB [ls]  snr=+16.0dB [ls]  snr=+18.0dB [ls]  snr=+20.0dB [ls]Done (6.88s)
Estimator batch 27/2000 (active points 9/11) [3m 06s elapsed] ...   snr=+4.0dB [ls]  snr=+6.0dB [ls]  snr=+8.0dB [ls]  snr=+10.0dB [ls]  snr=+12.0dB [ls]  snr=+14.0dB [ls]  snr=+16.0dB [ls]  snr=+18.0dB [ls]  snr=+20.0dB [ls]Done (7.25s)
Estimator batch 28/2000 (active points 9/11) [3m 14s elapsed] ...   snr=+4.0dB [ls]  snr=+6.0dB [ls]  snr=+8.0dB [ls]  snr=+10.0dB [ls]  snr=+12.0dB [ls]  snr=+14.0dB [ls]  snr=+16.0dB [ls]  snr=+18.0dB [ls]  snr=+20.0dB [ls]Done (6.40s)
Estimator batch 29/2000 (active points 9/11) [3m 20s elapsed] ...   snr=+4.0dB [ls]  snr=+6.0dB [ls]  snr=+8.0dB [ls]  snr=+10.0dB [ls]  snr=+12.0dB [ls]  snr=+14.0dB [ls]  snr=+16.0dB [ls]  snr=+18.0dB [ls]  snr=+20.0dB [ls]Done (6.31s)
Estimator batch 30/2000 (active points 9/11) [3m 26s elapsed] ...   snr=+4.0dB [ls]  snr=+6.0dB [ls]  snr=+8.0dB [ls]  snr=+10.0dB [ls]  snr=+12.0dB [ls]  snr=+14.0dB [ls]  snr=+16.0dB [ls]  snr=+18.0dB [ls]  snr=+20.0dB [ls]Done (6.27s)
Estimator batch 31/2000 (active points 9/11) [3m 33s elapsed] ...   snr=+4.0dB [ls]  snr=+6.0dB [ls]  snr=+8.0dB [ls]  snr=+10.0dB [ls]  snr=+12.0dB [ls]  snr=+14.0dB [ls]  snr=+16.0dB [ls]  snr=+18.0dB [ls]  snr=+20.0dB [ls]Done (6.26s)
Estimator batch 32/2000 (active points 9/11) [3m 39s elapsed] ...   snr=+4.0dB [ls]  snr=+6.0dB [ls]  snr=+8.0dB [ls]  snr=+10.0dB [ls]  snr=+12.0dB [ls]  snr=+14.0dB [ls]  snr=+16.0dB [ls]  snr=+18.0dB [ls]  snr=+20.0dB [ls]Done (6.55s)
Estimator batch 33/2000 (active points 9/11) [3m 45s elapsed] ...   snr=+4.0dB [ls]  snr=+6.0dB [ls]  snr=+8.0dB [ls]  snr=+10.0dB [ls]  snr=+12.0dB [ls]  snr=+14.0dB [ls]  snr=+16.0dB [ls]  snr=+18.0dB [ls]  snr=+20.0dB [ls]Done (6.25s)
Estimator batch 34/2000 (active points 9/11) [3m 52s elapsed] ...   snr=+4.0dB [ls]  snr=+6.0dB [ls]  snr=+8.0dB [ls]  snr=+10.0dB [ls]  snr=+12.0dB [ls]  snr=+14.0dB [ls]  snr=+16.0dB [ls]  snr=+18.0dB [ls]  snr=+20.0dB [ls]Done (6.26s)
Estimator batch 35/2000 (active points 9/11) [3m 58s elapsed] ...   snr=+4.0dB [ls]  snr=+6.0dB [ls]  snr=+8.0dB [ls]  snr=+10.0dB [ls]  snr=+12.0dB [ls]  snr=+14.0dB [ls]  snr=+16.0dB [ls]  snr=+18.0dB [ls]  snr=+20.0dB [ls]Done (6.23s)
Estimator batch 36/2000 (active points 9/11) [4m 04s elapsed] ...   snr=+4.0dB [ls]  snr=+6.0dB [ls]  snr=+8.0dB [ls]  snr=+10.0dB [ls]  snr=+12.0dB [ls]  snr=+14.0dB [ls]  snr=+16.0dB [ls]  snr=+18.0dB [ls]  snr=+20.0dB [ls]Done (6.25s)
Estimator batch 37/2000 (active points 9/11) [4m 10s elapsed] ...   snr=+4.0dB [ls]  snr=+6.0dB [ls]  snr=+8.0dB [ls]  snr=+10.0dB [ls]  snr=+12.0dB [ls]  snr=+14.0dB [ls]  snr=+16.0dB [ls]  snr=+18.0dB [ls]  snr=+20.0dB [ls]Done (6.24s)
Estimator batch 38/2000 (active points 9/11) [4m 17s elapsed] ...   snr=+4.0dB [ls]  snr=+6.0dB [ls]  snr=+8.0dB [ls]  snr=+10.0dB [ls]  snr=+12.0dB [ls]  snr=+14.0dB [ls]  snr=+16.0dB [ls]  snr=+18.0dB [ls]  snr=+20.0dB [ls]Done (6.25s)
Estimator batch 39/2000 (active points 9/11) [4m 23s elapsed] ...   snr=+4.0dB [ls]  snr=+6.0dB [ls]  snr=+8.0dB [ls]  snr=+10.0dB [ls]  snr=+12.0dB [ls]  snr=+14.0dB [ls]  snr=+16.0dB [ls]  snr=+18.0dB [ls]  snr=+20.0dB [ls]Done (6.26s)
Estimator batch 40/2000 (active points 9/11) [4m 29s elapsed] ...   snr=+4.0dB [ls]  snr=+6.0dB [ls]  snr=+8.0dB [ls]  snr=+10.0dB [ls]  snr=+12.0dB [ls]  snr=+14.0dB [ls]  snr=+16.0dB [ls]  snr=+18.0dB [ls]  snr=+20.0dB [ls]Done (6.23s)
Estimator batch 41/2000 (active points 9/11) [4m 35s elapsed] ...   snr=+4.0dB [ls]  snr=+6.0dB [ls]  snr=+8.0dB [ls]  snr=+10.0dB [ls]  snr=+12.0dB [ls]  snr=+14.0dB [ls]  snr=+16.0dB [ls]  snr=+18.0dB [ls]  snr=+20.0dB [ls]Done (6.22s)
Estimator batch 42/2000 (active points 9/11) [4m 42s elapsed] ...   snr=+4.0dB [ls]  snr=+6.0dB [ls]  snr=+8.0dB [ls]  snr=+10.0dB [ls]  snr=+12.0dB [ls]  snr=+14.0dB [ls]  snr=+16.0dB [ls]  snr=+18.0dB [ls]  snr=+20.0dB [ls]Done (6.23s)
Estimator batch 43/2000 (active points 9/11) [4m 48s elapsed] ...   snr=+4.0dB [ls]  snr=+6.0dB [ls]  snr=+8.0dB [ls]  snr=+10.0dB [ls]  snr=+12.0dB [ls]  snr=+14.0dB [ls]  snr=+16.0dB [ls]  snr=+18.0dB [ls]  snr=+20.0dB [ls]Done (6.23s)
Estimator batch 44/2000 (active points 9/11) [4m 54s elapsed] ...   snr=+4.0dB [ls]  snr=+6.0dB [ls]  snr=+8.0dB [ls]  snr=+10.0dB [ls]  snr=+12.0dB [ls]  snr=+14.0dB [ls]  snr=+16.0dB [ls]  snr=+18.0dB [ls]  snr=+20.0dB [ls]Done (6.27s)
Estimator batch 45/2000 (active points 9/11) [5m 00s elapsed] ...   snr=+4.0dB [ls]  snr=+6.0dB [ls]  snr=+8.0dB [ls]  snr=+10.0dB [ls]  snr=+12.0dB [ls]  snr=+14.0dB [ls]  snr=+16.0dB [ls]  snr=+18.0dB [ls]  snr=+20.0dB [ls]Done (6.23s)
Estimator batch 46/2000 (active points 9/11) [5m 07s elapsed] ...   snr=+4.0dB [ls]  snr=+6.0dB [ls]  snr=+8.0dB [ls]  snr=+10.0dB [ls]  snr=+12.0dB [ls]  snr=+14.0dB [ls]  snr=+16.0dB [ls]  snr=+18.0dB [ls]  snr=+20.0dB [ls]Done (6.24s)
Estimator batch 47/2000 (active points 9/11) [5m 13s elapsed] ...   snr=+4.0dB [ls]  snr=+6.0dB [ls]  snr=+8.0dB [ls]  snr=+10.0dB [ls]  snr=+12.0dB [ls]  snr=+14.0dB [ls]  snr=+16.0dB [ls]  snr=+18.0dB [ls]  snr=+20.0dB [ls]Done (6.25s)
Estimator batch 48/2000 (active points 9/11) [5m 19s elapsed] ...   snr=+4.0dB [ls]  snr=+6.0dB [ls]  snr=+8.0dB [ls]  snr=+10.0dB [ls]  snr=+12.0dB [ls]  snr=+14.0dB [ls]  snr=+16.0dB [ls]  snr=+18.0dB [ls]  snr=+20.0dB [ls]Done (6.26s)
Estimator batch 49/2000 (active points 9/11) [5m 25s elapsed] ...   snr=+4.0dB [ls]  snr=+6.0dB [ls]  snr=+8.0dB [ls]  snr=+10.0dB [ls]  snr=+12.0dB [ls]  snr=+14.0dB [ls]  snr=+16.0dB [ls]  snr=+18.0dB [ls]  snr=+20.0dB [ls]Done (6.24s)
Estimator batch 50/2000 (active points 9/11) [5m 32s elapsed] ...   snr=+4.0dB [ls]  snr=+6.0dB [ls]  snr=+8.0dB [ls]  snr=+10.0dB [ls]  snr=+12.0dB [ls]  snr=+14.0dB [ls]  snr=+16.0dB [ls]  snr=+18.0dB [ls]  snr=+20.0dB [ls]Done (6.26s)
Estimator batch 51/2000 (active points 9/11) [5m 38s elapsed] ...   snr=+4.0dB [ls]  snr=+6.0dB [ls]  snr=+8.0dB [ls]  snr=+10.0dB [ls]  snr=+12.0dB [ls]  snr=+14.0dB [ls]  snr=+16.0dB [ls]  snr=+18.0dB [ls]  snr=+20.0dB [ls]Done (6.28s)
Estimator batch 52/2000 (active points 9/11) [5m 44s elapsed] ...   snr=+4.0dB [ls]  snr=+6.0dB [ls]  snr=+8.0dB [ls]  snr=+10.0dB [ls]  snr=+12.0dB [ls]  snr=+14.0dB [ls]  snr=+16.0dB [ls]  snr=+18.0dB [ls]  snr=+20.0dB [ls]Done (6.25s)
Estimator batch 53/2000 (active points 9/11) [5m 50s elapsed] ...   snr=+4.0dB [ls]  snr=+6.0dB [ls]  snr=+8.0dB [ls]  snr=+10.0dB [ls]  snr=+12.0dB [ls]  snr=+14.0dB [ls]  snr=+16.0dB [ls]  snr=+18.0dB [ls]  snr=+20.0dB [ls]Done (6.27s)
Estimator batch 54/2000 (active points 9/11) [5m 57s elapsed] ...   snr=+4.0dB [ls]  snr=+6.0dB [ls]  snr=+8.0dB [ls]  snr=+10.0dB [ls]  snr=+12.0dB [ls]  snr=+14.0dB [ls]  snr=+16.0dB [ls]  snr=+18.0dB [ls]  snr=+20.0dB [ls]Done (6.29s)
Estimator batch 55/2000 (active points 9/11) [6m 03s elapsed] ...   snr=+4.0dB [ls]  snr=+6.0dB [ls]  snr=+8.0dB [ls]  snr=+10.0dB [ls]  snr=+12.0dB [ls]  snr=+14.0dB [ls]  snr=+16.0dB [ls]  snr=+18.0dB [ls]  snr=+20.0dB [ls]Done (6.26s)
Estimator batch 56/2000 (active points 9/11) [6m 09s elapsed] ...   snr=+4.0dB [ls]  snr=+6.0dB [ls]  snr=+8.0dB [ls]  snr=+10.0dB [ls]  snr=+12.0dB [ls]  snr=+14.0dB [ls]  snr=+16.0dB [ls]  snr=+18.0dB [ls]  snr=+20.0dB [ls]Done (6.25s)
Estimator batch 57/2000 (active points 9/11) [6m 15s elapsed] ...   snr=+4.0dB [ls]  snr=+6.0dB [ls]  snr=+8.0dB [ls]  snr=+10.0dB [ls]  snr=+12.0dB [ls]  snr=+14.0dB [ls]  snr=+16.0dB [ls]  snr=+18.0dB [ls]  snr=+20.0dB [ls]Done (6.25s)
Estimator batch 58/2000 (active points 9/11) [6m 22s elapsed] ...   snr=+4.0dB [ls]  snr=+6.0dB [ls]  snr=+8.0dB [ls]  snr=+10.0dB [ls]  snr=+12.0dB [ls]  snr=+14.0dB [ls]  snr=+16.0dB [ls]  snr=+18.0dB [ls]  snr=+20.0dB [ls]Done (6.28s)
Estimator batch 59/2000 (active points 9/11) [6m 28s elapsed] ...   snr=+4.0dB [ls]  snr=+6.0dB [ls]  snr=+8.0dB [ls]  snr=+10.0dB [ls]  snr=+12.0dB [ls]  snr=+14.0dB [ls]  snr=+16.0dB [ls]  snr=+18.0dB [ls]  snr=+20.0dB [ls]Done (6.25s)
Estimator batch 60/2000 (active points 9/11) [6m 34s elapsed] ...   snr=+4.0dB [ls]  snr=+6.0dB [ls]  snr=+8.0dB [ls]  snr=+10.0dB [ls]  snr=+12.0dB [ls]  snr=+14.0dB [ls]  snr=+16.0dB [ls]  snr=+18.0dB [ls]  snr=+20.0dB [ls]Done (6.25s)
Estimator batch 61/2000 (active points 9/11) [6m 40s elapsed] ...   snr=+4.0dB [ls]  snr=+6.0dB [ls]  snr=+8.0dB [ls]  snr=+10.0dB [ls]  snr=+12.0dB [ls]  snr=+14.0dB [ls]  snr=+16.0dB [ls]  snr=+18.0dB [ls]  snr=+20.0dB [ls]Done (6.25s)
Estimator batch 62/2000 (active points 9/11) [6m 47s elapsed] ...   snr=+4.0dB [ls]  snr=+6.0dB [ls]  snr=+8.0dB [ls]  snr=+10.0dB [ls]  snr=+12.0dB [ls]  snr=+14.0dB [ls]  snr=+16.0dB [ls]  snr=+18.0dB [ls]  snr=+20.0dB [ls]Done (6.27s)
Estimator batch 63/2000 (active points 9/11) [6m 53s elapsed] ...   snr=+4.0dB [ls]  snr=+6.0dB [ls]  snr=+8.0dB [ls]  snr=+10.0dB [ls]  snr=+12.0dB [ls]  snr=+14.0dB [ls]  snr=+16.0dB [ls]  snr=+18.0dB [ls]  snr=+20.0dB [ls]Done (6.27s)
Estimator batch 64/2000 (active points 9/11) [6m 59s elapsed] ...   snr=+4.0dB [ls]  snr=+6.0dB [ls]  snr=+8.0dB [ls]  snr=+10.0dB [ls]  snr=+12.0dB [ls]  snr=+14.0dB [ls]  snr=+16.0dB [ls]  snr=+18.0dB [ls]  snr=+20.0dB [ls]Done (6.24s)
Estimator batch 65/2000 (active points 8/11) [7m 05s elapsed] ...   snr=+6.0dB [ls]  snr=+8.0dB [ls]  snr=+10.0dB [ls]  snr=+12.0dB [ls]  snr=+14.0dB [ls]  snr=+16.0dB [ls]  snr=+18.0dB [ls]  snr=+20.0dB [ls]Done (5.55s)
Estimator batch 66/2000 (active points 8/11) [7m 11s elapsed] ...   snr=+6.0dB [ls]  snr=+8.0dB [ls]  snr=+10.0dB [ls]  snr=+12.0dB [ls]  snr=+14.0dB [ls]  snr=+16.0dB [ls]  snr=+18.0dB [ls]  snr=+20.0dB [ls]Done (5.56s)
Estimator batch 67/2000 (active points 8/11) [7m 17s elapsed] ...   snr=+6.0dB [ls]  snr=+8.0dB [ls]  snr=+10.0dB [ls]  snr=+12.0dB [ls]  snr=+14.0dB [ls]  snr=+16.0dB [ls]  snr=+18.0dB [ls]  snr=+20.0dB [ls]Done (5.58s)
Estimator batch 68/2000 (active points 8/11) [7m 22s elapsed] ...   snr=+6.0dB [ls]  snr=+8.0dB [ls]  snr=+10.0dB [ls]  snr=+12.0dB [ls]  snr=+14.0dB [ls]  snr=+16.0dB [ls]  snr=+18.0dB [ls]  snr=+20.0dB [ls]Done (5.56s)
Estimator batch 69/2000 (active points 8/11) [7m 28s elapsed] ...   snr=+6.0dB [ls]  snr=+8.0dB [ls]  snr=+10.0dB [ls]  snr=+12.0dB [ls]  snr=+14.0dB [ls]  snr=+16.0dB [ls]  snr=+18.0dB [ls]  snr=+20.0dB [ls]Done (5.55s)
Estimator batch 70/2000 (active points 8/11) [7m 33s elapsed] ...   snr=+6.0dB [ls]  snr=+8.0dB [ls]  snr=+10.0dB [ls]  snr=+12.0dB [ls]  snr=+14.0dB [ls]  snr=+16.0dB [ls]  snr=+18.0dB [ls]  snr=+20.0dB [ls]Done (5.59s)
Estimator batch 71/2000 (active points 8/11) [7m 39s elapsed] ...   snr=+6.0dB [ls]  snr=+8.0dB [ls]  snr=+10.0dB [ls]  snr=+12.0dB [ls]  snr=+14.0dB [ls]  snr=+16.0dB [ls]  snr=+18.0dB [ls]  snr=+20.0dB [ls]Done (5.55s)
Estimator batch 72/2000 (active points 8/11) [7m 44s elapsed] ...   snr=+6.0dB [ls]  snr=+8.0dB [ls]  snr=+10.0dB [ls]  snr=+12.0dB [ls]  snr=+14.0dB [ls]  snr=+16.0dB [ls]  snr=+18.0dB [ls]  snr=+20.0dB [ls]Done (5.57s)
Estimator batch 73/2000 (active points 8/11) [7m 50s elapsed] ...   snr=+6.0dB [ls]  snr=+8.0dB [ls]  snr=+10.0dB [ls]  snr=+12.0dB [ls]  snr=+14.0dB [ls]  snr=+16.0dB [ls]  snr=+18.0dB [ls]  snr=+20.0dB [ls]Done (5.57s)
Estimator batch 74/2000 (active points 8/11) [7m 56s elapsed] ...   snr=+6.0dB [ls]  snr=+8.0dB [ls]  snr=+10.0dB [ls]  snr=+12.0dB [ls]  snr=+14.0dB [ls]  snr=+16.0dB [ls]  snr=+18.0dB [ls]  snr=+20.0dB [ls]Done (5.56s)
Estimator batch 75/2000 (active points 8/11) [8m 01s elapsed] ...   snr=+6.0dB [ls]  snr=+8.0dB [ls]  snr=+10.0dB [ls]  snr=+12.0dB [ls]  snr=+14.0dB [ls]  snr=+16.0dB [ls]  snr=+18.0dB [ls]  snr=+20.0dB [ls]Done (5.57s)
Estimator batch 76/2000 (active points 8/11) [8m 07s elapsed] ...   snr=+6.0dB [ls]  snr=+8.0dB [ls]  snr=+10.0dB [ls]  snr=+12.0dB [ls]  snr=+14.0dB [ls]  snr=+16.0dB [ls]  snr=+18.0dB [ls]  snr=+20.0dB [ls]Done (5.56s)
Estimator batch 77/2000 (active points 8/11) [8m 12s elapsed] ...   snr=+6.0dB [ls]  snr=+8.0dB [ls]  snr=+10.0dB [ls]  snr=+12.0dB [ls]  snr=+14.0dB [ls]  snr=+16.0dB [ls]  snr=+18.0dB [ls]  snr=+20.0dB [ls]Done (5.71s)
Estimator batch 78/2000 (active points 8/11) [8m 18s elapsed] ...   snr=+6.0dB [ls]  snr=+8.0dB [ls]  snr=+10.0dB [ls]  snr=+12.0dB [ls]  snr=+14.0dB [ls]  snr=+16.0dB [ls]  snr=+18.0dB [ls]  snr=+20.0dB [ls]Done (5.63s)
Estimator batch 79/2000 (active points 8/11) [8m 24s elapsed] ...   snr=+6.0dB [ls]  snr=+8.0dB [ls]  snr=+10.0dB [ls]  snr=+12.0dB [ls]  snr=+14.0dB [ls]  snr=+16.0dB [ls]  snr=+18.0dB [ls]  snr=+20.0dB [ls]Done (5.57s)
Estimator batch 80/2000 (active points 8/11) [8m 29s elapsed] ...   snr=+6.0dB [ls]  snr=+8.0dB [ls]  snr=+10.0dB [ls]  snr=+12.0dB [ls]  snr=+14.0dB [ls]  snr=+16.0dB [ls]  snr=+18.0dB [ls]  snr=+20.0dB [ls]Done (5.56s)
Estimator batch 81/2000 (active points 8/11) [8m 35s elapsed] ...   snr=+6.0dB [ls]  snr=+8.0dB [ls]  snr=+10.0dB [ls]  snr=+12.0dB [ls]  snr=+14.0dB [ls]  snr=+16.0dB [ls]  snr=+18.0dB [ls]  snr=+20.0dB [ls]Done (5.56s)
Estimator batch 82/2000 (active points 8/11) [8m 40s elapsed] ...   snr=+6.0dB [ls]  snr=+8.0dB [ls]  snr=+10.0dB [ls]  snr=+12.0dB [ls]  snr=+14.0dB [ls]  snr=+16.0dB [ls]  snr=+18.0dB [ls]  snr=+20.0dB [ls]Done (5.58s)
Estimator batch 83/2000 (active points 8/11) [8m 46s elapsed] ...   snr=+6.0dB [ls]  snr=+8.0dB [ls]  snr=+10.0dB [ls]  snr=+12.0dB [ls]  snr=+14.0dB [ls]  snr=+16.0dB [ls]  snr=+18.0dB [ls]  snr=+20.0dB [ls]Done (5.58s)
Estimator batch 84/2000 (active points 8/11) [8m 51s elapsed] ...   snr=+6.0dB [ls]  snr=+8.0dB [ls]  snr=+10.0dB [ls]  snr=+12.0dB [ls]  snr=+14.0dB [ls]  snr=+16.0dB [ls]  snr=+18.0dB [ls]  snr=+20.0dB [ls]Done (5.58s)
Estimator batch 85/2000 (active points 8/11) [8m 57s elapsed] ...   snr=+6.0dB [ls]  snr=+8.0dB [ls]  snr=+10.0dB [ls]  snr=+12.0dB [ls]  snr=+14.0dB [ls]  snr=+16.0dB [ls]  snr=+18.0dB [ls]  snr=+20.0dB [ls]Done (5.56s)
Estimator batch 86/2000 (active points 8/11) [9m 03s elapsed] ...   snr=+6.0dB [ls]  snr=+8.0dB [ls]  snr=+10.0dB [ls]  snr=+12.0dB [ls]  snr=+14.0dB [ls]  snr=+16.0dB [ls]  snr=+18.0dB [ls]  snr=+20.0dB [ls]Done (5.55s)
Estimator batch 87/2000 (active points 8/11) [9m 08s elapsed] ...   snr=+6.0dB [ls]  snr=+8.0dB [ls]  snr=+10.0dB [ls]  snr=+12.0dB [ls]  snr=+14.0dB [ls]  snr=+16.0dB [ls]  snr=+18.0dB [ls]  snr=+20.0dB [ls]Done (5.57s)
Estimator batch 88/2000 (active points 8/11) [9m 14s elapsed] ...   snr=+6.0dB [ls]  snr=+8.0dB [ls]  snr=+10.0dB [ls]  snr=+12.0dB [ls]  snr=+14.0dB [ls]  snr=+16.0dB [ls]  snr=+18.0dB [ls]  snr=+20.0dB [ls]Done (5.55s)
Estimator batch 89/2000 (active points 8/11) [9m 19s elapsed] ...   snr=+6.0dB [ls]  snr=+8.0dB [ls]  snr=+10.0dB [ls]  snr=+12.0dB [ls]  snr=+14.0dB [ls]  snr=+16.0dB [ls]  snr=+18.0dB [ls]  snr=+20.0dB [ls]Done (5.56s)
Estimator batch 90/2000 (active points 8/11) [9m 25s elapsed] ...   snr=+6.0dB [ls]  snr=+8.0dB [ls]  snr=+10.0dB [ls]  snr=+12.0dB [ls]  snr=+14.0dB [ls]  snr=+16.0dB [ls]  snr=+18.0dB [ls]  snr=+20.0dB [ls]Done (5.56s)
Estimator batch 91/2000 (active points 8/11) [9m 30s elapsed] ...   snr=+6.0dB [ls]  snr=+8.0dB [ls]  snr=+10.0dB [ls]  snr=+12.0dB [ls]  snr=+14.0dB [ls]  snr=+16.0dB [ls]  snr=+18.0dB [ls]  snr=+20.0dB [ls]Done (5.56s)
Estimator batch 92/2000 (active points 8/11) [9m 36s elapsed] ...   snr=+6.0dB [ls]  snr=+8.0dB [ls]  snr=+10.0dB [ls]  snr=+12.0dB [ls]  snr=+14.0dB [ls]  snr=+16.0dB [ls]  snr=+18.0dB [ls]  snr=+20.0dB [ls]Done (5.57s)
Estimator batch 93/2000 (active points 8/11) [9m 41s elapsed] ...   snr=+6.0dB [ls]  snr=+8.0dB [ls]  snr=+10.0dB [ls]  snr=+12.0dB [ls]  snr=+14.0dB [ls]  snr=+16.0dB [ls]  snr=+18.0dB [ls]  snr=+20.0dB [ls]Done (5.56s)
Estimator batch 94/2000 (active points 8/11) [9m 47s elapsed] ...   snr=+6.0dB [ls]  snr=+8.0dB [ls]  snr=+10.0dB [ls]  snr=+12.0dB [ls]  snr=+14.0dB [ls]  snr=+16.0dB [ls]  snr=+18.0dB [ls]  snr=+20.0dB [ls]Done (5.57s)
Estimator batch 95/2000 (active points 8/11) [9m 53s elapsed] ...   snr=+6.0dB [ls]  snr=+8.0dB [ls]  snr=+10.0dB [ls]  snr=+12.0dB [ls]  snr=+14.0dB [ls]  snr=+16.0dB [ls]  snr=+18.0dB [ls]  snr=+20.0dB [ls]Done (5.59s)
Estimator batch 96/2000 (active points 8/11) [9m 58s elapsed] ...   snr=+6.0dB [ls]  snr=+8.0dB [ls]  snr=+10.0dB [ls]  snr=+12.0dB [ls]  snr=+14.0dB [ls]  snr=+16.0dB [ls]  snr=+18.0dB [ls]  snr=+20.0dB [ls]Done (5.57s)
Estimator batch 97/2000 (active points 8/11) [10m 04s elapsed] ...   snr=+6.0dB [ls]  snr=+8.0dB [ls]  snr=+10.0dB [ls]  snr=+12.0dB [ls]  snr=+14.0dB [ls]  snr=+16.0dB [ls]  snr=+18.0dB [ls]  snr=+20.0dB [ls]Done (5.65s)
Estimator batch 98/2000 (active points 8/11) [10m 09s elapsed] ...   snr=+6.0dB [ls]  snr=+8.0dB [ls]  snr=+10.0dB [ls]  snr=+12.0dB [ls]  snr=+14.0dB [ls]  snr=+16.0dB [ls]  snr=+18.0dB [ls]  snr=+20.0dB [ls]Done (5.56s)
Estimator batch 99/2000 (active points 8/11) [10m 15s elapsed] ...   snr=+6.0dB [ls]  snr=+8.0dB [ls]  snr=+10.0dB [ls]  snr=+12.0dB [ls]  snr=+14.0dB [ls]  snr=+16.0dB [ls]  snr=+18.0dB [ls]  snr=+20.0dB [ls]Done (5.59s)
Estimator batch 100/2000 (active points 8/11) [10m 21s elapsed] ...   snr=+6.0dB [ls]  snr=+8.0dB [ls]  snr=+10.0dB [ls]  snr=+12.0dB [ls]  snr=+14.0dB [ls]  snr=+16.0dB [ls]  snr=+18.0dB [ls]  snr=+20.0dB [ls]Done (5.56s)
Estimator batch 101/2000 (active points 8/11) [10m 26s elapsed] ...   snr=+6.0dB [ls]  snr=+8.0dB [ls]  snr=+10.0dB [ls]  snr=+12.0dB [ls]  snr=+14.0dB [ls]  snr=+16.0dB [ls]  snr=+18.0dB [ls]  snr=+20.0dB [ls]Done (5.55s)
Estimator batch 102/2000 (active points 8/11) [10m 32s elapsed] ...   snr=+6.0dB [ls]  snr=+8.0dB [ls]  snr=+10.0dB [ls]  snr=+12.0dB [ls]  snr=+14.0dB [ls]  snr=+16.0dB [ls]  snr=+18.0dB [ls]  snr=+20.0dB [ls]Done (5.57s)
Estimator batch 103/2000 (active points 8/11) [10m 37s elapsed] ...   snr=+6.0dB [ls]  snr=+8.0dB [ls]  snr=+10.0dB [ls]  snr=+12.0dB [ls]  snr=+14.0dB [ls]  snr=+16.0dB [ls]  snr=+18.0dB [ls]  snr=+20.0dB [ls]Done (5.57s)
Estimator batch 104/2000 (active points 8/11) [10m 43s elapsed] ...   snr=+6.0dB [ls]  snr=+8.0dB [ls]  snr=+10.0dB [ls]  snr=+12.0dB [ls]  snr=+14.0dB [ls]  snr=+16.0dB [ls]  snr=+18.0dB [ls]  snr=+20.0dB [ls]Done (5.57s)
Estimator batch 105/2000 (active points 8/11) [10m 48s elapsed] ...   snr=+6.0dB [ls]  snr=+8.0dB [ls]  snr=+10.0dB [ls]  snr=+12.0dB [ls]  snr=+14.0dB [ls]  snr=+16.0dB [ls]  snr=+18.0dB [ls]  snr=+20.0dB [ls]Done (5.58s)
Estimator batch 106/2000 (active points 8/11) [10m 54s elapsed] ...   snr=+6.0dB [ls]  snr=+8.0dB [ls]  snr=+10.0dB [ls]  snr=+12.0dB [ls]  snr=+14.0dB [ls]  snr=+16.0dB [ls]  snr=+18.0dB [ls]  snr=+20.0dB [ls]Done (5.57s)
Estimator batch 107/2000 (active points 8/11) [11m 00s elapsed] ...   snr=+6.0dB [ls]  snr=+8.0dB [ls]  snr=+10.0dB [ls]  snr=+12.0dB [ls]  snr=+14.0dB [ls]  snr=+16.0dB [ls]  snr=+18.0dB [ls]  snr=+20.0dB [ls]Done (5.58s)
Estimator batch 108/2000 (active points 8/11) [11m 05s elapsed] ...   snr=+6.0dB [ls]  snr=+8.0dB [ls]  snr=+10.0dB [ls]  snr=+12.0dB [ls]  snr=+14.0dB [ls]  snr=+16.0dB [ls]  snr=+18.0dB [ls]  snr=+20.0dB [ls]Done (5.55s)
Estimator batch 109/2000 (active points 8/11) [11m 11s elapsed] ...   snr=+6.0dB [ls]  snr=+8.0dB [ls]  snr=+10.0dB [ls]  snr=+12.0dB [ls]  snr=+14.0dB [ls]  snr=+16.0dB [ls]  snr=+18.0dB [ls]  snr=+20.0dB [ls]Done (6.00s)
Estimator batch 110/2000 (active points 8/11) [11m 17s elapsed] ...   snr=+6.0dB [ls]  snr=+8.0dB [ls]  snr=+10.0dB [ls]  snr=+12.0dB [ls]  snr=+14.0dB [ls]  snr=+16.0dB [ls]  snr=+18.0dB [ls]  snr=+20.0dB [ls]Done (5.57s)
Estimator batch 111/2000 (active points 8/11) [11m 22s elapsed] ...   snr=+6.0dB [ls]  snr=+8.0dB [ls]  snr=+10.0dB [ls]  snr=+12.0dB [ls]  snr=+14.0dB [ls]  snr=+16.0dB [ls]  snr=+18.0dB [ls]  snr=+20.0dB [ls]Done (5.57s)
Estimator batch 112/2000 (active points 8/11) [11m 28s elapsed] ...   snr=+6.0dB [ls]  snr=+8.0dB [ls]  snr=+10.0dB [ls]  snr=+12.0dB [ls]  snr=+14.0dB [ls]  snr=+16.0dB [ls]  snr=+18.0dB [ls]  snr=+20.0dB [ls]Done (5.59s)
Estimator batch 113/2000 (active points 8/11) [11m 33s elapsed] ...   snr=+6.0dB [ls]  snr=+8.0dB [ls]  snr=+10.0dB [ls]  snr=+12.0dB [ls]  snr=+14.0dB [ls]  snr=+16.0dB [ls]  snr=+18.0dB [ls]  snr=+20.0dB [ls]Done (5.56s)
Estimator batch 114/2000 (active points 8/11) [11m 39s elapsed] ...   snr=+6.0dB [ls]  snr=+8.0dB [ls]  snr=+10.0dB [ls]  snr=+12.0dB [ls]  snr=+14.0dB [ls]  snr=+16.0dB [ls]  snr=+18.0dB [ls]  snr=+20.0dB [ls]Done (5.55s)
Estimator batch 115/2000 (active points 8/11) [11m 45s elapsed] ...   snr=+6.0dB [ls]  snr=+8.0dB [ls]  snr=+10.0dB [ls]  snr=+12.0dB [ls]  snr=+14.0dB [ls]  snr=+16.0dB [ls]  snr=+18.0dB [ls]  snr=+20.0dB [ls]Done (5.55s)
Estimator batch 116/2000 (active points 8/11) [11m 50s elapsed] ...   snr=+6.0dB [ls]  snr=+8.0dB [ls]  snr=+10.0dB [ls]  snr=+12.0dB [ls]  snr=+14.0dB [ls]  snr=+16.0dB [ls]  snr=+18.0dB [ls]  snr=+20.0dB [ls]Done (5.58s)
Estimator batch 117/2000 (active points 8/11) [11m 56s elapsed] ...   snr=+6.0dB [ls]  snr=+8.0dB [ls]  snr=+10.0dB [ls]  snr=+12.0dB [ls]  snr=+14.0dB [ls]  snr=+16.0dB [ls]  snr=+18.0dB [ls]  snr=+20.0dB [ls]Done (5.56s)
Estimator batch 118/2000 (active points 8/11) [12m 01s elapsed] ...   snr=+6.0dB [ls]  snr=+8.0dB [ls]  snr=+10.0dB [ls]  snr=+12.0dB [ls]  snr=+14.0dB [ls]  snr=+16.0dB [ls]  snr=+18.0dB [ls]  snr=+20.0dB [ls]Done (5.58s)
Estimator batch 119/2000 (active points 8/11) [12m 07s elapsed] ...   snr=+6.0dB [ls]  snr=+8.0dB [ls]  snr=+10.0dB [ls]  snr=+12.0dB [ls]  snr=+14.0dB [ls]  snr=+16.0dB [ls]  snr=+18.0dB [ls]  snr=+20.0dB [ls]Done (5.54s)
Estimator batch 120/2000 (active points 8/11) [12m 12s elapsed] ...   snr=+6.0dB [ls]  snr=+8.0dB [ls]  snr=+10.0dB [ls]  snr=+12.0dB [ls]  snr=+14.0dB [ls]  snr=+16.0dB [ls]  snr=+18.0dB [ls]  snr=+20.0dB [ls]Done (5.57s)
Estimator batch 121/2000 (active points 8/11) [12m 18s elapsed] ...   snr=+6.0dB [ls]  snr=+8.0dB [ls]  snr=+10.0dB [ls]  snr=+12.0dB [ls]  snr=+14.0dB [ls]  snr=+16.0dB [ls]  snr=+18.0dB [ls]  snr=+20.0dB [ls]Done (5.59s)
Estimator batch 122/2000 (active points 8/11) [12m 23s elapsed] ...   snr=+6.0dB [ls]  snr=+8.0dB [ls]  snr=+10.0dB [ls]  snr=+12.0dB [ls]  snr=+14.0dB [ls]  snr=+16.0dB [ls]  snr=+18.0dB [ls]  snr=+20.0dB [ls]Done (5.57s)
Estimator batch 123/2000 (active points 8/11) [12m 29s elapsed] ...   snr=+6.0dB [ls]  snr=+8.0dB [ls]  snr=+10.0dB [ls]  snr=+12.0dB [ls]  snr=+14.0dB [ls]  snr=+16.0dB [ls]  snr=+18.0dB [ls]  snr=+20.0dB [ls]Done (5.57s)
Estimator batch 124/2000 (active points 8/11) [12m 35s elapsed] ...   snr=+6.0dB [ls]  snr=+8.0dB [ls]  snr=+10.0dB [ls]  snr=+12.0dB [ls]  snr=+14.0dB [ls]  snr=+16.0dB [ls]  snr=+18.0dB [ls]  snr=+20.0dB [ls]Done (5.55s)
Estimator batch 125/2000 (active points 8/11) [12m 40s elapsed] ...   snr=+6.0dB [ls]  snr=+8.0dB [ls]  snr=+10.0dB [ls]  snr=+12.0dB [ls]  snr=+14.0dB [ls]  snr=+16.0dB [ls]  snr=+18.0dB [ls]  snr=+20.0dB [ls]Done (5.59s)
Estimator batch 126/2000 (active points 8/11) [12m 46s elapsed] ...   snr=+6.0dB [ls]  snr=+8.0dB [ls]  snr=+10.0dB [ls]  snr=+12.0dB [ls]  snr=+14.0dB [ls]  snr=+16.0dB [ls]  snr=+18.0dB [ls]  snr=+20.0dB [ls]Done (5.55s)
Estimator batch 127/2000 (active points 8/11) [12m 51s elapsed] ...   snr=+6.0dB [ls]  snr=+8.0dB [ls]  snr=+10.0dB [ls]  snr=+12.0dB [ls]  snr=+14.0dB [ls]  snr=+16.0dB [ls]  snr=+18.0dB [ls]  snr=+20.0dB [ls]Done (5.57s)
Estimator batch 128/2000 (active points 8/11) [12m 57s elapsed] ...   snr=+6.0dB [ls]  snr=+8.0dB [ls]  snr=+10.0dB [ls]  snr=+12.0dB [ls]  snr=+14.0dB [ls]  snr=+16.0dB [ls]  snr=+18.0dB [ls]  snr=+20.0dB [ls]Done (5.57s)
Estimator batch 129/2000 (active points 8/11) [13m 02s elapsed] ...   snr=+6.0dB [ls]  snr=+8.0dB [ls]  snr=+10.0dB [ls]  snr=+12.0dB [ls]  snr=+14.0dB [ls]  snr=+16.0dB [ls]  snr=+18.0dB [ls]  snr=+20.0dB [ls]Done (5.56s)
Estimator batch 130/2000 (active points 8/11) [13m 08s elapsed] ...   snr=+6.0dB [ls]  snr=+8.0dB [ls]  snr=+10.0dB [ls]  snr=+12.0dB [ls]  snr=+14.0dB [ls]  snr=+16.0dB [ls]  snr=+18.0dB [ls]  snr=+20.0dB [ls]Done (5.56s)
Estimator batch 131/2000 (active points 8/11) [13m 14s elapsed] ...   snr=+6.0dB [ls]  snr=+8.0dB [ls]  snr=+10.0dB [ls]  snr=+12.0dB [ls]  snr=+14.0dB [ls]  snr=+16.0dB [ls]  snr=+18.0dB [ls]  snr=+20.0dB [ls]Done (5.59s)
Estimator batch 132/2000 (active points 8/11) [13m 19s elapsed] ...   snr=+6.0dB [ls]  snr=+8.0dB [ls]  snr=+10.0dB [ls]  snr=+12.0dB [ls]  snr=+14.0dB [ls]  snr=+16.0dB [ls]  snr=+18.0dB [ls]  snr=+20.0dB [ls]Done (5.56s)
Estimator batch 133/2000 (active points 8/11) [13m 25s elapsed] ...   snr=+6.0dB [ls]  snr=+8.0dB [ls]  snr=+10.0dB [ls]  snr=+12.0dB [ls]  snr=+14.0dB [ls]  snr=+16.0dB [ls]  snr=+18.0dB [ls]  snr=+20.0dB [ls]Done (5.55s)
Estimator batch 134/2000 (active points 8/11) [13m 30s elapsed] ...   snr=+6.0dB [ls]  snr=+8.0dB [ls]  snr=+10.0dB [ls]  snr=+12.0dB [ls]  snr=+14.0dB [ls]  snr=+16.0dB [ls]  snr=+18.0dB [ls]  snr=+20.0dB [ls]Done (5.55s)
Estimator batch 135/2000 (active points 8/11) [13m 36s elapsed] ...   snr=+6.0dB [ls]  snr=+8.0dB [ls]  snr=+10.0dB [ls]  snr=+12.0dB [ls]  snr=+14.0dB [ls]  snr=+16.0dB [ls]  snr=+18.0dB [ls]  snr=+20.0dB [ls]Done (5.56s)
Estimator batch 136/2000 (active points 8/11) [13m 41s elapsed] ...   snr=+6.0dB [ls]  snr=+8.0dB [ls]  snr=+10.0dB [ls]  snr=+12.0dB [ls]  snr=+14.0dB [ls]  snr=+16.0dB [ls]  snr=+18.0dB [ls]  snr=+20.0dB [ls]Done (5.58s)
Estimator batch 137/2000 (active points 8/11) [13m 47s elapsed] ...   snr=+6.0dB [ls]  snr=+8.0dB [ls]  snr=+10.0dB [ls]  snr=+12.0dB [ls]  snr=+14.0dB [ls]  snr=+16.0dB [ls]  snr=+18.0dB [ls]  snr=+20.0dB [ls]Done (5.59s)
Estimator batch 138/2000 (active points 8/11) [13m 53s elapsed] ...   snr=+6.0dB [ls]  snr=+8.0dB [ls]  snr=+10.0dB [ls]  snr=+12.0dB [ls]  snr=+14.0dB [ls]  snr=+16.0dB [ls]  snr=+18.0dB [ls]  snr=+20.0dB [ls]Done (5.57s)
Estimator batch 139/2000 (active points 8/11) [13m 58s elapsed] ...   snr=+6.0dB [ls]  snr=+8.0dB [ls]  snr=+10.0dB [ls]  snr=+12.0dB [ls]  snr=+14.0dB [ls]  snr=+16.0dB [ls]  snr=+18.0dB [ls]  snr=+20.0dB [ls]Done (5.55s)
Estimator batch 140/2000 (active points 8/11) [14m 04s elapsed] ...   snr=+6.0dB [ls]  snr=+8.0dB [ls]  snr=+10.0dB [ls]  snr=+12.0dB [ls]  snr=+14.0dB [ls]  snr=+16.0dB [ls]  snr=+18.0dB [ls]  snr=+20.0dB [ls]Done (5.54s)
Estimator batch 141/2000 (active points 8/11) [14m 09s elapsed] ...   snr=+6.0dB [ls]  snr=+8.0dB [ls]  snr=+10.0dB [ls]  snr=+12.0dB [ls]  snr=+14.0dB [ls]  snr=+16.0dB [ls]  snr=+18.0dB [ls]  snr=+20.0dB [ls]Done (5.57s)
Estimator batch 142/2000 (active points 8/11) [14m 15s elapsed] ...   snr=+6.0dB [ls]  snr=+8.0dB [ls]  snr=+10.0dB [ls]  snr=+12.0dB [ls]  snr=+14.0dB [ls]  snr=+16.0dB [ls]  snr=+18.0dB [ls]  snr=+20.0dB [ls]Done (5.55s)
Estimator batch 143/2000 (active points 8/11) [14m 20s elapsed] ...   snr=+6.0dB [ls]  snr=+8.0dB [ls]  snr=+10.0dB [ls]  snr=+12.0dB [ls]  snr=+14.0dB [ls]  snr=+16.0dB [ls]  snr=+18.0dB [ls]  snr=+20.0dB [ls]Done (5.55s)
Estimator batch 144/2000 (active points 8/11) [14m 26s elapsed] ...   snr=+6.0dB [ls]  snr=+8.0dB [ls]  snr=+10.0dB [ls]  snr=+12.0dB [ls]  snr=+14.0dB [ls]  snr=+16.0dB [ls]  snr=+18.0dB [ls]  snr=+20.0dB [ls]Done (5.55s)
Estimator batch 145/2000 (active points 8/11) [14m 31s elapsed] ...   snr=+6.0dB [ls]  snr=+8.0dB [ls]  snr=+10.0dB [ls]  snr=+12.0dB [ls]  snr=+14.0dB [ls]  snr=+16.0dB [ls]  snr=+18.0dB [ls]  snr=+20.0dB [ls]Done (5.56s)
Estimator batch 146/2000 (active points 8/11) [14m 37s elapsed] ...   snr=+6.0dB [ls]  snr=+8.0dB [ls]  snr=+10.0dB [ls]  snr=+12.0dB [ls]  snr=+14.0dB [ls]  snr=+16.0dB [ls]  snr=+18.0dB [ls]  snr=+20.0dB [ls]Done (5.61s)
Estimator batch 147/2000 (active points 8/11) [14m 43s elapsed] ...   snr=+6.0dB [ls]  snr=+8.0dB [ls]  snr=+10.0dB [ls]  snr=+12.0dB [ls]  snr=+14.0dB [ls]  snr=+16.0dB [ls]  snr=+18.0dB [ls]  snr=+20.0dB [ls]Done (5.56s)
Estimator batch 148/2000 (active points 8/11) [14m 48s elapsed] ...   snr=+6.0dB [ls]  snr=+8.0dB [ls]  snr=+10.0dB [ls]  snr=+12.0dB [ls]  snr=+14.0dB [ls]  snr=+16.0dB [ls]  snr=+18.0dB [ls]  snr=+20.0dB [ls]Done (5.57s)
Estimator batch 149/2000 (active points 8/11) [14m 54s elapsed] ...   snr=+6.0dB [ls]  snr=+8.0dB [ls]  snr=+10.0dB [ls]  snr=+12.0dB [ls]  snr=+14.0dB [ls]  snr=+16.0dB [ls]  snr=+18.0dB [ls]  snr=+20.0dB [ls]Done (5.57s)
Estimator batch 150/2000 (active points 8/11) [14m 59s elapsed] ...   snr=+6.0dB [ls]  snr=+8.0dB [ls]  snr=+10.0dB [ls]  snr=+12.0dB [ls]  snr=+14.0dB [ls]  snr=+16.0dB [ls]  snr=+18.0dB [ls]  snr=+20.0dB [ls]Done (5.55s)
Estimator batch 151/2000 (active points 7/11) [15m 05s elapsed] ...   snr=+6.0dB [ls]  snr=+8.0dB [ls]  snr=+10.0dB [ls]  snr=+12.0dB [ls]  snr=+14.0dB [ls]  snr=+16.0dB [ls]  snr=+18.0dB [ls]Done (4.88s)
Estimator batch 152/2000 (active points 7/11) [15m 10s elapsed] ...   snr=+6.0dB [ls]  snr=+8.0dB [ls]  snr=+10.0dB [ls]  snr=+12.0dB [ls]  snr=+14.0dB [ls]  snr=+16.0dB [ls]  snr=+18.0dB [ls]Done (4.88s)
Estimator batch 153/2000 (active points 7/11) [15m 15s elapsed] ...   snr=+6.0dB [ls]  snr=+8.0dB [ls]  snr=+10.0dB [ls]  snr=+12.0dB [ls]  snr=+14.0dB [ls]  snr=+16.0dB [ls]  snr=+18.0dB [ls]Done (4.87s)
Estimator batch 154/2000 (active points 7/11) [15m 20s elapsed] ...   snr=+6.0dB [ls]  snr=+8.0dB [ls]  snr=+10.0dB [ls]  snr=+12.0dB [ls]  snr=+14.0dB [ls]  snr=+16.0dB [ls]  snr=+18.0dB [ls]Done (4.86s)
Estimator batch 155/2000 (active points 7/11) [15m 24s elapsed] ...   snr=+6.0dB [ls]  snr=+8.0dB [ls]  snr=+10.0dB [ls]  snr=+12.0dB [ls]  snr=+14.0dB [ls]  snr=+16.0dB [ls]  snr=+18.0dB [ls]Done (4.86s)
Estimator batch 156/2000 (active points 7/11) [15m 29s elapsed] ...   snr=+6.0dB [ls]  snr=+8.0dB [ls]  snr=+10.0dB [ls]  snr=+12.0dB [ls]  snr=+14.0dB [ls]  snr=+16.0dB [ls]  snr=+18.0dB [ls]Done (4.88s)
Estimator batch 157/2000 (active points 7/11) [15m 34s elapsed] ...   snr=+6.0dB [ls]  snr=+8.0dB [ls]  snr=+10.0dB [ls]  snr=+12.0dB [ls]  snr=+14.0dB [ls]  snr=+16.0dB [ls]  snr=+18.0dB [ls]Done (4.89s)
Estimator batch 158/2000 (active points 7/11) [15m 39s elapsed] ...   snr=+6.0dB [ls]  snr=+8.0dB [ls]  snr=+10.0dB [ls]  snr=+12.0dB [ls]  snr=+14.0dB [ls]  snr=+16.0dB [ls]  snr=+18.0dB [ls]Done (4.87s)
Estimator batch 159/2000 (active points 7/11) [15m 44s elapsed] ...   snr=+6.0dB [ls]  snr=+8.0dB [ls]  snr=+10.0dB [ls]  snr=+12.0dB [ls]  snr=+14.0dB [ls]  snr=+16.0dB [ls]  snr=+18.0dB [ls]Done (4.87s)
Estimator batch 160/2000 (active points 7/11) [15m 49s elapsed] ...   snr=+6.0dB [ls]  snr=+8.0dB [ls]  snr=+10.0dB [ls]  snr=+12.0dB [ls]  snr=+14.0dB [ls]  snr=+16.0dB [ls]  snr=+18.0dB [ls]Done (4.85s)
Estimator batch 161/2000 (active points 7/11) [15m 54s elapsed] ...   snr=+6.0dB [ls]  snr=+8.0dB [ls]  snr=+10.0dB [ls]  snr=+12.0dB [ls]  snr=+14.0dB [ls]  snr=+16.0dB [ls]  snr=+18.0dB [ls]Done (4.86s)
Estimator batch 162/2000 (active points 7/11) [15m 58s elapsed] ...   snr=+6.0dB [ls]  snr=+8.0dB [ls]  snr=+10.0dB [ls]  snr=+12.0dB [ls]  snr=+14.0dB [ls]  snr=+16.0dB [ls]  snr=+18.0dB [ls]Done (4.93s)
Estimator batch 163/2000 (active points 7/11) [16m 03s elapsed] ...   snr=+6.0dB [ls]  snr=+8.0dB [ls]  snr=+10.0dB [ls]  snr=+12.0dB [ls]  snr=+14.0dB [ls]  snr=+16.0dB [ls]  snr=+18.0dB [ls]Done (4.86s)
Estimator batch 164/2000 (active points 7/11) [16m 08s elapsed] ...   snr=+6.0dB [ls]  snr=+8.0dB [ls]  snr=+10.0dB [ls]  snr=+12.0dB [ls]  snr=+14.0dB [ls]  snr=+16.0dB [ls]  snr=+18.0dB [ls]Done (4.86s)
Estimator batch 165/2000 (active points 7/11) [16m 13s elapsed] ...   snr=+6.0dB [ls]  snr=+8.0dB [ls]  snr=+10.0dB [ls]  snr=+12.0dB [ls]  snr=+14.0dB [ls]  snr=+16.0dB [ls]  snr=+18.0dB [ls]Done (4.86s)
Estimator batch 166/2000 (active points 6/11) [16m 18s elapsed] ...   snr=+6.0dB [ls]  snr=+8.0dB [ls]  snr=+10.0dB [ls]  snr=+12.0dB [ls]  snr=+14.0dB [ls]  snr=+18.0dB [ls]Done (4.19s)
Estimator batch 167/2000 (active points 6/11) [16m 22s elapsed] ...   snr=+6.0dB [ls]  snr=+8.0dB [ls]  snr=+10.0dB [ls]  snr=+12.0dB [ls]  snr=+14.0dB [ls]  snr=+18.0dB [ls]Done (4.16s)
Estimator batch 168/2000 (active points 6/11) [16m 26s elapsed] ...   snr=+6.0dB [ls]  snr=+8.0dB [ls]  snr=+10.0dB [ls]  snr=+12.0dB [ls]  snr=+14.0dB [ls]  snr=+18.0dB [ls]Done (4.18s)
Estimator batch 169/2000 (active points 6/11) [16m 31s elapsed] ...   snr=+6.0dB [ls]  snr=+8.0dB [ls]  snr=+10.0dB [ls]  snr=+12.0dB [ls]  snr=+14.0dB [ls]  snr=+18.0dB [ls]Done (4.18s)
Estimator batch 170/2000 (active points 6/11) [16m 35s elapsed] ...   snr=+6.0dB [ls]  snr=+8.0dB [ls]  snr=+10.0dB [ls]  snr=+12.0dB [ls]  snr=+14.0dB [ls]  snr=+18.0dB [ls]Done (4.16s)
Estimator batch 171/2000 (active points 5/11) [16m 39s elapsed] ...   snr=+8.0dB [ls]  snr=+10.0dB [ls]  snr=+12.0dB [ls]  snr=+14.0dB [ls]  snr=+18.0dB [ls]Done (3.48s)
Estimator batch 172/2000 (active points 5/11) [16m 42s elapsed] ...   snr=+8.0dB [ls]  snr=+10.0dB [ls]  snr=+12.0dB [ls]  snr=+14.0dB [ls]  snr=+18.0dB [ls]Done (3.47s)
Estimator batch 173/2000 (active points 5/11) [16m 46s elapsed] ...   snr=+8.0dB [ls]  snr=+10.0dB [ls]  snr=+12.0dB [ls]  snr=+14.0dB [ls]  snr=+18.0dB [ls]Done (3.48s)
Estimator batch 174/2000 (active points 5/11) [16m 49s elapsed] ...   snr=+8.0dB [ls]  snr=+10.0dB [ls]  snr=+12.0dB [ls]  snr=+14.0dB [ls]  snr=+18.0dB [ls]Done (3.47s)
Estimator batch 175/2000 (active points 5/11) [16m 53s elapsed] ...   snr=+8.0dB [ls]  snr=+10.0dB [ls]  snr=+12.0dB [ls]  snr=+14.0dB [ls]  snr=+18.0dB [ls]Done (3.48s)
Estimator batch 176/2000 (active points 5/11) [16m 56s elapsed] ...   snr=+8.0dB [ls]  snr=+10.0dB [ls]  snr=+12.0dB [ls]  snr=+14.0dB [ls]  snr=+18.0dB [ls]Done (3.50s)
Estimator batch 177/2000 (active points 5/11) [17m 00s elapsed] ...   snr=+8.0dB [ls]  snr=+10.0dB [ls]  snr=+12.0dB [ls]  snr=+14.0dB [ls]  snr=+18.0dB [ls]Done (3.48s)
Estimator batch 178/2000 (active points 5/11) [17m 03s elapsed] ...   snr=+8.0dB [ls]  snr=+10.0dB [ls]  snr=+12.0dB [ls]  snr=+14.0dB [ls]  snr=+18.0dB [ls]Done (3.46s)
Estimator batch 179/2000 (active points 5/11) [17m 07s elapsed] ...   snr=+8.0dB [ls]  snr=+10.0dB [ls]  snr=+12.0dB [ls]  snr=+14.0dB [ls]  snr=+18.0dB [ls]Done (3.48s)
Estimator batch 180/2000 (active points 5/11) [17m 10s elapsed] ...   snr=+8.0dB [ls]  snr=+10.0dB [ls]  snr=+12.0dB [ls]  snr=+14.0dB [ls]  snr=+18.0dB [ls]Done (3.46s)
Estimator batch 181/2000 (active points 5/11) [17m 14s elapsed] ...   snr=+8.0dB [ls]  snr=+10.0dB [ls]  snr=+12.0dB [ls]  snr=+14.0dB [ls]  snr=+18.0dB [ls]Done (3.46s)
Estimator batch 182/2000 (active points 5/11) [17m 17s elapsed] ...   snr=+8.0dB [ls]  snr=+10.0dB [ls]  snr=+12.0dB [ls]  snr=+14.0dB [ls]  snr=+18.0dB [ls]Done (3.49s)
Estimator batch 183/2000 (active points 5/11) [17m 21s elapsed] ...   snr=+8.0dB [ls]  snr=+10.0dB [ls]  snr=+12.0dB [ls]  snr=+14.0dB [ls]  snr=+18.0dB [ls]Done (3.49s)
Estimator batch 184/2000 (active points 5/11) [17m 24s elapsed] ...   snr=+8.0dB [ls]  snr=+10.0dB [ls]  snr=+12.0dB [ls]  snr=+14.0dB [ls]  snr=+18.0dB [ls]Done (3.48s)
Estimator batch 185/2000 (active points 5/11) [17m 28s elapsed] ...   snr=+8.0dB [ls]  snr=+10.0dB [ls]  snr=+12.0dB [ls]  snr=+14.0dB [ls]  snr=+18.0dB [ls]Done (3.45s)
Estimator batch 186/2000 (active points 5/11) [17m 31s elapsed] ...   snr=+8.0dB [ls]  snr=+10.0dB [ls]  snr=+12.0dB [ls]  snr=+14.0dB [ls]  snr=+18.0dB [ls]Done (3.48s)
Estimator batch 187/2000 (active points 5/11) [17m 34s elapsed] ...   snr=+8.0dB [ls]  snr=+10.0dB [ls]  snr=+12.0dB [ls]  snr=+14.0dB [ls]  snr=+18.0dB [ls]Done (3.47s)
Estimator batch 188/2000 (active points 5/11) [17m 38s elapsed] ...   snr=+8.0dB [ls]  snr=+10.0dB [ls]  snr=+12.0dB [ls]  snr=+14.0dB [ls]  snr=+18.0dB [ls]Done (3.50s)
Estimator batch 189/2000 (active points 5/11) [17m 41s elapsed] ...   snr=+8.0dB [ls]  snr=+10.0dB [ls]  snr=+12.0dB [ls]  snr=+14.0dB [ls]  snr=+18.0dB [ls]Done (3.48s)
Estimator batch 190/2000 (active points 5/11) [17m 45s elapsed] ...   snr=+8.0dB [ls]  snr=+10.0dB [ls]  snr=+12.0dB [ls]  snr=+14.0dB [ls]  snr=+18.0dB [ls]Done (3.46s)
Estimator batch 191/2000 (active points 5/11) [17m 48s elapsed] ...   snr=+8.0dB [ls]  snr=+10.0dB [ls]  snr=+12.0dB [ls]  snr=+14.0dB [ls]  snr=+18.0dB [ls]Done (3.49s)
Estimator batch 192/2000 (active points 5/11) [17m 52s elapsed] ...   snr=+8.0dB [ls]  snr=+10.0dB [ls]  snr=+12.0dB [ls]  snr=+14.0dB [ls]  snr=+18.0dB [ls]Done (3.50s)
Estimator batch 193/2000 (active points 5/11) [17m 55s elapsed] ...   snr=+8.0dB [ls]  snr=+10.0dB [ls]  snr=+12.0dB [ls]  snr=+14.0dB [ls]  snr=+18.0dB [ls]Done (3.47s)
Estimator batch 194/2000 (active points 5/11) [17m 59s elapsed] ...   snr=+8.0dB [ls]  snr=+10.0dB [ls]  snr=+12.0dB [ls]  snr=+14.0dB [ls]  snr=+18.0dB [ls]Done (3.48s)
Estimator batch 195/2000 (active points 4/11) [18m 02s elapsed] ...   snr=+8.0dB [ls]  snr=+10.0dB [ls]  snr=+12.0dB [ls]  snr=+18.0dB [ls]Done (2.79s)
Estimator batch 196/2000 (active points 4/11) [18m 05s elapsed] ...   snr=+8.0dB [ls]  snr=+10.0dB [ls]  snr=+12.0dB [ls]  snr=+18.0dB [ls]Done (2.77s)
Estimator batch 197/2000 (active points 2/11) [18m 08s elapsed] ...   snr=+8.0dB [ls]  snr=+10.0dB [ls]Done (1.40s)
Estimator batch 198/2000 (active points 2/11) [18m 09s elapsed] ...   snr=+8.0dB [ls]  snr=+10.0dB [ls]Done (1.39s)
Estimator batch 199/2000 (active points 2/11) [18m 11s elapsed] ...   snr=+8.0dB [ls]  snr=+10.0dB [ls]Done (1.41s)
Estimator batch 200/2000 (active points 2/11) [18m 12s elapsed] ...   snr=+8.0dB [ls]  snr=+10.0dB [ls]Done (1.43s)
Estimator batch 201/2000 (active points 2/11) [18m 14s elapsed] ...   snr=+8.0dB [ls]  snr=+10.0dB [ls]Done (1.43s)
Estimator batch 202/2000 (active points 2/11) [18m 15s elapsed] ...   snr=+8.0dB [ls]  snr=+10.0dB [ls]Done (1.39s)
Estimator batch 203/2000 (active points 2/11) [18m 16s elapsed] ...   snr=+8.0dB [ls]  snr=+10.0dB [ls]Done (1.39s)
Estimator batch 204/2000 (active points 2/11) [18m 18s elapsed] ...   snr=+8.0dB [ls]  snr=+10.0dB [ls]Done (1.39s)
Estimator batch 205/2000 (active points 2/11) [18m 19s elapsed] ...   snr=+8.0dB [ls]  snr=+10.0dB [ls]Done (1.41s)
Estimator batch 206/2000 (active points 2/11) [18m 21s elapsed] ...   snr=+8.0dB [ls]  snr=+10.0dB [ls]Done (1.38s)
Estimator batch 207/2000 (active points 2/11) [18m 22s elapsed] ...   snr=+8.0dB [ls]  snr=+10.0dB [ls]Done (1.39s)
Estimator batch 208/2000 (active points 2/11) [18m 23s elapsed] ...   snr=+8.0dB [ls]  snr=+10.0dB [ls]Done (1.41s)
Estimator batch 209/2000 (active points 2/11) [18m 25s elapsed] ...   snr=+8.0dB [ls]  snr=+10.0dB [ls]Done (1.38s)
Estimator batch 210/2000 (active points 2/11) [18m 26s elapsed] ...   snr=+8.0dB [ls]  snr=+10.0dB [ls]Done (1.38s)
Estimator batch 211/2000 (active points 2/11) [18m 27s elapsed] ...   snr=+8.0dB [ls]  snr=+10.0dB [ls]Done (1.39s)
Estimator batch 212/2000 (active points 2/11) [18m 29s elapsed] ...   snr=+8.0dB [ls]  snr=+10.0dB [ls]Done (1.40s)
Estimator batch 213/2000 (active points 2/11) [18m 30s elapsed] ...   snr=+8.0dB [ls]  snr=+10.0dB [ls]Done (1.39s)
Estimator batch 214/2000 (active points 2/11) [18m 32s elapsed] ...   snr=+8.0dB [ls]  snr=+10.0dB [ls]Done (1.38s)
Estimator batch 215/2000 (active points 2/11) [18m 33s elapsed] ...   snr=+8.0dB [ls]  snr=+10.0dB [ls]Done (1.39s)
Estimator batch 216/2000 (active points 2/11) [18m 34s elapsed] ...   snr=+8.0dB [ls]  snr=+10.0dB [ls]Done (1.39s)
Estimator batch 217/2000 (active points 2/11) [18m 36s elapsed] ...   snr=+8.0dB [ls]  snr=+10.0dB [ls]Done (1.38s)
Estimator batch 218/2000 (active points 2/11) [18m 37s elapsed] ...   snr=+8.0dB [ls]  snr=+10.0dB [ls]Done (1.39s)
Estimator batch 219/2000 (active points 2/11) [18m 39s elapsed] ...   snr=+8.0dB [ls]  snr=+10.0dB [ls]Done (1.42s)
Estimator batch 220/2000 (active points 2/11) [18m 40s elapsed] ...   snr=+8.0dB [ls]  snr=+10.0dB [ls]Done (1.39s)
Estimator batch 221/2000 (active points 2/11) [18m 41s elapsed] ...   snr=+8.0dB [ls]  snr=+10.0dB [ls]Done (1.38s)
Estimator batch 222/2000 (active points 1/11) [18m 43s elapsed] ...   snr=+10.0dB [ls]Done (0.69s)
Estimator batch 223/2000 (active points 1/11) [18m 43s elapsed] ...   snr=+10.0dB [ls]Done (0.69s)
Estimator batch 224/2000 (active points 1/11) [18m 44s elapsed] ...   snr=+10.0dB [ls]Done (0.71s)
Estimator batch 225/2000 (active points 1/11) [18m 45s elapsed] ...   snr=+10.0dB [ls]Done (0.69s)
Estimator batch 226/2000 (active points 1/11) [18m 46s elapsed] ...   snr=+10.0dB [ls]Done (0.70s)
Estimator batch 227/2000 (active points 1/11) [18m 46s elapsed] ...   snr=+10.0dB [ls]Done (0.70s)
Estimator batch 228/2000 (active points 1/11) [18m 47s elapsed] ...   snr=+10.0dB [ls]Done (0.69s)
Estimator batch 229/2000 (active points 1/11) [18m 48s elapsed] ...   snr=+10.0dB [ls]Done (0.70s)
Estimator batch 230/2000 (active points 1/11) [18m 48s elapsed] ...   snr=+10.0dB [ls]Done (0.70s)
Estimator batch 231/2000 (active points 1/11) [18m 49s elapsed] ...   snr=+10.0dB [ls]Done (0.69s)
Estimator batch 232/2000 (active points 1/11) [18m 50s elapsed] ...   snr=+10.0dB [ls]Done (0.69s)
Estimator batch 233/2000 (active points 1/11) [18m 50s elapsed] ...   snr=+10.0dB [ls]Done (0.69s)
Estimator batch 234/2000 (active points 1/11) [18m 51s elapsed] ...   snr=+10.0dB [ls]Done (0.69s)
Estimator batch 235/2000 (active points 1/11) [18m 52s elapsed] ...   snr=+10.0dB [ls]Done (0.69s)
Estimator batch 236/2000 (active points 1/11) [18m 53s elapsed] ...   snr=+10.0dB [ls]Done (0.69s)
Estimator batch 237/2000 (active points 1/11) [18m 53s elapsed] ...   snr=+10.0dB [ls]Done (0.70s)
Estimator batch 238/2000 (active points 1/11) [18m 54s elapsed] ...   snr=+10.0dB [ls]Done (0.70s)
Estimator batch 239/2000 (active points 1/11) [18m 55s elapsed] ...   snr=+10.0dB [ls]Done (0.70s)
Estimator batch 240/2000 (active points 1/11) [18m 55s elapsed] ...   snr=+10.0dB [ls]Done (0.69s)
Estimator batch 241/2000 (active points 1/11) [18m 56s elapsed] ...   snr=+10.0dB [ls]Done (0.69s)
Estimator batch 242/2000 (active points 1/11) [18m 57s elapsed] ...   snr=+10.0dB [ls]Done (0.70s)
Estimator batch 243/2000 (active points 1/11) [18m 57s elapsed] ...   snr=+10.0dB [ls]Done (0.69s)
Estimator batch 244/2000 (active points 1/11) [18m 58s elapsed] ...   snr=+10.0dB [ls]Done (0.69s)
Estimator batch 245/2000 (active points 1/11) [18m 59s elapsed] ...   snr=+10.0dB [ls]Done (0.69s)
Estimator batch 246/2000 (active points 1/11) [19m 00s elapsed] ...   snr=+10.0dB [ls]Done (0.69s)
Estimator batch 247/2000 (active points 1/11) [19m 00s elapsed] ...   snr=+10.0dB [ls]Done (0.69s)
Estimator batch 248/2000 (active points 1/11) [19m 01s elapsed] ...   snr=+10.0dB [ls]Done (0.69s)
Estimator batch 249/2000 (active points 1/11) [19m 02s elapsed] ...   snr=+10.0dB [ls]Done (0.69s)
Estimator batch 250/2000 (active points 1/11) [19m 02s elapsed] ...   snr=+10.0dB [ls]Done (0.69s)
Estimator: ls
  Eb/No= 0.0 dB | BER=2.420e-02 | BERub=2.433e-02 | Status=resolved | Stop=target_block_errors | Latency=467.220 ms
  Eb/No= 2.0 dB | BER=4.001e-03 | BERub=4.046e-03 | Status=resolved | Stop=target_block_errors | Latency=477.640 ms
  Eb/No= 4.0 dB | BER=9.654e-04 | BERub=9.757e-04 | Status=resolved | Stop=target_block_errors | Latency=474.442 ms
  Eb/No= 6.0 dB | BER=4.612e-04 | BERub=4.655e-04 | Status=resolved | Stop=target_block_errors | Latency=476.409 ms
  Eb/No= 8.0 dB | BER=3.457e-04 | BERub=3.490e-04 | Status=resolved | Stop=target_block_errors | Latency=473.198 ms
  Eb/No=10.0 dB | BER=3.018e-04 | BERub=3.047e-04 | Status=resolved | Stop=target_block_errors | Latency=467.445 ms
  Eb/No=12.0 dB | BER=2.823e-04 | BERub=2.854e-04 | Status=resolved | Stop=target_block_errors | Latency=469.391 ms
  Eb/No=14.0 dB | BER=3.413e-04 | BERub=3.448e-04 | Status=resolved | Stop=target_block_errors | Latency=467.913 ms
  Eb/No=16.0 dB | BER=3.225e-04 | BERub=3.262e-04 | Status=resolved | Stop=target_block_errors | Latency=470.090 ms
  Eb/No=18.0 dB | BER=2.736e-04 | BERub=2.767e-04 | Status=resolved | Stop=target_block_errors | Latency=468.543 ms
  Eb/No=20.0 dB | BER=3.998e-04 | BERub=4.041e-04 | Status=resolved | Stop=target_block_errors | Latency=470.724 ms
[estimators] Done in 19m 03s

======================================================================
  Modulation: 16-QAM
======================================================================
[estimators] Starting...
Estimator batch 1/2000 (active points 11/11) [0s elapsed] ...   snr=+0.0dB [ls]  snr=+2.0dB [ls]  snr=+4.0dB [ls]  snr=+6.0dB [ls]  snr=+8.0dB [ls]  snr=+10.0dB [ls]  snr=+12.0dB [ls]  snr=+14.0dB [ls]  snr=+16.0dB [ls]  snr=+18.0dB [ls]  snr=+20.0dB [ls]Done (11.12s)
Estimator batch 2/2000 (active points 11/11) [11s elapsed] ...   snr=+0.0dB [ls]  snr=+2.0dB [ls]  snr=+4.0dB [ls]  snr=+6.0dB [ls]  snr=+8.0dB [ls]  snr=+10.0dB [ls]  snr=+12.0dB [ls]  snr=+14.0dB [ls]  snr=+16.0dB [ls]  snr=+18.0dB [ls]  snr=+20.0dB [ls]Done (11.17s)
Estimator batch 3/2000 (active points 11/11) [22s elapsed] ...   snr=+0.0dB [ls]  snr=+2.0dB [ls]  snr=+4.0dB [ls]  snr=+6.0dB [ls]  snr=+8.0dB [ls]  snr=+10.0dB [ls]  snr=+12.0dB [ls]  snr=+14.0dB [ls]  snr=+16.0dB [ls]  snr=+18.0dB [ls]  snr=+20.0dB [ls]Done (11.16s)
Estimator batch 4/2000 (active points 11/11) [33s elapsed] ...   snr=+0.0dB [ls]  snr=+2.0dB [ls]  snr=+4.0dB [ls]  snr=+6.0dB [ls]  snr=+8.0dB [ls]  snr=+10.0dB [ls]  snr=+12.0dB [ls]  snr=+14.0dB [ls]  snr=+16.0dB [ls]  snr=+18.0dB [ls]  snr=+20.0dB [ls]Done (11.23s)
Estimator batch 5/2000 (active points 11/11) [44s elapsed] ...   snr=+0.0dB [ls]  snr=+2.0dB [ls]  snr=+4.0dB [ls]  snr=+6.0dB [ls]  snr=+8.0dB [ls]  snr=+10.0dB [ls]  snr=+12.0dB [ls]  snr=+14.0dB [ls]  snr=+16.0dB [ls]  snr=+18.0dB [ls]  snr=+20.0dB [ls]Done (11.26s)
Estimator batch 6/2000 (active points 11/11) [55s elapsed] ...   snr=+0.0dB [ls]  snr=+2.0dB [ls]  snr=+4.0dB [ls]  snr=+6.0dB [ls]  snr=+8.0dB [ls]  snr=+10.0dB [ls]  snr=+12.0dB [ls]  snr=+14.0dB [ls]  snr=+16.0dB [ls]  snr=+18.0dB [ls]  snr=+20.0dB [ls]Done (11.19s)
Estimator batch 7/2000 (active points 11/11) [1m 07s elapsed] ...   snr=+0.0dB [ls]  snr=+2.0dB [ls]  snr=+4.0dB [ls]  snr=+6.0dB [ls]  snr=+8.0dB [ls]  snr=+10.0dB [ls]  snr=+12.0dB [ls]  snr=+14.0dB [ls]  snr=+16.0dB [ls]  snr=+18.0dB [ls]  snr=+20.0dB [ls]Done (11.16s)
Estimator batch 8/2000 (active points 11/11) [1m 18s elapsed] ...   snr=+0.0dB [ls]  snr=+2.0dB [ls]  snr=+4.0dB [ls]  snr=+6.0dB [ls]  snr=+8.0dB [ls]  snr=+10.0dB [ls]  snr=+12.0dB [ls]  snr=+14.0dB [ls]  snr=+16.0dB [ls]  snr=+18.0dB [ls]  snr=+20.0dB [ls]Done (11.15s)
Estimator batch 9/2000 (active points 11/11) [1m 29s elapsed] ...   snr=+0.0dB [ls]  snr=+2.0dB [ls]  snr=+4.0dB [ls]  snr=+6.0dB [ls]  snr=+8.0dB [ls]  snr=+10.0dB [ls]  snr=+12.0dB [ls]  snr=+14.0dB [ls]  snr=+16.0dB [ls]  snr=+18.0dB [ls]  snr=+20.0dB [ls]Done (11.21s)
Estimator batch 10/2000 (active points 11/11) [1m 40s elapsed] ...   snr=+0.0dB [ls]  snr=+2.0dB [ls]  snr=+4.0dB [ls]  snr=+6.0dB [ls]  snr=+8.0dB [ls]  snr=+10.0dB [ls]  snr=+12.0dB [ls]  snr=+14.0dB [ls]  snr=+16.0dB [ls]  snr=+18.0dB [ls]  snr=+20.0dB [ls]Done (11.22s)
Estimator batch 11/2000 (active points 8/11) [1m 51s elapsed] ...   snr=+6.0dB [ls]  snr=+8.0dB [ls]  snr=+10.0dB [ls]  snr=+12.0dB [ls]  snr=+14.0dB [ls]  snr=+16.0dB [ls]  snr=+18.0dB [ls]  snr=+20.0dB [ls]Done (8.11s)
Estimator batch 12/2000 (active points 8/11) [1m 59s elapsed] ...   snr=+6.0dB [ls]  snr=+8.0dB [ls]  snr=+10.0dB [ls]  snr=+12.0dB [ls]  snr=+14.0dB [ls]  snr=+16.0dB [ls]  snr=+18.0dB [ls]  snr=+20.0dB [ls]Done (8.10s)
Estimator batch 13/2000 (active points 8/11) [2m 08s elapsed] ...   snr=+6.0dB [ls]  snr=+8.0dB [ls]  snr=+10.0dB [ls]  snr=+12.0dB [ls]  snr=+14.0dB [ls]  snr=+16.0dB [ls]  snr=+18.0dB [ls]  snr=+20.0dB [ls]Done (8.55s)
Estimator batch 14/2000 (active points 7/11) [2m 16s elapsed] ...   snr=+8.0dB [ls]  snr=+10.0dB [ls]  snr=+12.0dB [ls]  snr=+14.0dB [ls]  snr=+16.0dB [ls]  snr=+18.0dB [ls]  snr=+20.0dB [ls]Done (7.10s)
Estimator batch 15/2000 (active points 7/11) [2m 23s elapsed] ...   snr=+8.0dB [ls]  snr=+10.0dB [ls]  snr=+12.0dB [ls]  snr=+14.0dB [ls]  snr=+16.0dB [ls]  snr=+18.0dB [ls]  snr=+20.0dB [ls]Done (7.08s)
Estimator batch 16/2000 (active points 7/11) [2m 30s elapsed] ...   snr=+8.0dB [ls]  snr=+10.0dB [ls]  snr=+12.0dB [ls]  snr=+14.0dB [ls]  snr=+16.0dB [ls]  snr=+18.0dB [ls]  snr=+20.0dB [ls]Done (7.07s)
Estimator batch 17/2000 (active points 7/11) [2m 37s elapsed] ...   snr=+8.0dB [ls]  snr=+10.0dB [ls]  snr=+12.0dB [ls]  snr=+14.0dB [ls]  snr=+16.0dB [ls]  snr=+18.0dB [ls]  snr=+20.0dB [ls]Done (7.09s)
Estimator batch 18/2000 (active points 7/11) [2m 44s elapsed] ...   snr=+8.0dB [ls]  snr=+10.0dB [ls]  snr=+12.0dB [ls]  snr=+14.0dB [ls]  snr=+16.0dB [ls]  snr=+18.0dB [ls]  snr=+20.0dB [ls]Done (7.12s)
Estimator batch 19/2000 (active points 5/11) [2m 52s elapsed] ...   snr=+8.0dB [ls]  snr=+10.0dB [ls]  snr=+12.0dB [ls]  snr=+14.0dB [ls]  snr=+16.0dB [ls]Done (5.06s)
Estimator batch 20/2000 (active points 5/11) [2m 57s elapsed] ...   snr=+8.0dB [ls]  snr=+10.0dB [ls]  snr=+12.0dB [ls]  snr=+14.0dB [ls]  snr=+16.0dB [ls]Done (5.06s)
Estimator batch 21/2000 (active points 5/11) [3m 02s elapsed] ...   snr=+8.0dB [ls]  snr=+10.0dB [ls]  snr=+12.0dB [ls]  snr=+14.0dB [ls]  snr=+16.0dB [ls]Done (5.07s)
Estimator batch 22/2000 (active points 5/11) [3m 07s elapsed] ...   snr=+8.0dB [ls]  snr=+10.0dB [ls]  snr=+12.0dB [ls]  snr=+14.0dB [ls]  snr=+16.0dB [ls]Done (5.07s)
Estimator batch 23/2000 (active points 5/11) [3m 12s elapsed] ...   snr=+8.0dB [ls]  snr=+10.0dB [ls]  snr=+12.0dB [ls]  snr=+14.0dB [ls]  snr=+16.0dB [ls]Done (5.07s)
Estimator batch 24/2000 (active points 5/11) [3m 17s elapsed] ...   snr=+8.0dB [ls]  snr=+10.0dB [ls]  snr=+12.0dB [ls]  snr=+14.0dB [ls]  snr=+16.0dB [ls]Done (5.09s)
Estimator batch 25/2000 (active points 4/11) [3m 22s elapsed] ...   snr=+8.0dB [ls]  snr=+10.0dB [ls]  snr=+12.0dB [ls]  snr=+14.0dB [ls]Done (4.06s)
Estimator batch 26/2000 (active points 4/11) [3m 26s elapsed] ...   snr=+8.0dB [ls]  snr=+10.0dB [ls]  snr=+12.0dB [ls]  snr=+14.0dB [ls]Done (4.07s)
Estimator batch 27/2000 (active points 4/11) [3m 30s elapsed] ...   snr=+8.0dB [ls]  snr=+10.0dB [ls]  snr=+12.0dB [ls]  snr=+14.0dB [ls]Done (4.16s)
Estimator batch 28/2000 (active points 3/11) [3m 34s elapsed] ...   snr=+10.0dB [ls]  snr=+12.0dB [ls]  snr=+14.0dB [ls]Done (3.05s)
Estimator batch 29/2000 (active points 2/11) [3m 37s elapsed] ...   snr=+10.0dB [ls]  snr=+14.0dB [ls]Done (2.05s)
Estimator batch 30/2000 (active points 2/11) [3m 39s elapsed] ...   snr=+10.0dB [ls]  snr=+14.0dB [ls]Done (2.04s)
Estimator batch 31/2000 (active points 2/11) [3m 41s elapsed] ...   snr=+10.0dB [ls]  snr=+14.0dB [ls]Done (2.02s)
Estimator batch 32/2000 (active points 1/11) [3m 43s elapsed] ...   snr=+10.0dB [ls]Done (1.03s)
Estimator batch 33/2000 (active points 1/11) [3m 45s elapsed] ...   snr=+10.0dB [ls]Done (1.02s)
Estimator batch 34/2000 (active points 1/11) [3m 46s elapsed] ...   snr=+10.0dB [ls]Done (1.01s)
Estimator batch 35/2000 (active points 1/11) [3m 47s elapsed] ...   snr=+10.0dB [ls]Done (1.02s)
Estimator batch 36/2000 (active points 1/11) [3m 48s elapsed] ...   snr=+10.0dB [ls]Done (1.03s)
Estimator batch 37/2000 (active points 1/11) [3m 49s elapsed] ...   snr=+10.0dB [ls]Done (1.03s)
Estimator batch 38/2000 (active points 1/11) [3m 50s elapsed] ...   snr=+10.0dB [ls]Done (1.01s)
Estimator: ls
  Eb/No= 0.0 dB | BER=1.392e-01 | BERub=1.394e-01 | Status=resolved | Stop=target_block_errors | Latency=770.058 ms
  Eb/No= 2.0 dB | BER=4.422e-02 | BERub=4.435e-02 | Status=resolved | Stop=target_block_errors | Latency=775.818 ms
  Eb/No= 4.0 dB | BER=1.143e-02 | BERub=1.149e-02 | Status=resolved | Stop=target_block_errors | Latency=771.799 ms
  Eb/No= 6.0 dB | BER=4.307e-03 | BERub=4.340e-03 | Status=resolved | Stop=target_block_errors | Latency=772.395 ms
  Eb/No= 8.0 dB | BER=2.485e-03 | BERub=2.503e-03 | Status=resolved | Stop=target_block_errors | Latency=778.979 ms
  Eb/No=10.0 dB | BER=1.728e-03 | BERub=1.740e-03 | Status=resolved | Stop=target_block_errors | Latency=777.700 ms
  Eb/No=12.0 dB | BER=1.715e-03 | BERub=1.730e-03 | Status=resolved | Stop=target_block_errors | Latency=773.117 ms
  Eb/No=14.0 dB | BER=1.352e-03 | BERub=1.365e-03 | Status=resolved | Stop=target_block_errors | Latency=773.053 ms
  Eb/No=16.0 dB | BER=1.663e-03 | BERub=1.678e-03 | Status=resolved | Stop=target_block_errors | Latency=772.204 ms
  Eb/No=18.0 dB | BER=1.714e-03 | BERub=1.732e-03 | Status=resolved | Stop=target_block_errors | Latency=772.040 ms
  Eb/No=20.0 dB | BER=1.446e-03 | BERub=1.463e-03 | Status=resolved | Stop=target_block_errors | Latency=772.986 ms
[estimators] Done in 3m 51s

======================================================================
  Modulation: 64-QAM
======================================================================
[estimators] Starting...
Estimator batch 1/2000 (active points 11/11) [0s elapsed] ...   snr=+0.0dB [ls]  snr=+2.0dB [ls]  snr=+4.0dB [ls]  snr=+6.0dB [ls]  snr=+8.0dB [ls]  snr=+10.0dB [ls]  snr=+12.0dB [ls]  snr=+14.0dB [ls]  snr=+16.0dB [ls]  snr=+18.0dB [ls]  snr=+20.0dB [ls]Done (21.28s)
Estimator batch 2/2000 (active points 11/11) [21s elapsed] ...   snr=+0.0dB [ls]  snr=+2.0dB [ls]  snr=+4.0dB [ls]  snr=+6.0dB [ls]  snr=+8.0dB [ls]  snr=+10.0dB [ls]  snr=+12.0dB [ls]  snr=+14.0dB [ls]  snr=+16.0dB [ls]  snr=+18.0dB [ls]  snr=+20.0dB [ls]Done (21.27s)
Estimator batch 3/2000 (active points 11/11) [42s elapsed] ...   snr=+0.0dB [ls]  snr=+2.0dB [ls]  snr=+4.0dB [ls]  snr=+6.0dB [ls]  snr=+8.0dB [ls]  snr=+10.0dB [ls]  snr=+12.0dB [ls]  snr=+14.0dB [ls]  snr=+16.0dB [ls]  snr=+18.0dB [ls]  snr=+20.0dB [ls]Done (21.35s)
Estimator batch 4/2000 (active points 11/11) [1m 03s elapsed] ...   snr=+0.0dB [ls]  snr=+2.0dB [ls]  snr=+4.0dB [ls]  snr=+6.0dB [ls]  snr=+8.0dB [ls]  snr=+10.0dB [ls]  snr=+12.0dB [ls]  snr=+14.0dB [ls]  snr=+16.0dB [ls]  snr=+18.0dB [ls]  snr=+20.0dB [ls]Done (21.31s)
Estimator batch 5/2000 (active points 11/11) [1m 25s elapsed] ...   snr=+0.0dB [ls]  snr=+2.0dB [ls]  snr=+4.0dB [ls]  snr=+6.0dB [ls]  snr=+8.0dB [ls]  snr=+10.0dB [ls]  snr=+12.0dB [ls]  snr=+14.0dB [ls]  snr=+16.0dB [ls]  snr=+18.0dB [ls]  snr=+20.0dB [ls]Done (21.30s)
Estimator batch 6/2000 (active points 11/11) [1m 46s elapsed] ...   snr=+0.0dB [ls]  snr=+2.0dB [ls]  snr=+4.0dB [ls]  snr=+6.0dB [ls]  snr=+8.0dB [ls]  snr=+10.0dB [ls]  snr=+12.0dB [ls]  snr=+14.0dB [ls]  snr=+16.0dB [ls]  snr=+18.0dB [ls]  snr=+20.0dB [ls]Done (21.32s)
Estimator batch 7/2000 (active points 11/11) [2m 07s elapsed] ...   snr=+0.0dB [ls]  snr=+2.0dB [ls]  snr=+4.0dB [ls]  snr=+6.0dB [ls]  snr=+8.0dB [ls]  snr=+10.0dB [ls]  snr=+12.0dB [ls]  snr=+14.0dB [ls]  snr=+16.0dB [ls]  snr=+18.0dB [ls]  snr=+20.0dB [ls]Done (21.34s)
Estimator batch 8/2000 (active points 11/11) [2m 29s elapsed] ...   snr=+0.0dB [ls]  snr=+2.0dB [ls]  snr=+4.0dB [ls]  snr=+6.0dB [ls]  snr=+8.0dB [ls]  snr=+10.0dB [ls]  snr=+12.0dB [ls]  snr=+14.0dB [ls]  snr=+16.0dB [ls]  snr=+18.0dB [ls]  snr=+20.0dB [ls]Done (21.34s)
Estimator batch 9/2000 (active points 11/11) [2m 50s elapsed] ...   snr=+0.0dB [ls]  snr=+2.0dB [ls]  snr=+4.0dB [ls]  snr=+6.0dB [ls]  snr=+8.0dB [ls]  snr=+10.0dB [ls]  snr=+12.0dB [ls]  snr=+14.0dB [ls]  snr=+16.0dB [ls]  snr=+18.0dB [ls]  snr=+20.0dB [ls]Done (21.28s)
Estimator batch 10/2000 (active points 11/11) [3m 11s elapsed] ...   snr=+0.0dB [ls]  snr=+2.0dB [ls]  snr=+4.0dB [ls]  snr=+6.0dB [ls]  snr=+8.0dB [ls]  snr=+10.0dB [ls]  snr=+12.0dB [ls]  snr=+14.0dB [ls]  snr=+16.0dB [ls]  snr=+18.0dB [ls]  snr=+20.0dB [ls]Done (21.29s)
Estimator: ls
  Eb/No= 0.0 dB | BER=2.308e-01 | BERub=2.310e-01 | Status=resolved | Stop=target_block_errors | Latency=1704.110 ms
  Eb/No= 2.0 dB | BER=1.587e-01 | BERub=1.589e-01 | Status=resolved | Stop=target_block_errors | Latency=1686.419 ms
  Eb/No= 4.0 dB | BER=6.829e-02 | BERub=6.841e-02 | Status=resolved | Stop=target_block_errors | Latency=1683.910 ms
  Eb/No= 6.0 dB | BER=2.943e-02 | BERub=2.951e-02 | Status=resolved | Stop=target_block_errors | Latency=1690.177 ms
  Eb/No= 8.0 dB | BER=1.429e-02 | BERub=1.435e-02 | Status=resolved | Stop=target_block_errors | Latency=1689.382 ms
  Eb/No=10.0 dB | BER=8.931e-03 | BERub=8.976e-03 | Status=resolved | Stop=target_block_errors | Latency=1686.308 ms
  Eb/No=12.0 dB | BER=8.134e-03 | BERub=8.177e-03 | Status=resolved | Stop=target_block_errors | Latency=1688.864 ms
  Eb/No=14.0 dB | BER=8.631e-03 | BERub=8.676e-03 | Status=resolved | Stop=target_block_errors | Latency=1687.359 ms
  Eb/No=16.0 dB | BER=8.849e-03 | BERub=8.894e-03 | Status=resolved | Stop=target_block_errors | Latency=1691.208 ms
  Eb/No=18.0 dB | BER=9.444e-03 | BERub=9.490e-03 | Status=resolved | Stop=target_block_errors | Latency=1689.692 ms
  Eb/No=20.0 dB | BER=1.110e-02 | BERub=1.115e-02 | Status=resolved | Stop=target_block_errors | Latency=1689.207 ms
[estimators] Done in 3m 33s
[plot] Combined BER plot: results/20260318_172603_ls_umi_qpsk_16qam_64qam/combined_ber.png

Simulation complete. Total time: 26m 30s
