Log file: /app/results/20260318_200508_ls_rayleigh_rician_umi_qpsk/simulation.log
Loaded configuration for scenario: umi
======================================================================
  6G Smart Factory Simulation Flow
======================================================================
Stages: estimators
Estimators: ['ls']
Modulations: QPSK
Channels: rayleigh | rician | tr38901
Scenario: umi
Eb/No Range: [0.0, 2.0, 4.0, 6.0, 8.0, 10.0, 12.0, 14.0, 16.0, 18.0, 20.0]
Run directory: results/20260318_200508_ls_rayleigh_rician_umi_qpsk
----------------------------------------------------------------------

======================================================================
  rayleigh
======================================================================
[estimators] Starting...
Estimator batch 1/2000 (active points 11/11) [0s elapsed] ...   snr=+0.0dB [ls]  snr=+2.0dB [ls]  snr=+4.0dB [ls]  snr=+6.0dB [ls]  snr=+8.0dB [ls]  snr=+10.0dB [ls]  snr=+12.0dB [ls]  snr=+14.0dB [ls]  snr=+16.0dB [ls]  snr=+18.0dB [ls]  snr=+20.0dB [ls]Done (5.98s)
Estimator batch 2/2000 (active points 11/11) [5s elapsed] ...   snr=+0.0dB [ls]  snr=+2.0dB [ls]  snr=+4.0dB [ls]  snr=+6.0dB [ls]  snr=+8.0dB [ls]  snr=+10.0dB [ls]  snr=+12.0dB [ls]  snr=+14.0dB [ls]  snr=+16.0dB [ls]  snr=+18.0dB [ls]  snr=+20.0dB [ls]Done (5.82s)
Estimator batch 3/2000 (active points 11/11) [11s elapsed] ...   snr=+0.0dB [ls]  snr=+2.0dB [ls]  snr=+4.0dB [ls]  snr=+6.0dB [ls]  snr=+8.0dB [ls]  snr=+10.0dB [ls]  snr=+12.0dB [ls]  snr=+14.0dB [ls]  snr=+16.0dB [ls]  snr=+18.0dB [ls]  snr=+20.0dB [ls]Done (5.86s)
Estimator batch 4/2000 (active points 11/11) [17s elapsed] ...   snr=+0.0dB [ls]  snr=+2.0dB [ls]  snr=+4.0dB [ls]  snr=+6.0dB [ls]  snr=+8.0dB [ls]  snr=+10.0dB [ls]  snr=+12.0dB [ls]  snr=+14.0dB [ls]  snr=+16.0dB [ls]  snr=+18.0dB [ls]  snr=+20.0dB [ls]Done (6.04s)
Estimator batch 5/2000 (active points 11/11) [23s elapsed] ...   snr=+0.0dB [ls]  snr=+2.0dB [ls]  snr=+4.0dB [ls]  snr=+6.0dB [ls]  snr=+8.0dB [ls]  snr=+10.0dB [ls]  snr=+12.0dB [ls]  snr=+14.0dB [ls]  snr=+16.0dB [ls]  snr=+18.0dB [ls]  snr=+20.0dB [ls]Done (5.90s)
Estimator batch 6/2000 (active points 11/11) [29s elapsed] ...   snr=+0.0dB [ls]  snr=+2.0dB [ls]  snr=+4.0dB [ls]  snr=+6.0dB [ls]  snr=+8.0dB [ls]  snr=+10.0dB [ls]  snr=+12.0dB [ls]  snr=+14.0dB [ls]  snr=+16.0dB [ls]  snr=+18.0dB [ls]  snr=+20.0dB [ls]Done (6.00s)
Estimator batch 7/2000 (active points 11/11) [35s elapsed] ...   snr=+0.0dB [ls]  snr=+2.0dB [ls]  snr=+4.0dB [ls]  snr=+6.0dB [ls]  snr=+8.0dB [ls]  snr=+10.0dB [ls]  snr=+12.0dB [ls]  snr=+14.0dB [ls]  snr=+16.0dB [ls]  snr=+18.0dB [ls]  snr=+20.0dB [ls]Done (5.99s)
Estimator batch 8/2000 (active points 11/11) [41s elapsed] ...   snr=+0.0dB [ls]  snr=+2.0dB [ls]  snr=+4.0dB [ls]  snr=+6.0dB [ls]  snr=+8.0dB [ls]  snr=+10.0dB [ls]  snr=+12.0dB [ls]  snr=+14.0dB [ls]  snr=+16.0dB [ls]  snr=+18.0dB [ls]  snr=+20.0dB [ls]Done (6.25s)
Estimator batch 9/2000 (active points 11/11) [47s elapsed] ...   snr=+0.0dB [ls]  snr=+2.0dB [ls]  snr=+4.0dB [ls]  snr=+6.0dB [ls]  snr=+8.0dB [ls]  snr=+10.0dB [ls]  snr=+12.0dB [ls]  snr=+14.0dB [ls]  snr=+16.0dB [ls]  snr=+18.0dB [ls]  snr=+20.0dB [ls]Done (6.52s)
Estimator batch 10/2000 (active points 11/11) [54s elapsed] ...   snr=+0.0dB [ls]  snr=+2.0dB [ls]  snr=+4.0dB [ls]  snr=+6.0dB [ls]  snr=+8.0dB [ls]  snr=+10.0dB [ls]  snr=+12.0dB [ls]  snr=+14.0dB [ls]  snr=+16.0dB [ls]  snr=+18.0dB [ls]  snr=+20.0dB [ls]Done (6.52s)
Estimator batch 11/2000 (active points 10/11) [1m 00s elapsed] ...   snr=+2.0dB [ls]  snr=+4.0dB [ls]  snr=+6.0dB [ls]  snr=+8.0dB [ls]  snr=+10.0dB [ls]  snr=+12.0dB [ls]  snr=+14.0dB [ls]  snr=+16.0dB [ls]  snr=+18.0dB [ls]  snr=+20.0dB [ls]Done (5.72s)
Estimator batch 12/2000 (active points 10/11) [1m 06s elapsed] ...   snr=+2.0dB [ls]  snr=+4.0dB [ls]  snr=+6.0dB [ls]  snr=+8.0dB [ls]  snr=+10.0dB [ls]  snr=+12.0dB [ls]  snr=+14.0dB [ls]  snr=+16.0dB [ls]  snr=+18.0dB [ls]  snr=+20.0dB [ls]Done (5.53s)
Estimator batch 13/2000 (active points 10/11) [1m 12s elapsed] ...   snr=+2.0dB [ls]  snr=+4.0dB [ls]  snr=+6.0dB [ls]  snr=+8.0dB [ls]  snr=+10.0dB [ls]  snr=+12.0dB [ls]  snr=+14.0dB [ls]  snr=+16.0dB [ls]  snr=+18.0dB [ls]  snr=+20.0dB [ls]Done (5.43s)
Estimator batch 14/2000 (active points 10/11) [1m 17s elapsed] ...   snr=+2.0dB [ls]  snr=+4.0dB [ls]  snr=+6.0dB [ls]  snr=+8.0dB [ls]  snr=+10.0dB [ls]  snr=+12.0dB [ls]  snr=+14.0dB [ls]  snr=+16.0dB [ls]  snr=+18.0dB [ls]  snr=+20.0dB [ls]Done (5.76s)
Estimator batch 15/2000 (active points 10/11) [1m 23s elapsed] ...   snr=+2.0dB [ls]  snr=+4.0dB [ls]  snr=+6.0dB [ls]  snr=+8.0dB [ls]  snr=+10.0dB [ls]  snr=+12.0dB [ls]  snr=+14.0dB [ls]  snr=+16.0dB [ls]  snr=+18.0dB [ls]  snr=+20.0dB [ls]Done (5.52s)
Estimator batch 16/2000 (active points 10/11) [1m 28s elapsed] ...   snr=+2.0dB [ls]  snr=+4.0dB [ls]  snr=+6.0dB [ls]  snr=+8.0dB [ls]  snr=+10.0dB [ls]  snr=+12.0dB [ls]  snr=+14.0dB [ls]  snr=+16.0dB [ls]  snr=+18.0dB [ls]  snr=+20.0dB [ls]Done (5.44s)
Estimator batch 17/2000 (active points 10/11) [1m 34s elapsed] ...   snr=+2.0dB [ls]  snr=+4.0dB [ls]  snr=+6.0dB [ls]  snr=+8.0dB [ls]  snr=+10.0dB [ls]  snr=+12.0dB [ls]  snr=+14.0dB [ls]  snr=+16.0dB [ls]  snr=+18.0dB [ls]  snr=+20.0dB [ls]Done (5.56s)
Estimator batch 18/2000 (active points 10/11) [1m 39s elapsed] ...   snr=+2.0dB [ls]  snr=+4.0dB [ls]  snr=+6.0dB [ls]  snr=+8.0dB [ls]  snr=+10.0dB [ls]  snr=+12.0dB [ls]  snr=+14.0dB [ls]  snr=+16.0dB [ls]  snr=+18.0dB [ls]  snr=+20.0dB [ls]Done (5.46s)
Estimator batch 19/2000 (active points 10/11) [1m 45s elapsed] ...   snr=+2.0dB [ls]  snr=+4.0dB [ls]  snr=+6.0dB [ls]  snr=+8.0dB [ls]  snr=+10.0dB [ls]  snr=+12.0dB [ls]  snr=+14.0dB [ls]  snr=+16.0dB [ls]  snr=+18.0dB [ls]  snr=+20.0dB [ls]Done (5.41s)
Estimator batch 20/2000 (active points 10/11) [1m 50s elapsed] ...   snr=+2.0dB [ls]  snr=+4.0dB [ls]  snr=+6.0dB [ls]  snr=+8.0dB [ls]  snr=+10.0dB [ls]  snr=+12.0dB [ls]  snr=+14.0dB [ls]  snr=+16.0dB [ls]  snr=+18.0dB [ls]  snr=+20.0dB [ls]Done (5.39s)
Estimator batch 21/2000 (active points 10/11) [1m 56s elapsed] ...   snr=+2.0dB [ls]  snr=+4.0dB [ls]  snr=+6.0dB [ls]  snr=+8.0dB [ls]  snr=+10.0dB [ls]  snr=+12.0dB [ls]  snr=+14.0dB [ls]  snr=+16.0dB [ls]  snr=+18.0dB [ls]  snr=+20.0dB [ls]Done (5.38s)
Estimator batch 22/2000 (active points 10/11) [2m 01s elapsed] ...   snr=+2.0dB [ls]  snr=+4.0dB [ls]  snr=+6.0dB [ls]  snr=+8.0dB [ls]  snr=+10.0dB [ls]  snr=+12.0dB [ls]  snr=+14.0dB [ls]  snr=+16.0dB [ls]  snr=+18.0dB [ls]  snr=+20.0dB [ls]Done (5.53s)
Estimator batch 23/2000 (active points 10/11) [2m 07s elapsed] ...   snr=+2.0dB [ls]  snr=+4.0dB [ls]  snr=+6.0dB [ls]  snr=+8.0dB [ls]  snr=+10.0dB [ls]  snr=+12.0dB [ls]  snr=+14.0dB [ls]  snr=+16.0dB [ls]  snr=+18.0dB [ls]  snr=+20.0dB [ls]Done (6.00s)
Estimator batch 24/2000 (active points 10/11) [2m 13s elapsed] ...   snr=+2.0dB [ls]  snr=+4.0dB [ls]  snr=+6.0dB [ls]  snr=+8.0dB [ls]  snr=+10.0dB [ls]  snr=+12.0dB [ls]  snr=+14.0dB [ls]  snr=+16.0dB [ls]  snr=+18.0dB [ls]  snr=+20.0dB [ls]Done (5.46s)
Estimator batch 25/2000 (active points 10/11) [2m 18s elapsed] ...   snr=+2.0dB [ls]  snr=+4.0dB [ls]  snr=+6.0dB [ls]  snr=+8.0dB [ls]  snr=+10.0dB [ls]  snr=+12.0dB [ls]  snr=+14.0dB [ls]  snr=+16.0dB [ls]  snr=+18.0dB [ls]  snr=+20.0dB [ls]Done (5.49s)
Estimator batch 26/2000 (active points 10/11) [2m 23s elapsed] ...   snr=+2.0dB [ls]  snr=+4.0dB [ls]  snr=+6.0dB [ls]  snr=+8.0dB [ls]  snr=+10.0dB [ls]  snr=+12.0dB [ls]  snr=+14.0dB [ls]  snr=+16.0dB [ls]  snr=+18.0dB [ls]  snr=+20.0dB [ls]Done (5.38s)
Estimator batch 27/2000 (active points 10/11) [2m 29s elapsed] ...   snr=+2.0dB [ls]  snr=+4.0dB [ls]  snr=+6.0dB [ls]  snr=+8.0dB [ls]  snr=+10.0dB [ls]  snr=+12.0dB [ls]  snr=+14.0dB [ls]  snr=+16.0dB [ls]  snr=+18.0dB [ls]  snr=+20.0dB [ls]Done (5.35s)
Estimator batch 28/2000 (active points 10/11) [2m 34s elapsed] ...   snr=+2.0dB [ls]  snr=+4.0dB [ls]  snr=+6.0dB [ls]  snr=+8.0dB [ls]  snr=+10.0dB [ls]  snr=+12.0dB [ls]  snr=+14.0dB [ls]  snr=+16.0dB [ls]  snr=+18.0dB [ls]  snr=+20.0dB [ls]Done (5.45s)
Estimator batch 29/2000 (active points 10/11) [2m 40s elapsed] ...   snr=+2.0dB [ls]  snr=+4.0dB [ls]  snr=+6.0dB [ls]  snr=+8.0dB [ls]  snr=+10.0dB [ls]  snr=+12.0dB [ls]  snr=+14.0dB [ls]  snr=+16.0dB [ls]  snr=+18.0dB [ls]  snr=+20.0dB [ls]Done (5.48s)
Estimator batch 30/2000 (active points 10/11) [2m 45s elapsed] ...   snr=+2.0dB [ls]  snr=+4.0dB [ls]  snr=+6.0dB [ls]  snr=+8.0dB [ls]  snr=+10.0dB [ls]  snr=+12.0dB [ls]  snr=+14.0dB [ls]  snr=+16.0dB [ls]  snr=+18.0dB [ls]  snr=+20.0dB [ls]Done (5.29s)
Estimator batch 31/2000 (active points 10/11) [2m 50s elapsed] ...   snr=+2.0dB [ls]  snr=+4.0dB [ls]  snr=+6.0dB [ls]  snr=+8.0dB [ls]  snr=+10.0dB [ls]  snr=+12.0dB [ls]  snr=+14.0dB [ls]  snr=+16.0dB [ls]  snr=+18.0dB [ls]  snr=+20.0dB [ls]Done (5.32s)
Estimator batch 32/2000 (active points 10/11) [2m 56s elapsed] ...   snr=+2.0dB [ls]  snr=+4.0dB [ls]  snr=+6.0dB [ls]  snr=+8.0dB [ls]  snr=+10.0dB [ls]  snr=+12.0dB [ls]  snr=+14.0dB [ls]  snr=+16.0dB [ls]  snr=+18.0dB [ls]  snr=+20.0dB [ls]Done (5.30s)
Estimator batch 33/2000 (active points 10/11) [3m 01s elapsed] ...   snr=+2.0dB [ls]  snr=+4.0dB [ls]  snr=+6.0dB [ls]  snr=+8.0dB [ls]  snr=+10.0dB [ls]  snr=+12.0dB [ls]  snr=+14.0dB [ls]  snr=+16.0dB [ls]  snr=+18.0dB [ls]  snr=+20.0dB [ls]Done (5.31s)
Estimator batch 34/2000 (active points 10/11) [3m 06s elapsed] ...   snr=+2.0dB [ls]  snr=+4.0dB [ls]  snr=+6.0dB [ls]  snr=+8.0dB [ls]  snr=+10.0dB [ls]  snr=+12.0dB [ls]  snr=+14.0dB [ls]  snr=+16.0dB [ls]  snr=+18.0dB [ls]  snr=+20.0dB [ls]Done (5.29s)
Estimator batch 35/2000 (active points 10/11) [3m 12s elapsed] ...   snr=+2.0dB [ls]  snr=+4.0dB [ls]  snr=+6.0dB [ls]  snr=+8.0dB [ls]  snr=+10.0dB [ls]  snr=+12.0dB [ls]  snr=+14.0dB [ls]  snr=+16.0dB [ls]  snr=+18.0dB [ls]  snr=+20.0dB [ls]Done (5.30s)
Estimator batch 36/2000 (active points 10/11) [3m 17s elapsed] ...   snr=+2.0dB [ls]  snr=+4.0dB [ls]  snr=+6.0dB [ls]  snr=+8.0dB [ls]  snr=+10.0dB [ls]  snr=+12.0dB [ls]  snr=+14.0dB [ls]  snr=+16.0dB [ls]  snr=+18.0dB [ls]  snr=+20.0dB [ls]Done (5.30s)
Estimator batch 37/2000 (active points 10/11) [3m 22s elapsed] ...   snr=+2.0dB [ls]  snr=+4.0dB [ls]  snr=+6.0dB [ls]  snr=+8.0dB [ls]  snr=+10.0dB [ls]  snr=+12.0dB [ls]  snr=+14.0dB [ls]  snr=+16.0dB [ls]  snr=+18.0dB [ls]  snr=+20.0dB [ls]Done (5.28s)
Estimator batch 38/2000 (active points 10/11) [3m 28s elapsed] ...   snr=+2.0dB [ls]  snr=+4.0dB [ls]  snr=+6.0dB [ls]  snr=+8.0dB [ls]  snr=+10.0dB [ls]  snr=+12.0dB [ls]  snr=+14.0dB [ls]  snr=+16.0dB [ls]  snr=+18.0dB [ls]  snr=+20.0dB [ls]Done (5.38s)
Estimator batch 39/2000 (active points 10/11) [3m 33s elapsed] ...   snr=+2.0dB [ls]  snr=+4.0dB [ls]  snr=+6.0dB [ls]  snr=+8.0dB [ls]  snr=+10.0dB [ls]  snr=+12.0dB [ls]  snr=+14.0dB [ls]  snr=+16.0dB [ls]  snr=+18.0dB [ls]  snr=+20.0dB [ls]Done (5.40s)
Estimator batch 40/2000 (active points 10/11) [3m 38s elapsed] ...   snr=+2.0dB [ls]  snr=+4.0dB [ls]  snr=+6.0dB [ls]  snr=+8.0dB [ls]  snr=+10.0dB [ls]  snr=+12.0dB [ls]  snr=+14.0dB [ls]  snr=+16.0dB [ls]  snr=+18.0dB [ls]  snr=+20.0dB [ls]Done (5.48s)
Estimator batch 41/2000 (active points 10/11) [3m 44s elapsed] ...   snr=+2.0dB [ls]  snr=+4.0dB [ls]  snr=+6.0dB [ls]  snr=+8.0dB [ls]  snr=+10.0dB [ls]  snr=+12.0dB [ls]  snr=+14.0dB [ls]  snr=+16.0dB [ls]  snr=+18.0dB [ls]  snr=+20.0dB [ls]Done (5.41s)
Estimator batch 42/2000 (active points 10/11) [3m 49s elapsed] ...   snr=+2.0dB [ls]  snr=+4.0dB [ls]  snr=+6.0dB [ls]  snr=+8.0dB [ls]  snr=+10.0dB [ls]  snr=+12.0dB [ls]  snr=+14.0dB [ls]  snr=+16.0dB [ls]  snr=+18.0dB [ls]  snr=+20.0dB [ls]Done (5.38s)
Estimator batch 43/2000 (active points 10/11) [3m 55s elapsed] ...   snr=+2.0dB [ls]  snr=+4.0dB [ls]  snr=+6.0dB [ls]  snr=+8.0dB [ls]  snr=+10.0dB [ls]  snr=+12.0dB [ls]  snr=+14.0dB [ls]  snr=+16.0dB [ls]  snr=+18.0dB [ls]  snr=+20.0dB [ls]Done (5.52s)
Estimator batch 44/2000 (active points 10/11) [4m 00s elapsed] ...   snr=+2.0dB [ls]  snr=+4.0dB [ls]  snr=+6.0dB [ls]  snr=+8.0dB [ls]  snr=+10.0dB [ls]  snr=+12.0dB [ls]  snr=+14.0dB [ls]  snr=+16.0dB [ls]  snr=+18.0dB [ls]  snr=+20.0dB [ls]Done (5.66s)
Estimator batch 45/2000 (active points 10/11) [4m 06s elapsed] ...   snr=+2.0dB [ls]  snr=+4.0dB [ls]  snr=+6.0dB [ls]  snr=+8.0dB [ls]  snr=+10.0dB [ls]  snr=+12.0dB [ls]  snr=+14.0dB [ls]  snr=+16.0dB [ls]  snr=+18.0dB [ls]  snr=+20.0dB [ls]Done (5.37s)
Estimator batch 46/2000 (active points 10/11) [4m 11s elapsed] ...   snr=+2.0dB [ls]  snr=+4.0dB [ls]  snr=+6.0dB [ls]  snr=+8.0dB [ls]  snr=+10.0dB [ls]  snr=+12.0dB [ls]  snr=+14.0dB [ls]  snr=+16.0dB [ls]  snr=+18.0dB [ls]  snr=+20.0dB [ls]Done (5.30s)
Estimator batch 47/2000 (active points 10/11) [4m 16s elapsed] ...   snr=+2.0dB [ls]  snr=+4.0dB [ls]  snr=+6.0dB [ls]  snr=+8.0dB [ls]  snr=+10.0dB [ls]  snr=+12.0dB [ls]  snr=+14.0dB [ls]  snr=+16.0dB [ls]  snr=+18.0dB [ls]  snr=+20.0dB [ls]Done (5.30s)
Estimator batch 48/2000 (active points 10/11) [4m 22s elapsed] ...   snr=+2.0dB [ls]  snr=+4.0dB [ls]  snr=+6.0dB [ls]  snr=+8.0dB [ls]  snr=+10.0dB [ls]  snr=+12.0dB [ls]  snr=+14.0dB [ls]  snr=+16.0dB [ls]  snr=+18.0dB [ls]  snr=+20.0dB [ls]Done (5.32s)
Estimator batch 49/2000 (active points 10/11) [4m 27s elapsed] ...   snr=+2.0dB [ls]  snr=+4.0dB [ls]  snr=+6.0dB [ls]  snr=+8.0dB [ls]  snr=+10.0dB [ls]  snr=+12.0dB [ls]  snr=+14.0dB [ls]  snr=+16.0dB [ls]  snr=+18.0dB [ls]  snr=+20.0dB [ls]Done (5.29s)
Estimator batch 50/2000 (active points 10/11) [4m 32s elapsed] ...   snr=+2.0dB [ls]  snr=+4.0dB [ls]  snr=+6.0dB [ls]  snr=+8.0dB [ls]  snr=+10.0dB [ls]  snr=+12.0dB [ls]  snr=+14.0dB [ls]  snr=+16.0dB [ls]  snr=+18.0dB [ls]  snr=+20.0dB [ls]Done (5.29s)
Estimator batch 51/2000 (active points 10/11) [4m 38s elapsed] ...   snr=+2.0dB [ls]  snr=+4.0dB [ls]  snr=+6.0dB [ls]  snr=+8.0dB [ls]  snr=+10.0dB [ls]  snr=+12.0dB [ls]  snr=+14.0dB [ls]  snr=+16.0dB [ls]  snr=+18.0dB [ls]  snr=+20.0dB [ls]Done (5.28s)
Estimator batch 52/2000 (active points 10/11) [4m 43s elapsed] ...   snr=+2.0dB [ls]  snr=+4.0dB [ls]  snr=+6.0dB [ls]  snr=+8.0dB [ls]  snr=+10.0dB [ls]  snr=+12.0dB [ls]  snr=+14.0dB [ls]  snr=+16.0dB [ls]  snr=+18.0dB [ls]  snr=+20.0dB [ls]Done (5.28s)
Estimator batch 53/2000 (active points 10/11) [4m 48s elapsed] ...   snr=+2.0dB [ls]  snr=+4.0dB [ls]  snr=+6.0dB [ls]  snr=+8.0dB [ls]  snr=+10.0dB [ls]  snr=+12.0dB [ls]  snr=+14.0dB [ls]  snr=+16.0dB [ls]  snr=+18.0dB [ls]  snr=+20.0dB [ls]Done (5.27s)
Estimator batch 54/2000 (active points 10/11) [4m 53s elapsed] ...   snr=+2.0dB [ls]  snr=+4.0dB [ls]  snr=+6.0dB [ls]  snr=+8.0dB [ls]  snr=+10.0dB [ls]  snr=+12.0dB [ls]  snr=+14.0dB [ls]  snr=+16.0dB [ls]  snr=+18.0dB [ls]  snr=+20.0dB [ls]Done (5.28s)
Estimator batch 55/2000 (active points 10/11) [4m 59s elapsed] ...   snr=+2.0dB [ls]  snr=+4.0dB [ls]  snr=+6.0dB [ls]  snr=+8.0dB [ls]  snr=+10.0dB [ls]  snr=+12.0dB [ls]  snr=+14.0dB [ls]  snr=+16.0dB [ls]  snr=+18.0dB [ls]  snr=+20.0dB [ls]Done (5.28s)
Estimator batch 56/2000 (active points 10/11) [5m 04s elapsed] ...   snr=+2.0dB [ls]  snr=+4.0dB [ls]  snr=+6.0dB [ls]  snr=+8.0dB [ls]  snr=+10.0dB [ls]  snr=+12.0dB [ls]  snr=+14.0dB [ls]  snr=+16.0dB [ls]  snr=+18.0dB [ls]  snr=+20.0dB [ls]Done (5.31s)
Estimator batch 57/2000 (active points 10/11) [5m 09s elapsed] ...   snr=+2.0dB [ls]  snr=+4.0dB [ls]  snr=+6.0dB [ls]  snr=+8.0dB [ls]  snr=+10.0dB [ls]  snr=+12.0dB [ls]  snr=+14.0dB [ls]  snr=+16.0dB [ls]  snr=+18.0dB [ls]  snr=+20.0dB [ls]Done (5.44s)
Estimator batch 58/2000 (active points 10/11) [5m 15s elapsed] ...   snr=+2.0dB [ls]  snr=+4.0dB [ls]  snr=+6.0dB [ls]  snr=+8.0dB [ls]  snr=+10.0dB [ls]  snr=+12.0dB [ls]  snr=+14.0dB [ls]  snr=+16.0dB [ls]  snr=+18.0dB [ls]  snr=+20.0dB [ls]Done (5.50s)
Estimator batch 59/2000 (active points 10/11) [5m 20s elapsed] ...   snr=+2.0dB [ls]  snr=+4.0dB [ls]  snr=+6.0dB [ls]  snr=+8.0dB [ls]  snr=+10.0dB [ls]  snr=+12.0dB [ls]  snr=+14.0dB [ls]  snr=+16.0dB [ls]  snr=+18.0dB [ls]  snr=+20.0dB [ls]Done (5.43s)
Estimator batch 60/2000 (active points 10/11) [5m 26s elapsed] ...   snr=+2.0dB [ls]  snr=+4.0dB [ls]  snr=+6.0dB [ls]  snr=+8.0dB [ls]  snr=+10.0dB [ls]  snr=+12.0dB [ls]  snr=+14.0dB [ls]  snr=+16.0dB [ls]  snr=+18.0dB [ls]  snr=+20.0dB [ls]Done (5.68s)
Estimator batch 61/2000 (active points 10/11) [5m 31s elapsed] ...   snr=+2.0dB [ls]  snr=+4.0dB [ls]  snr=+6.0dB [ls]  snr=+8.0dB [ls]  snr=+10.0dB [ls]  snr=+12.0dB [ls]  snr=+14.0dB [ls]  snr=+16.0dB [ls]  snr=+18.0dB [ls]  snr=+20.0dB [ls]Done (5.43s)
Estimator batch 62/2000 (active points 10/11) [5m 37s elapsed] ...   snr=+2.0dB [ls]  snr=+4.0dB [ls]  snr=+6.0dB [ls]  snr=+8.0dB [ls]  snr=+10.0dB [ls]  snr=+12.0dB [ls]  snr=+14.0dB [ls]  snr=+16.0dB [ls]  snr=+18.0dB [ls]  snr=+20.0dB [ls]Done (5.70s)
Estimator batch 63/2000 (active points 10/11) [5m 43s elapsed] ...   snr=+2.0dB [ls]  snr=+4.0dB [ls]  snr=+6.0dB [ls]  snr=+8.0dB [ls]  snr=+10.0dB [ls]  snr=+12.0dB [ls]  snr=+14.0dB [ls]  snr=+16.0dB [ls]  snr=+18.0dB [ls]  snr=+20.0dB [ls]Done (5.66s)
Estimator batch 64/2000 (active points 10/11) [5m 48s elapsed] ...   snr=+2.0dB [ls]  snr=+4.0dB [ls]  snr=+6.0dB [ls]  snr=+8.0dB [ls]  snr=+10.0dB [ls]  snr=+12.0dB [ls]  snr=+14.0dB [ls]  snr=+16.0dB [ls]  snr=+18.0dB [ls]  snr=+20.0dB [ls]Done (5.42s)
Estimator batch 65/2000 (active points 10/11) [5m 54s elapsed] ...   snr=+2.0dB [ls]  snr=+4.0dB [ls]  snr=+6.0dB [ls]  snr=+8.0dB [ls]  snr=+10.0dB [ls]  snr=+12.0dB [ls]  snr=+14.0dB [ls]  snr=+16.0dB [ls]  snr=+18.0dB [ls]  snr=+20.0dB [ls]Done (5.51s)
Estimator batch 66/2000 (active points 10/11) [5m 59s elapsed] ...   snr=+2.0dB [ls]  snr=+4.0dB [ls]  snr=+6.0dB [ls]  snr=+8.0dB [ls]  snr=+10.0dB [ls]  snr=+12.0dB [ls]  snr=+14.0dB [ls]  snr=+16.0dB [ls]  snr=+18.0dB [ls]  snr=+20.0dB [ls]Done (6.38s)
Estimator batch 67/2000 (active points 10/11) [6m 06s elapsed] ...   snr=+2.0dB [ls]  snr=+4.0dB [ls]  snr=+6.0dB [ls]  snr=+8.0dB [ls]  snr=+10.0dB [ls]  snr=+12.0dB [ls]  snr=+14.0dB [ls]  snr=+16.0dB [ls]  snr=+18.0dB [ls]  snr=+20.0dB [ls]Done (6.98s)
Estimator batch 68/2000 (active points 10/11) [6m 12s elapsed] ...   snr=+2.0dB [ls]  snr=+4.0dB [ls]  snr=+6.0dB [ls]  snr=+8.0dB [ls]  snr=+10.0dB [ls]  snr=+12.0dB [ls]  snr=+14.0dB [ls]  snr=+16.0dB [ls]  snr=+18.0dB [ls]  snr=+20.0dB [ls]Done (5.32s)
Estimator batch 69/2000 (active points 10/11) [6m 18s elapsed] ...   snr=+2.0dB [ls]  snr=+4.0dB [ls]  snr=+6.0dB [ls]  snr=+8.0dB [ls]  snr=+10.0dB [ls]  snr=+12.0dB [ls]  snr=+14.0dB [ls]  snr=+16.0dB [ls]  snr=+18.0dB [ls]  snr=+20.0dB [ls]Done (5.61s)
Estimator batch 70/2000 (active points 10/11) [6m 23s elapsed] ...   snr=+2.0dB [ls]  snr=+4.0dB [ls]  snr=+6.0dB [ls]  snr=+8.0dB [ls]  snr=+10.0dB [ls]  snr=+12.0dB [ls]  snr=+14.0dB [ls]  snr=+16.0dB [ls]  snr=+18.0dB [ls]  snr=+20.0dB [ls]Done (5.62s)
Estimator batch 71/2000 (active points 10/11) [6m 29s elapsed] ...   snr=+2.0dB [ls]  snr=+4.0dB [ls]  snr=+6.0dB [ls]  snr=+8.0dB [ls]  snr=+10.0dB [ls]  snr=+12.0dB [ls]  snr=+14.0dB [ls]  snr=+16.0dB [ls]  snr=+18.0dB [ls]  snr=+20.0dB [ls]Done (5.32s)
Estimator batch 72/2000 (active points 10/11) [6m 34s elapsed] ...   snr=+2.0dB [ls]  snr=+4.0dB [ls]