Log file: C:\Users\ysabe\Developer\personal\Factory6G\results\20260314_131034_simulation\simulation.log
Loaded configuration for scenario: umi
Starting execution for fixed flow: estimators -> resource_managers
======================================================================
  6G Smart Factory Simulation Flow
======================================================================
Stage order: estimators -> resource_managers
Scenario: umi
Eb/No Range: [-5.0, -4.5, -4.0, -3.5, -3.0, -2.5, -2.0, -1.5, -1.0, -0.5, 0.0, 0.5, 1.0, 1.5, 2.0, 2.5, 3.0, 3.5, 4.0, 4.5, 5.0, 5.5, 6.0, 6.5, 7.0, 7.5, 8.0, 8.5, 9.0, 9.5, 10.0]
Run directory: results\20260314_131034_simulation
----------------------------------------------------------------------
Estimator batch 1/128 (active points 186/186) ... Done (266.26s)
Estimator batch 2/128 (active points 186/186) ... Done (320.80s)
Estimator batch 3/128 (active points 186/186) ... Done (318.67s)
Estimator batch 4/128 (active points 186/186) ... Done (293.81s)
Estimator batch 5/128 (active points 186/186) ... Done (235.01s)
Estimator batch 6/128 (active points 186/186) ... Done (229.59s)
Estimator batch 7/128 (active points 186/186) ... Done (235.29s)
Estimator batch 8/128 (active points 186/186) ... Done (230.66s)
Estimator batch 9/128 (active points 186/186) ... Done (252.72s)
Estimator batch 10/128 (active points 186/186) ... Done (367.92s)
Estimator batch 11/128 (active points 186/186) ... Done (301.62s)
Estimator batch 12/128 (active points 186/186) ... Done (292.93s)
Estimator batch 13/128 (active points 186/186) ... Done (290.79s)
Estimator batch 14/128 (active points 186/186) ... Done (321.34s)
Estimator batch 15/128 (active points 186/186) ... Done (326.23s)
Estimator batch 16/128 (active points 186/186) ... Done (292.89s)
Estimator batch 17/128 (active points 176/186) ... Done (271.13s)
Estimator batch 18/128 (active points 175/186) ... Done (266.92s)
Estimator batch 19/128 (active points 173/186) ... Done (257.92s)
Estimator batch 20/128 (active points 171/186) ... Done (253.70s)
Estimator batch 21/128 (active points 171/186) ... Done (256.73s)
Estimator batch 22/128 (active points 168/186) ... Done (250.58s)
Estimator batch 23/128 (active points 166/186) ... Done (249.09s)
Estimator batch 24/128 (active points 166/186) ... Done (247.17s)
Estimator batch 25/128 (active points 166/186) ... Done (243.17s)
Estimator batch 26/128 (active points 166/186) ... Done (247.18s)
Estimator batch 27/128 (active points 166/186) ... Done (250.52s)
Estimator batch 28/128 (active points 165/186) ... Done (248.38s)
Estimator batch 29/128 (active points 162/186) ... Done (261.52s)
Estimator batch 30/128 (active points 161/186) ... Done (272.40s)
Estimator batch 31/128 (active points 161/186) ... Done (277.63s)
Estimator batch 32/128 (active points 161/186) ... Done (268.15s)
Estimator batch 33/128 (active points 161/186) ... Done (277.13s)
Estimator batch 34/128 (active points 161/186) ... Done (294.52s)
Estimator batch 35/128 (active points 161/186) ... Done (300.65s)
Estimator batch 36/128 (active points 161/186) ... Done (314.66s)
Estimator batch 37/128 (active points 161/186) ... Done (321.10s)
Estimator batch 38/128 (active points 159/186) ... Done (310.02s)
Estimator batch 39/128 (active points 159/186) ... Done (293.39s)
Estimator batch 40/128 (active points 158/186) ... Done (305.55s)
Estimator batch 41/128 (active points 158/186) ... Done (288.22s)
Estimator batch 42/128 (active points 158/186) ... Done (286.44s)
Estimator batch 43/128 (active points 158/186) ... Done (263.97s)
Estimator batch 44/128 (active points 157/186) ... Done (299.12s)
Estimator batch 45/128 (active points 156/186) ... Done (312.33s)
Estimator batch 46/128 (active points 156/186) ... Done (304.04s)
Estimator batch 47/128 (active points 156/186) ... Done (322.14s)
Estimator batch 48/128 (active points 156/186) ... Done (255.78s)
Estimator batch 49/128 (active points 156/186) ... Done (269.89s)
Estimator batch 50/128 (active points 155/186) ... Done (265.78s)
Estimator batch 51/128 (active points 155/186) ... Done (255.26s)
Estimator batch 52/128 (active points 153/186) ... Done (255.63s)
Estimator batch 53/128 (active points 153/186) ... Done (251.06s)
Estimator batch 54/128 (active points 153/186) ... Done (253.08s)
Estimator batch 55/128 (active points 153/186) ... Done (256.08s)
Estimator batch 56/128 (active points 153/186) ... Done (256.69s)
Estimator batch 57/128 (active points 153/186) ... Done (254.57s)
Estimator batch 58/128 (active points 152/186) ... Done (253.86s)
Estimator batch 59/128 (active points 152/186) ... Done (251.52s)
Estimator batch 60/128 (active points 151/186) ... Done (254.26s)
Estimator batch 61/128 (active points 151/186) ... Done (253.75s)
Estimator batch 62/128 (active points 151/186) ... Done (258.87s)
Estimator batch 63/128 (active points 151/186) ... Done (257.54s)
Estimator batch 64/128 (active points 151/186) ... Done (251.28s)
Estimator batch 65/128 (active points 151/186) ... Done (255.18s)
Estimator batch 66/128 (active points 151/186) ... Done (256.30s)
Estimator batch 67/128 (active points 151/186) ... Done (259.39s)
Estimator batch 68/128 (active points 151/186) ... Done (279.73s)
Estimator batch 69/128 (active points 151/186) ... Done (275.68s)
Estimator batch 70/128 (active points 150/186) ... Done (283.60s)
Estimator batch 71/128 (active points 150/186) ... Done (297.07s)
Estimator batch 72/128 (active points 150/186) ... Done (359.70s)
Estimator batch 73/128 (active points 150/186) ... Done (354.88s)
Estimator batch 74/128 (active points 150/186) ... Done (363.01s)
Estimator batch 75/128 (active points 150/186) ... Done (278.29s)
Estimator batch 76/128 (active points 148/186) ... Done (263.53s)
Estimator batch 77/128 (active points 148/186) ... Done (414.38s)
Estimator batch 78/128 (active points 148/186) ... Done (380.62s)
Estimator batch 79/128 (active points 148/186) ... Done (299.43s)
Estimator batch 80/128 (active points 148/186) ... Done (273.69s)
Estimator batch 81/128 (active points 148/186) ... Done (285.73s)
Estimator batch 82/128 (active points 148/186) ... Done (183.38s)
Estimator batch 83/128 (active points 148/186) ... Done (179.83s)
Estimator batch 84/128 (active points 148/186) ... Done (176.96s)
Estimator batch 85/128 (active points 148/186) ... Done (179.34s)
Estimator batch 86/128 (active points 147/186) ... Done (184.40s)
Estimator batch 87/128 (active points 147/186) ... Done (184.39s)
Estimator batch 88/128 (active points 147/186) ... Done (182.62s)
Estimator batch 89/128 (active points 147/186) ... Done (186.44s)
Estimator batch 90/128 (active points 147/186) ... Done (202.73s)
Estimator batch 91/128 (active points 147/186) ... Done (200.25s)
Estimator batch 92/128 (active points 147/186) ... Done (197.77s)
Estimator batch 93/128 (active points 147/186) ... Done (193.11s)
Estimator batch 94/128 (active points 146/186) ... Done (187.50s)
Estimator batch 95/128 (active points 146/186) ... Done (263.91s)
Estimator batch 96/128 (active points 146/186) ... Done (280.36s)
Estimator batch 97/128 (active points 146/186) ... Done (278.51s)
Estimator batch 98/128 (active points 146/186) ... Done (282.97s)
Estimator batch 99/128 (active points 146/186) ... Done (309.13s)
Estimator batch 100/128 (active points 146/186) ... Done (320.44s)
Estimator batch 101/128 (active points 145/186) ... Done (317.32s)
Estimator batch 102/128 (active points 145/186) ... Done (310.84s)
Estimator batch 103/128 (active points 145/186) ... Done (317.98s)
Estimator batch 104/128 (active points 145/186) ... Done (307.83s)
Estimator batch 105/128 (active points 145/186) ... Done (315.58s)
Estimator batch 106/128 (active points 145/186) ... Done (307.09s)
Estimator batch 107/128 (active points 144/186) ... Done (298.83s)
Estimator batch 108/128 (active points 142/186) ... Done (307.25s)
Estimator batch 109/128 (active points 142/186) ... Done (301.52s)
Estimator batch 110/128 (active points 142/186) ... Done (296.37s)
Estimator batch 111/128 (active points 142/186) ... Done (296.63s)
Estimator batch 112/128 (active points 142/186) ... Done (301.58s)
Estimator batch 113/128 (active points 142/186) ... Done (301.58s)
Estimator batch 114/128 (active points 142/186) ... Done (292.39s)
Estimator batch 115/128 (active points 142/186) ... Done (291.89s)
Estimator batch 116/128 (active points 142/186) ... Done (298.74s)
Estimator batch 117/128 (active points 142/186) ... Done (302.71s)
Estimator batch 118/128 (active points 142/186) ... Done (306.02s)
Estimator batch 119/128 (active points 142/186) ... Done (298.13s)
Estimator batch 120/128 (active points 142/186) ... Done (303.39s)
Estimator batch 121/128 (active points 142/186) ... Done (307.87s)
Estimator batch 122/128 (active points 142/186) ... Done (301.70s)
Estimator batch 123/128 (active points 142/186) ... Done (309.60s)
Estimator batch 124/128 (active points 142/186) ... Done (305.08s)
Estimator batch 125/128 (active points 142/186) ... Done (306.89s)
Estimator batch 126/128 (active points 142/186) ... Done (303.61s)
Estimator batch 127/128 (active points 142/186) ... Done (306.43s)
Estimator batch 128/128 (active points 142/186) ... Done (307.75s)
Estimator: ls
  Eb/No=-5.0 dB | BER=2.873e-01 | BERub=2.879e-01 | Status=resolved | Stop=target_block_errors | Latency=742.186 ms
  Eb/No=-4.5 dB | BER=2.711e-01 | BERub=2.717e-01 | Status=resolved | Stop=target_block_errors | Latency=708.882 ms
  Eb/No=-4.0 dB | BER=2.520e-01 | BERub=2.526e-01 | Status=resolved | Stop=target_block_errors | Latency=743.521 ms
  Eb/No=-3.5 dB | BER=2.346e-01 | BERub=2.352e-01 | Status=resolved | Stop=target_block_errors | Latency=716.549 ms
  Eb/No=-3.0 dB | BER=2.072e-01 | BERub=2.077e-01 | Status=resolved | Stop=target_block_errors | Latency=711.367 ms
  Eb/No=-2.5 dB | BER=1.717e-01 | BERub=1.722e-01 | Status=resolved | Stop=target_block_errors | Latency=688.445 ms
  Eb/No=-2.0 dB | BER=1.239e-01 | BERub=1.243e-01 | Status=resolved | Stop=target_block_errors | Latency=707.188 ms
  Eb/No=-1.5 dB | BER=9.301e-02 | BERub=9.330e-02 | Status=resolved | Stop=target_block_errors | Latency=697.832 ms
  Eb/No=-1.0 dB | BER=5.703e-02 | BERub=5.722e-02 | Status=resolved | Stop=target_block_errors | Latency=760.002 ms
  Eb/No=-0.5 dB | BER=3.545e-02 | BERub=3.558e-02 | Status=resolved | Stop=target_block_errors | Latency=793.068 ms
  Eb/No= 0.0 dB | BER=2.239e-02 | BERub=2.247e-02 | Status=resolved | Stop=target_block_errors | Latency=795.489 ms
  Eb/No= 0.5 dB | BER=1.463e-02 | BERub=1.469e-02 | Status=resolved | Stop=max_batches | Latency=855.369 ms
  Eb/No= 1.0 dB | BER=1.143e-02 | BERub=1.148e-02 | Status=resolved | Stop=max_batches | Latency=856.108 ms
  Eb/No= 1.5 dB | BER=6.413e-03 | BERub=6.450e-03 | Status=resolved | Stop=max_batches | Latency=865.614 ms
  Eb/No= 2.0 dB | BER=3.383e-03 | BERub=3.410e-03 | Status=resolved | Stop=max_batches | Latency=866.904 ms
  Eb/No= 2.5 dB | BER=3.014e-03 | BERub=3.039e-03 | Status=resolved | Stop=max_batches | Latency=855.687 ms
  Eb/No= 3.0 dB | BER=2.096e-03 | BERub=2.117e-03 | Status=resolved | Stop=max_batches | Latency=861.282 ms
  Eb/No= 3.5 dB | BER=1.279e-03 | BERub=1.295e-03 | Status=resolved | Stop=max_batches | Latency=870.382 ms
  Eb/No= 4.0 dB | BER=8.205e-04 | BERub=8.339e-04 | Status=resolved | Stop=max_batches | Latency=862.221 ms
  Eb/No= 4.5 dB | BER=9.857e-04 | BERub=1.000e-03 | Status=resolved | Stop=max_batches | Latency=860.444 ms
  Eb/No= 5.0 dB | BER=7.365e-04 | BERub=7.492e-04 | Status=resolved | Stop=max_batches | Latency=862.999 ms
  Eb/No= 5.5 dB | BER=6.068e-04 | BERub=6.183e-04 | Status=resolved | Stop=max_batches | Latency=864.523 ms
  Eb/No= 6.0 dB | BER=5.858e-04 | BERub=5.971e-04 | Status=resolved | Stop=max_batches | Latency=869.733 ms
  Eb/No= 6.5 dB | BER=4.610e-04 | BERub=4.711e-04 | Status=resolved | Stop=max_batches | Latency=863.391 ms
  Eb/No= 7.0 dB | BER=3.294e-04 | BERub=3.379e-04 | Status=resolved | Stop=max_batches | Latency=867.886 ms
  Eb/No= 7.5 dB | BER=3.220e-04 | BERub=3.305e-04 | Status=resolved | Stop=max_batches | Latency=865.593 ms
  Eb/No= 8.0 dB | BER=2.364e-04 | BERub=2.436e-04 | Status=resolved | Stop=max_batches | Latency=868.081 ms
  Eb/No= 8.5 dB | BER=3.567e-04 | BERub=3.655e-04 | Status=resolved | Stop=max_batches | Latency=870.203 ms
  Eb/No= 9.0 dB | BER=5.128e-04 | BERub=5.234e-04 | Status=resolved | Stop=max_batches | Latency=873.118 ms
  Eb/No= 9.5 dB | BER=3.060e-04 | BERub=3.143e-04 | Status=resolved | Stop=max_batches | Latency=874.195 ms
  Eb/No=10.0 dB | BER=1.240e-04 | BERub=1.292e-04 | Status=resolved | Stop=max_batches | Latency=852.474 ms
Estimator: dft
  Eb/No=-5.0 dB | BER=2.477e-01 | BERub=2.483e-01 | Status=resolved | Stop=target_block_errors | Latency=716.126 ms
  Eb/No=-4.5 dB | BER=2.289e-01 | BERub=2.294e-01 | Status=resolved | Stop=target_block_errors | Latency=718.144 ms
  Eb/No=-4.0 dB | BER=2.021e-01 | BERub=2.027e-01 | Status=resolved | Stop=target_block_errors | Latency=718.300 ms
  Eb/No=-3.5 dB | BER=1.683e-01 | BERub=1.688e-01 | Status=resolved | Stop=target_block_errors | Latency=707.395 ms
  Eb/No=-3.0 dB | BER=1.272e-01 | BERub=1.275e-01 | Status=resolved | Stop=target_block_errors | Latency=705.526 ms
  Eb/No=-2.5 dB | BER=8.709e-02 | BERub=8.737e-02 | Status=resolved | Stop=target_block_errors | Latency=696.559 ms
  Eb/No=-2.0 dB | BER=5.573e-02 | BERub=5.592e-02 | Status=resolved | Stop=target_block_errors | Latency=792.994 ms
  Eb/No=-1.5 dB | BER=4.004e-02 | BERub=4.018e-02 | Status=resolved | Stop=target_block_errors | Latency=779.547 ms
  Eb/No=-1.0 dB | BER=2.244e-02 | BERub=2.252e-02 | Status=resolved | Stop=target_block_errors | Latency=796.430 ms
  Eb/No=-0.5 dB | BER=1.370e-02 | BERub=1.375e-02 | Status=resolved | Stop=max_batches | Latency=849.915 ms
  Eb/No= 0.0 dB | BER=8.702e-03 | BERub=8.745e-03 | Status=resolved | Stop=max_batches | Latency=853.369 ms
  Eb/No= 0.5 dB | BER=5.697e-03 | BERub=5.732e-03 | Status=resolved | Stop=max_batches | Latency=848.064 ms
  Eb/No= 1.0 dB | BER=4.595e-03 | BERub=4.626e-03 | Status=resolved | Stop=max_batches | Latency=858.407 ms
  Eb/No= 1.5 dB | BER=2.417e-03 | BERub=2.440e-03 | Status=resolved | Stop=max_batches | Latency=872.700 ms
  Eb/No= 2.0 dB | BER=1.269e-03 | BERub=1.285e-03 | Status=resolved | Stop=max_batches | Latency=857.268 ms
  Eb/No= 2.5 dB | BER=1.095e-03 | BERub=1.111e-03 | Status=resolved | Stop=max_batches | Latency=848.930 ms
  Eb/No= 3.0 dB | BER=8.470e-04 | BERub=8.606e-04 | Status=resolved | Stop=max_batches | Latency=857.938 ms
  Eb/No= 3.5 dB | BER=4.014e-04 | BERub=4.108e-04 | Status=resolved | Stop=max_batches | Latency=864.080 ms
  Eb/No= 4.0 dB | BER=3.073e-04 | BERub=3.156e-04 | Status=resolved | Stop=max_batches | Latency=859.875 ms
  Eb/No= 4.5 dB | BER=3.096e-04 | BERub=3.179e-04 | Status=resolved | Stop=max_batches | Latency=856.465 ms
  Eb/No= 5.0 dB | BER=1.868e-04 | BERub=1.932e-04 | Status=resolved | Stop=max_batches | Latency=857.970 ms
  Eb/No= 5.5 dB | BER=1.235e-04 | BERub=1.288e-04 | Status=resolved | Stop=max_batches | Latency=865.791 ms
  Eb/No= 6.0 dB | BER=1.073e-04 | BERub=1.122e-04 | Status=resolved | Stop=max_batches | Latency=861.750 ms
  Eb/No= 6.5 dB | BER=1.482e-04 | BERub=1.540e-04 | Status=resolved | Stop=max_batches | Latency=857.458 ms
  Eb/No= 7.0 dB | BER=6.000e-05 | BERub=6.370e-05 | Status=resolved | Stop=max_batches | Latency=860.116 ms
  Eb/No= 7.5 dB | BER=1.589e-07 | BERub=4.803e-07 | Status=upper_bound_only | Stop=max_batches | Latency=861.856 ms
  Eb/No= 8.0 dB | BER=0.000e+00 | BERub=2.381e-07 | Status=upper_bound_only | Stop=max_batches | Latency=858.714 ms
  Eb/No= 8.5 dB | BER=2.154e-05 | BERub=2.380e-05 | Status=resolved | Stop=max_batches | Latency=863.691 ms
  Eb/No= 9.0 dB | BER=1.642e-04 | BERub=1.702e-04 | Status=resolved | Stop=max_batches | Latency=871.291 ms
  Eb/No= 9.5 dB | BER=4.657e-05 | BERub=4.984e-05 | Status=resolved | Stop=max_batches | Latency=863.184 ms
  Eb/No=10.0 dB | BER=0.000e+00 | BERub=2.381e-07 | Status=upper_bound_only | Stop=max_batches | Latency=851.490 ms
Estimator: lmmse
  Eb/No=-5.0 dB | BER=1.519e-01 | BERub=1.523e-01 | Status=resolved | Stop=target_block_errors | Latency=726.786 ms
  Eb/No=-4.5 dB | BER=1.188e-01 | BERub=1.192e-01 | Status=resolved | Stop=target_block_errors | Latency=722.096 ms
  Eb/No=-4.0 dB | BER=8.480e-02 | BERub=8.507e-02 | Status=resolved | Stop=target_block_errors | Latency=703.200 ms
  Eb/No=-3.5 dB | BER=6.118e-02 | BERub=6.138e-02 | Status=resolved | Stop=target_block_errors | Latency=763.460 ms
  Eb/No=-3.0 dB | BER=4.516e-02 | BERub=4.531e-02 | Status=resolved | Stop=target_block_errors | Latency=792.870 ms
  Eb/No=-2.5 dB | BER=2.928e-02 | BERub=2.939e-02 | Status=resolved | Stop=target_block_errors | Latency=806.029 ms
  Eb/No=-2.0 dB | BER=2.054e-02 | BERub=2.062e-02 | Status=resolved | Stop=target_block_errors | Latency=816.463 ms
  Eb/No=-1.5 dB | BER=1.498e-02 | BERub=1.504e-02 | Status=resolved | Stop=max_batches | Latency=849.380 ms
  Eb/No=-1.0 dB | BER=9.668e-03 | BERub=9.714e-03 | Status=resolved | Stop=max_batches | Latency=856.866 ms
  Eb/No=-0.5 dB | BER=6.014e-03 | BERub=6.050e-03 | Status=resolved | Stop=max_batches | Latency=850.939 ms
  Eb/No= 0.0 dB | BER=4.803e-03 | BERub=4.835e-03 | Status=resolved | Stop=max_batches | Latency=855.212 ms
  Eb/No= 0.5 dB | BER=3.039e-03 | BERub=3.065e-03 | Status=resolved | Stop=max_batches | Latency=854.794 ms
  Eb/No= 1.0 dB | BER=2.723e-03 | BERub=2.747e-03 | Status=resolved | Stop=max_batches | Latency=859.912 ms
  Eb/No= 1.5 dB | BER=1.583e-03 | BERub=1.602e-03 | Status=resolved | Stop=max_batches | Latency=879.373 ms
  Eb/No= 2.0 dB | BER=7.804e-04 | BERub=7.935e-04 | Status=resolved | Stop=max_batches | Latency=852.530 ms
  Eb/No= 2.5 dB | BER=9.173e-04 | BERub=9.314e-04 | Status=resolved | Stop=max_batches | Latency=865.910 ms
  Eb/No= 3.0 dB | BER=6.077e-04 | BERub=6.193e-04 | Status=resolved | Stop=max_batches | Latency=862.816 ms
  Eb/No= 3.5 dB | BER=4.163e-04 | BERub=4.258e-04 | Status=resolved | Stop=max_batches | Latency=865.300 ms
  Eb/No= 4.0 dB | BER=1.961e-04 | BERub=2.027e-04 | Status=resolved | Stop=max_batches | Latency=860.539 ms
  Eb/No= 4.5 dB | BER=3.495e-04 | BERub=3.583e-04 | Status=resolved | Stop=max_batches | Latency=859.855 ms
  Eb/No= 5.0 dB | BER=3.191e-04 | BERub=3.275e-04 | Status=resolved | Stop=max_batches | Latency=859.329 ms
  Eb/No= 5.5 dB | BER=2.037e-04 | BERub=2.104e-04 | Status=resolved | Stop=max_batches | Latency=871.882 ms
  Eb/No= 6.0 dB | BER=2.069e-04 | BERub=2.136e-04 | Status=resolved | Stop=max_batches | Latency=863.491 ms
  Eb/No= 6.5 dB | BER=1.640e-04 | BERub=1.700e-04 | Status=resolved | Stop=max_batches | Latency=861.830 ms
  Eb/No= 7.0 dB | BER=1.136e-04 | BERub=1.186e-04 | Status=resolved | Stop=max_batches | Latency=858.637 ms
  Eb/No= 7.5 dB | BER=1.562e-04 | BERub=1.621e-04 | Status=resolved | Stop=max_batches | Latency=858.418 ms
  Eb/No= 8.0 dB | BER=1.342e-04 | BERub=1.397e-04 | Status=resolved | Stop=max_batches | Latency=870.335 ms
  Eb/No= 8.5 dB | BER=1.763e-04 | BERub=1.825e-04 | Status=resolved | Stop=max_batches | Latency=876.989 ms
  Eb/No= 9.0 dB | BER=2.313e-04 | BERub=2.385e-04 | Status=resolved | Stop=max_batches | Latency=875.461 ms
  Eb/No= 9.5 dB | BER=1.270e-04 | BERub=1.323e-04 | Status=resolved | Stop=max_batches | Latency=863.972 ms
  Eb/No=10.0 dB | BER=1.748e-06 | BERub=2.478e-06 | Status=upper_bound_only | Stop=max_batches | Latency=859.154 ms
Estimator: adaptive
  Eb/No=-5.0 dB | BER=1.519e-01 | BERub=1.523e-01 | Status=resolved | Stop=target_block_errors | Latency=740.743 ms
  Eb/No=-4.5 dB | BER=1.188e-01 | BERub=1.192e-01 | Status=resolved | Stop=target_block_errors | Latency=730.343 ms
  Eb/No=-4.0 dB | BER=8.480e-02 | BERub=8.507e-02 | Status=resolved | Stop=target_block_errors | Latency=714.580 ms
  Eb/No=-3.5 dB | BER=6.118e-02 | BERub=6.138e-02 | Status=resolved | Stop=target_block_errors | Latency=758.383 ms
  Eb/No=-3.0 dB | BER=4.516e-02 | BERub=4.531e-02 | Status=resolved | Stop=target_block_errors | Latency=784.698 ms
  Eb/No=-2.5 dB | BER=2.928e-02 | BERub=2.939e-02 | Status=resolved | Stop=target_block_errors | Latency=805.428 ms
  Eb/No=-2.0 dB | BER=2.054e-02 | BERub=2.062e-02 | Status=resolved | Stop=target_block_errors | Latency=814.437 ms
  Eb/No=-1.5 dB | BER=1.498e-02 | BERub=1.504e-02 | Status=resolved | Stop=max_batches | Latency=849.630 ms
  Eb/No=-1.0 dB | BER=9.668e-03 | BERub=9.714e-03 | Status=resolved | Stop=max_batches | Latency=867.016 ms
  Eb/No=-0.5 dB | BER=6.014e-03 | BERub=6.050e-03 | Status=resolved | Stop=max_batches | Latency=855.253 ms
  Eb/No= 0.0 dB | BER=4.803e-03 | BERub=4.835e-03 | Status=resolved | Stop=max_batches | Latency=857.889 ms
  Eb/No= 0.5 dB | BER=3.039e-03 | BERub=3.065e-03 | Status=resolved | Stop=max_batches | Latency=856.100 ms
  Eb/No= 1.0 dB | BER=2.723e-03 | BERub=2.747e-03 | Status=resolved | Stop=max_batches | Latency=861.093 ms
  Eb/No= 1.5 dB | BER=1.583e-03 | BERub=1.602e-03 | Status=resolved | Stop=max_batches | Latency=865.597 ms
  Eb/No= 2.0 dB | BER=7.804e-04 | BERub=7.935e-04 | Status=resolved | Stop=max_batches | Latency=858.494 ms
  Eb/No= 2.5 dB | BER=9.173e-04 | BERub=9.314e-04 | Status=resolved | Stop=max_batches | Latency=857.555 ms
  Eb/No= 3.0 dB | BER=6.077e-04 | BERub=6.193e-04 | Status=resolved | Stop=max_batches | Latency=859.616 ms
  Eb/No= 3.5 dB | BER=4.163e-04 | BERub=4.258e-04 | Status=resolved | Stop=max_batches | Latency=864.876 ms
  Eb/No= 4.0 dB | BER=1.961e-04 | BERub=2.027e-04 | Status=resolved | Stop=max_batches | Latency=861.195 ms
  Eb/No= 4.5 dB | BER=3.495e-04 | BERub=3.583e-04 | Status=resolved | Stop=max_batches | Latency=860.204 ms
  Eb/No= 5.0 dB | BER=3.191e-04 | BERub=3.275e-04 | Status=resolved | Stop=max_batches | Latency=881.184 ms
  Eb/No= 5.5 dB | BER=2.037e-04 | BERub=2.104e-04 | Status=resolved | Stop=max_batches | Latency=866.041 ms
  Eb/No= 6.0 dB | BER=8.496e-05 | BERub=8.934e-05 | Status=resolved | Stop=max_batches | Latency=863.859 ms
  Eb/No= 6.5 dB | BER=6.183e-05 | BERub=6.559e-05 | Status=resolved | Stop=max_batches | Latency=865.152 ms
  Eb/No= 7.0 dB | BER=6.779e-05 | BERub=7.172e-05 | Status=resolved | Stop=max_batches | Latency=862.645 ms
  Eb/No= 7.5 dB | BER=0.000e+00 | BERub=2.381e-07 | Status=upper_bound_only | Stop=max_batches | Latency=859.768 ms
  Eb/No= 8.0 dB | BER=0.000e+00 | BERub=2.381e-07 | Status=upper_bound_only | Stop=max_batches | Latency=872.915 ms
  Eb/No= 8.5 dB | BER=0.000e+00 | BERub=2.381e-07 | Status=upper_bound_only | Stop=max_batches | Latency=870.349 ms
  Eb/No= 9.0 dB | BER=1.663e-04 | BERub=1.724e-04 | Status=resolved | Stop=max_batches | Latency=875.932 ms
  Eb/No= 9.5 dB | BER=2.440e-05 | BERub=2.680e-05 | Status=resolved | Stop=max_batches | Latency=862.270 ms
  Eb/No=10.0 dB | BER=0.000e+00 | BERub=2.381e-07 | Status=upper_bound_only | Stop=max_batches | Latency=856.175 ms
Estimator: pso
  Eb/No=-5.0 dB | BER=2.264e-01 | BERub=2.270e-01 | Status=resolved | Stop=target_block_errors | Latency=716.497 ms
  Eb/No=-4.5 dB | BER=1.994e-01 | BERub=2.000e-01 | Status=resolved | Stop=target_block_errors | Latency=747.028 ms
  Eb/No=-4.0 dB | BER=1.609e-01 | BERub=1.614e-01 | Status=resolved | Stop=target_block_errors | Latency=700.087 ms
  Eb/No=-3.5 dB | BER=1.206e-01 | BERub=1.209e-01 | Status=resolved | Stop=target_block_errors | Latency=702.023 ms
  Eb/No=-3.0 dB | BER=8.011e-02 | BERub=8.037e-02 | Status=resolved | Stop=target_block_errors | Latency=702.149 ms
  Eb/No=-2.5 dB | BER=4.908e-02 | BERub=4.925e-02 | Status=resolved | Stop=target_block_errors | Latency=766.731 ms
  Eb/No=-2.0 dB | BER=3.157e-02 | BERub=3.168e-02 | Status=resolved | Stop=target_block_errors | Latency=797.420 ms
  Eb/No=-1.5 dB | BER=2.001e-02 | BERub=2.008e-02 | Status=resolved | Stop=target_block_errors | Latency=819.994 ms
  Eb/No=-1.0 dB | BER=1.083e-02 | BERub=1.087e-02 | Status=resolved | Stop=max_batches | Latency=855.056 ms
  Eb/No=-0.5 dB | BER=6.506e-03 | BERub=6.543e-03 | Status=resolved | Stop=max_batches | Latency=859.496 ms
  Eb/No= 0.0 dB | BER=4.242e-03 | BERub=4.272e-03 | Status=resolved | Stop=max_batches | Latency=861.234 ms
  Eb/No= 0.5 dB | BER=2.883e-03 | BERub=2.908e-03 | Status=resolved | Stop=max_batches | Latency=860.001 ms
  Eb/No= 1.0 dB | BER=1.988e-03 | BERub=2.009e-03 | Status=resolved | Stop=max_batches | Latency=863.156 ms
  Eb/No= 1.5 dB | BER=1.097e-03 | BERub=1.113e-03 | Status=resolved | Stop=max_batches | Latency=858.105 ms
  Eb/No= 2.0 dB | BER=6.303e-04 | BERub=6.420e-04 | Status=resolved | Stop=max_batches | Latency=870.872 ms
  Eb/No= 2.5 dB | BER=5.759e-04 | BERub=5.872e-04 | Status=resolved | Stop=max_batches | Latency=859.292 ms
  Eb/No= 3.0 dB | BER=4.231e-04 | BERub=4.328e-04 | Status=resolved | Stop=max_batches | Latency=858.614 ms
  Eb/No= 3.5 dB | BER=2.399e-04 | BERub=2.472e-04 | Status=resolved | Stop=max_batches | Latency=863.693 ms
  Eb/No= 4.0 dB | BER=1.681e-04 | BERub=1.742e-04 | Status=resolved | Stop=max_batches | Latency=872.187 ms
  Eb/No= 4.5 dB | BER=2.222e-04 | BERub=2.292e-04 | Status=resolved | Stop=max_batches | Latency=866.262 ms
  Eb/No= 5.0 dB | BER=1.163e-04 | BERub=1.215e-04 | Status=resolved | Stop=max_batches | Latency=871.590 ms
  Eb/No= 5.5 dB | BER=9.576e-05 | BERub=1.004e-04 | Status=resolved | Stop=max_batches | Latency=874.801 ms
  Eb/No= 6.0 dB | BER=1.001e-04 | BERub=1.049e-04 | Status=resolved | Stop=max_batches | Latency=862.567 ms
  Eb/No= 6.5 dB | BER=7.447e-05 | BERub=7.858e-05 | Status=resolved | Stop=max_batches | Latency=861.744 ms
  Eb/No= 7.0 dB | BER=6.421e-05 | BERub=6.804e-05 | Status=resolved | Stop=max_batches | Latency=865.221 ms
  Eb/No= 7.5 dB | BER=2.146e-05 | BERub=2.372e-05 | Status=resolved | Stop=max_batches | Latency=871.780 ms
  Eb/No= 8.0 dB | BER=0.000e+00 | BERub=2.381e-07 | Status=upper_bound_only | Stop=max_batches | Latency=877.989 ms
  Eb/No= 8.5 dB | BER=0.000e+00 | BERub=2.381e-07 | Status=upper_bound_only | Stop=max_batches | Latency=876.324 ms
  Eb/No= 9.0 dB | BER=1.592e-04 | BERub=1.651e-04 | Status=resolved | Stop=max_batches | Latency=874.268 ms
  Eb/No= 9.5 dB | BER=2.352e-05 | BERub=2.588e-05 | Status=resolved | Stop=max_batches | Latency=870.087 ms
  Eb/No=10.0 dB | BER=0.000e+00 | BERub=2.381e-07 | Status=upper_bound_only | Stop=max_batches | Latency=854.263 ms
Estimator: perfect
  Eb/No=-5.0 dB | BER=3.319e-02 | BERub=3.332e-02 | Status=resolved | Stop=target_block_errors | Latency=789.662 ms
  Eb/No=-4.5 dB | BER=1.662e-02 | BERub=1.670e-02 | Status=resolved | Stop=target_block_errors | Latency=828.490 ms
  Eb/No=-4.0 dB | BER=7.728e-03 | BERub=7.769e-03 | Status=resolved | Stop=max_batches | Latency=871.225 ms
  Eb/No=-3.5 dB | BER=4.011e-03 | BERub=4.040e-03 | Status=resolved | Stop=max_batches | Latency=852.412 ms
  Eb/No=-3.0 dB | BER=2.509e-03 | BERub=2.532e-03 | Status=resolved | Stop=max_batches | Latency=844.767 ms
  Eb/No=-2.5 dB | BER=1.276e-03 | BERub=1.292e-03 | Status=resolved | Stop=max_batches | Latency=851.464 ms
  Eb/No=-2.0 dB | BER=8.361e-04 | BERub=8.496e-04 | Status=resolved | Stop=max_batches | Latency=853.310 ms
  Eb/No=-1.5 dB | BER=4.102e-04 | BERub=4.197e-04 | Status=resolved | Stop=max_batches | Latency=854.030 ms
  Eb/No=-1.0 dB | BER=1.685e-04 | BERub=1.746e-04 | Status=resolved | Stop=max_batches | Latency=850.415 ms
  Eb/No=-0.5 dB | BER=1.297e-04 | BERub=1.351e-04 | Status=resolved | Stop=max_batches | Latency=853.565 ms
  Eb/No= 0.0 dB | BER=6.819e-05 | BERub=7.213e-05 | Status=resolved | Stop=max_batches | Latency=855.542 ms
  Eb/No= 0.5 dB | BER=1.026e-04 | BERub=1.074e-04 | Status=resolved | Stop=max_batches | Latency=854.314 ms
  Eb/No= 1.0 dB | BER=7.971e-05 | BERub=8.396e-05 | Status=resolved | Stop=max_batches | Latency=865.944 ms
  Eb/No= 1.5 dB | BER=5.007e-05 | BERub=5.346e-05 | Status=resolved | Stop=max_batches | Latency=857.870 ms
  Eb/No= 2.0 dB | BER=6.358e-07 | BERub=1.128e-06 | Status=upper_bound_only | Stop=max_batches | Latency=856.311 ms
  Eb/No= 2.5 dB | BER=0.000e+00 | BERub=2.381e-07 | Status=upper_bound_only | Stop=max_batches | Latency=859.983 ms
  Eb/No= 3.0 dB | BER=6.390e-05 | BERub=6.771e-05 | Status=resolved | Stop=max_batches | Latency=865.323 ms
  Eb/No= 3.5 dB | BER=0.000e+00 | BERub=2.381e-07 | Status=upper_bound_only | Stop=max_batches | Latency=863.230 ms
  Eb/No= 4.0 dB | BER=0.000e+00 | BERub=2.381e-07 | Status=upper_bound_only | Stop=max_batches | Latency=864.594 ms
  Eb/No= 4.5 dB | BER=1.669e-06 | BERub=2.385e-06 | Status=upper_bound_only | Stop=max_batches | Latency=869.834 ms
  Eb/No= 5.0 dB | BER=0.000e+00 | BERub=2.381e-07 | Status=upper_bound_only | Stop=max_batches | Latency=870.787 ms
  Eb/No= 5.5 dB | BER=0.000e+00 | BERub=2.381e-07 | Status=upper_bound_only | Stop=max_batches | Latency=866.460 ms
  Eb/No= 6.0 dB | BER=0.000e+00 | BERub=2.381e-07 | Status=upper_bound_only | Stop=max_batches | Latency=858.415 ms
  Eb/No= 6.5 dB | BER=0.000e+00 | BERub=2.381e-07 | Status=upper_bound_only | Stop=max_batches | Latency=863.522 ms
  Eb/No= 7.0 dB | BER=0.000e+00 | BERub=2.381e-07 | Status=upper_bound_only | Stop=max_batches | Latency=861.687 ms
  Eb/No= 7.5 dB | BER=0.000e+00 | BERub=2.381e-07 | Status=upper_bound_only | Stop=max_batches | Latency=869.273 ms
  Eb/No= 8.0 dB | BER=0.000e+00 | BERub=2.381e-07 | Status=upper_bound_only | Stop=max_batches | Latency=867.603 ms
  Eb/No= 8.5 dB | BER=0.000e+00 | BERub=2.381e-07 | Status=upper_bound_only | Stop=max_batches | Latency=873.421 ms
  Eb/No= 9.0 dB | BER=0.000e+00 | BERub=2.381e-07 | Status=upper_bound_only | Stop=max_batches | Latency=872.614 ms
  Eb/No= 9.5 dB | BER=0.000e+00 | BERub=2.381e-07 | Status=upper_bound_only | Stop=max_batches | Latency=865.162 ms
  Eb/No=10.0 dB | BER=0.000e+00 | BERub=2.381e-07 | Status=upper_bound_only | Stop=max_batches | Latency=855.914 ms
Loaded DRL Resource Manager checkpoint from models/drl_resource_manager_policy
Batch 1/128 (active points 217/217) ... Done (278.99s)
Batch 2/128 (active points 217/217) ... Done (278.09s)
Batch 3/128 (active points 217/217) ... Done (278.37s)
Batch 4/128 (active points 217/217) ... Done (272.20s)
Batch 5/128 (active points 217/217) ... Done (277.73s)
Batch 6/128 (active points 217/217) ... Done (271.12s)
Batch 7/128 (active points 217/217) ... Done (303.68s)
Batch 8/128 (active points 217/217) ... Done (274.15s)
Batch 9/128 (active points 217/217) ... Done (283.48s)
Batch 10/128 (active points 217/217) ... Done (269.32s)
Batch 11/128 (active points 217/217) ... Done (259.87s)
Batch 12/128 (active points 217/217) ... Done (294.07s)
Batch 13/128 (active points 217/217) ... Done (268.21s)
Batch 14/128 (active points 217/217) ... Done (271.28s)
Batch 15/128 (active points 217/217) ... Done (259.34s)
Batch 16/128 (active points 217/217) ... Done (261.39s)
Batch 17/128 (active points 217/217) ... Done (260.81s)
Batch 18/128 (active points 217/217) ... Done (236.60s)
Batch 19/128 (active points 216/217) ... Done (227.28s)
Batch 20/128 (active points 216/217) ... Done (249.32s)
Batch 21/128 (active points 216/217) ... Done (272.52s)
Batch 22/128 (active points 216/217) ... Done (307.21s)
Batch 23/128 (active points 215/217) ... Done (307.14s)
Batch 24/128 (active points 215/217) ... Done (329.93s)
Batch 25/128 (active points 215/217) ... Done (278.05s)
Batch 26/128 (active points 215/217) ... Done (163.54s)
Batch 27/128 (active points 215/217) ... Done (162.04s)
Batch 28/128 (active points 214/217) ... Done (163.03s)
Batch 29/128 (active points 214/217) ... Done (151.06s)
Batch 30/128 (active points 214/217) ... Done (150.08s)
Batch 31/128 (active points 214/217) ... Done (151.19s)
Batch 32/128 (active points 214/217) ... Done (153.42s)
Batch 33/128 (active points 214/217) ... Done (156.02s)
Batch 34/128 (active points 214/217) ... Done (154.32s)
Batch 35/128 (active points 214/217) ... Done (154.52s)
Batch 36/128 (active points 214/217) ... Done (154.22s)
Batch 37/128 (active points 214/217) ... Done (158.21s)
Batch 38/128 (active points 214/217) ... Done (158.36s)
Batch 39/128 (active points 214/217) ... Done (152.19s)
Batch 40/128 (active points 214/217) ... Done (152.09s)
Batch 41/128 (active points 213/217) ... Done (146.29s)
Batch 42/128 (active points 213/217) ... Done (145.74s)
Batch 43/128 (active points 213/217) ... Done (148.96s)
Batch 44/128 (active points 213/217) ... Done (145.50s)
Batch 45/128 (active points 213/217) ... Done (146.02s)
Batch 46/128 (active points 213/217) ... Done (145.63s)
Batch 47/128 (active points 213/217) ... Done (144.71s)
Batch 48/128 (active points 213/217) ... Done (144.04s)
Batch 49/128 (active points 213/217) ... Done (144.72s)
Batch 50/128 (active points 212/217) ... Done (143.06s)
Batch 51/128 (active points 212/217) ... Done (143.41s)
Batch 52/128 (active points 212/217) ... Done (143.31s)
Batch 53/128 (active points 212/217) ... Done (144.03s)
Batch 54/128 (active points 212/217) ... Done (143.55s)
Batch 55/128 (active points 212/217) ... Done (144.00s)
Batch 56/128 (active points 212/217) ... Done (143.75s)
Batch 57/128 (active points 212/217) ... Done (143.85s)
Batch 58/128 (active points 212/217) ... Done (143.71s)
Batch 59/128 (active points 212/217) ... Done (144.43s)
Batch 60/128 (active points 212/217) ... Done (144.67s)
Batch 61/128 (active points 212/217) ... Done (144.80s)
Batch 62/128 (active points 211/217) ... Done (143.48s)
Batch 63/128 (active points 208/217) ... Done (142.04s)
Batch 64/128 (active points 208/217) ... Done (141.90s)
Batch 65/128 (active points 208/217) ... Done (141.77s)
Batch 66/128 (active points 208/217) ... Done (142.28s)
Batch 67/128 (active points 207/217) ... Done (141.61s)
Batch 68/128 (active points 207/217) ... Done (141.54s)
Batch 69/128 (active points 207/217) ... Done (141.50s)
Batch 70/128 (active points 207/217) ... Done (141.98s)
Batch 71/128 (active points 206/217) ... Done (140.95s)
Batch 72/128 (active points 206/217) ... Done (141.30s)
Batch 73/128 (active points 205/217) ... Done (140.86s)
Batch 74/128 (active points 205/217) ... Done (140.81s)
Batch 75/128 (active points 205/217) ... Done (140.82s)
Batch 76/128 (active points 205/217) ... Done (140.81s)
Batch 77/128 (active points 205/217) ... Done (141.17s)
Batch 78/128 (active points 205/217) ... Done (141.22s)
Batch 79/128 (active points 205/217) ... Done (141.09s)
Batch 80/128 (active points 205/217) ... Done (141.39s)
Batch 81/128 (active points 205/217) ... Done (141.24s)
Batch 82/128 (active points 205/217) ... Done (141.18s)
Batch 83/128 (active points 205/217) ... Done (141.39s)
Batch 84/128 (active points 205/217) ... Done (141.62s)
Batch 85/128 (active points 205/217) ... Done (142.04s)
Batch 86/128 (active points 205/217) ... Done (142.31s)
Batch 87/128 (active points 205/217) ... Done (142.22s)
Batch 88/128 (active points 205/217) ... Done (141.93s)
Batch 89/128 (active points 205/217) ... Done (142.46s)
Batch 90/128 (active points 205/217) ... Done (142.25s)
Batch 91/128 (active points 205/217) ... Done (142.57s)
Batch 92/128 (active points 205/217) ... Done (142.67s)
Batch 93/128 (active points 205/217) ... Done (142.75s)
Batch 94/128 (active points 205/217) ... Done (143.02s)
Batch 95/128 (active points 205/217) ... Done (142.57s)
Batch 96/128 (active points 205/217) ... Done (142.99s)
Batch 97/128 (active points 204/217) ... Done (142.59s)
Batch 98/128 (active points 204/217) ... Done (142.82s)
Batch 99/128 (active points 203/217) ... Done (142.19s)
Batch 100/128 (active points 203/217) ... Done (142.66s)
Batch 101/128 (active points 203/217) ... Done (144.42s)
Batch 102/128 (active points 203/217) ... Done (145.43s)
Batch 103/128 (active points 202/217) ... Done (144.72s)
Batch 104/128 (active points 201/217) ... Done (144.24s)
Batch 105/128 (active points 201/217) ... Done (143.83s)
Batch 106/128 (active points 200/217) ... Done (143.62s)
Batch 107/128 (active points 200/217) ... Done (143.09s)
Batch 108/128 (active points 200/217) ... Done (141.34s)
Batch 109/128 (active points 200/217) ... Done (141.10s)
Batch 110/128 (active points 200/217) ... Done (141.31s)
Batch 111/128 (active points 200/217) ... Done (141.68s)
Batch 112/128 (active points 200/217) ... Done (141.54s)
Batch 113/128 (active points 199/217) ... Done (140.38s)
Batch 114/128 (active points 199/217) ... Done (140.69s)
Batch 115/128 (active points 199/217) ... Done (140.62s)
Batch 116/128 (active points 199/217) ... Done (141.02s)
Batch 117/128 (active points 199/217) ... Done (140.96s)
Batch 118/128 (active points 199/217) ... Done (141.16s)
Batch 119/128 (active points 199/217) ... Done (141.20s)
Batch 120/128 (active points 199/217) ... Done (141.10s)
Batch 121/128 (active points 198/217) ... Done (140.42s)
Batch 122/128 (active points 198/217) ... Done (140.16s)
Batch 123/128 (active points 198/217) ... Done (141.14s)
Batch 124/128 (active points 198/217) ... Done (140.96s)
Batch 125/128 (active points 198/217) ... Done (141.01s)
Batch 126/128 (active points 198/217) ... Done (140.53s)
Batch 127/128 (active points 198/217) ... Done (140.83s)
Batch 128/128 (active points 198/217) ... Done (140.78s)
