Log file: /app/results/20260317_074000_ls_umi_qpsk/simulation.log
Loaded configuration for scenario: umi
======================================================================
  6G Smart Factory Simulation Flow
======================================================================
Stages: estimators
Estimators: ['ls']
Scenario: umi
Eb/No Range: [0.0, 2.0, 4.0, 6.0, 8.0, 10.0, 12.0, 14.0, 16.0, 18.0, 20.0]
Run directory: results/20260317_074000_ls_umi_qpsk
----------------------------------------------------------------------
Estimator batch 1/2000 (active points 11/11) ...   snr=+0.0dB [ls]  snr=+2.0dB [ls]  snr=+4.0dB [ls]  snr=+6.0dB [ls]  snr=+8.0dB [ls]  snr=+10.0dB [ls]  snr=+12.0dB [ls]  snr=+14.0dB [ls]  snr=+16.0dB [ls]  snr=+18.0dB [ls]  snr=+20.0dB [ls]Done (7.77s)
Estimator batch 2/2000 (active points 11/11) ...   snr=+0.0dB [ls]  snr=+2.0dB [ls]  snr=+4.0dB [ls]  snr=+6.0dB [ls]  snr=+8.0dB [ls]  snr=+10.0dB [ls]  snr=+12.0dB [ls]  snr=+14.0dB [ls]  snr=+16.0dB [ls]  snr=+18.0dB [ls]  snr=+20.0dB [ls]Done (7.60s)
Estimator batch 3/2000 (active points 11/11) ...   snr=+0.0dB [ls]  snr=+2.0dB [ls]  snr=+4.0dB [ls]  snr=+6.0dB [ls]  snr=+8.0dB [ls]  snr=+10.0dB [ls]  snr=+12.0dB [ls]  snr=+14.0dB [ls]  snr=+16.0dB [ls]  snr=+18.0dB [ls]  snr=+20.0dB [ls]Done (7.60s)
Estimator batch 4/2000 (active points 11/11) ...   snr=+0.0dB [ls]  snr=+2.0dB [ls]  snr=+4.0dB [ls]  snr=+6.0dB [ls]  snr=+8.0dB [ls]  snr=+10.0dB [ls]  snr=+12.0dB [ls]  snr=+14.0dB [ls]  snr=+16.0dB [ls]  snr=+18.0dB [ls]  snr=+20.0dB [ls]Done (7.49s)
Estimator batch 5/2000 (active points 11/11) ...   snr=+0.0dB [ls]  snr=+2.0dB [ls]  snr=+4.0dB [ls]  snr=+6.0dB [ls]  snr=+8.0dB [ls]  snr=+10.0dB [ls]  snr=+12.0dB [ls]  snr=+14.0dB [ls]  snr=+16.0dB [ls]  snr=+18.0dB [ls]  snr=+20.0dB [ls]Done (7.46s)
Estimator batch 6/2000 (active points 11/11) ...   snr=+0.0dB [ls]  snr=+2.0dB [ls]  snr=+4.0dB [ls]  snr=+6.0dB [ls]  snr=+8.0dB [ls]  snr=+10.0dB [ls]  snr=+12.0dB [ls]  snr=+14.0dB [ls]  snr=+16.0dB [ls]  snr=+18.0dB [ls]  snr=+20.0dB [ls]Done (7.48s)
Estimator batch 7/2000 (active points 11/11) ...   snr=+0.0dB [ls]  snr=+2.0dB [ls]  snr=+4.0dB [ls]  snr=+6.0dB [ls]  snr=+8.0dB [ls]  snr=+10.0dB [ls]  snr=+12.0dB [ls]  snr=+14.0dB [ls]  snr=+16.0dB [ls]  snr=+18.0dB [ls]  snr=+20.0dB [ls]Done (7.58s)
Estimator batch 8/2000 (active points 11/11) ...   snr=+0.0dB [ls]  snr=+2.0dB [ls]  snr=+4.0dB [ls]  snr=+6.0dB [ls]  snr=+8.0dB [ls]  snr=+10.0dB [ls]  snr=+12.0dB [ls]  snr=+14.0dB [ls]  snr=+16.0dB [ls]  snr=+18.0dB [ls]  snr=+20.0dB [ls]Done (7.65s)
Estimator batch 9/2000 (active points 11/11) ...   snr=+0.0dB [ls]  snr=+2.0dB [ls]  snr=+4.0dB [ls]  snr=+6.0dB [ls]  snr=+8.0dB [ls]  snr=+10.0dB [ls]  snr=+12.0dB [ls]  snr=+14.0dB [ls]  snr=+16.0dB [ls]  snr=+18.0dB [ls]  snr=+20.0dB [ls]Done (7.59s)
Estimator batch 10/2000 (active points 11/11) ...   snr=+0.0dB [ls]  snr=+2.0dB [ls]  snr=+4.0dB [ls]  snr=+6.0dB [ls]  snr=+8.0dB [ls]  snr=+10.0dB [ls]  snr=+12.0dB [ls]  snr=+14.0dB [ls]  snr=+16.0dB [ls]  snr=+18.0dB [ls]  snr=+20.0dB [ls]Done (7.61s)
Estimator batch 11/2000 (active points 10/11) ...   snr=+2.0dB [ls]  snr=+4.0dB [ls]  snr=+6.0dB [ls]  snr=+8.0dB [ls]  snr=+10.0dB [ls]  snr=+12.0dB [ls]  snr=+14.0dB [ls]  snr=+16.0dB [ls]  snr=+18.0dB [ls]  snr=+20.0dB [ls]Done (6.92s)
Estimator batch 12/2000 (active points 10/11) ...   snr=+2.0dB [ls]  snr=+4.0dB [ls]  snr=+6.0dB [ls]  snr=+8.0dB [ls]  snr=+10.0dB [ls]  snr=+12.0dB [ls]  snr=+14.0dB [ls]  snr=+16.0dB [ls]  snr=+18.0dB [ls]  snr=+20.0dB [ls]Done (6.95s)
Estimator batch 13/2000 (active points 10/11) ...   snr=+2.0dB [ls]  snr=+4.0dB [ls]  snr=+6.0dB [ls]  snr=+8.0dB [ls]  snr=+10.0dB [ls]  snr=+12.0dB [ls]  snr=+14.0dB [ls]  snr=+16.0dB [ls]  snr=+18.0dB [ls]  snr=+20.0dB [ls]Done (7.04s)
Estimator batch 14/2000 (active points 10/11) ...   snr=+2.0dB [ls]  snr=+4.0dB [ls]  snr=+6.0dB [ls]  snr=+8.0dB [ls]  snr=+10.0dB [ls]  snr=+12.0dB [ls]  snr=+14.0dB [ls]  snr=+16.0dB [ls]  snr=+18.0dB [ls]  snr=+20.0dB [ls]Done (7.04s)
Estimator batch 15/2000 (active points 9/11) ...   snr=+4.0dB [ls]  snr=+6.0dB [ls]  snr=+8.0dB [ls]  snr=+10.0dB [ls]  snr=+12.0dB [ls]  snr=+14.0dB [ls]  snr=+16.0dB [ls]  snr=+18.0dB [ls]  snr=+20.0dB [ls]Done (6.72s)
Estimator batch 16/2000 (active points 9/11) ...   snr=+4.0dB [ls]  snr=+6.0dB [ls]  snr=+8.0dB [ls]  snr=+10.0dB [ls]  snr=+12.0dB [ls]  snr=+14.0dB [ls]  snr=+16.0dB [ls]  snr=+18.0dB [ls]  snr=+20.0dB [ls]Done (6.36s)
Estimator batch 17/2000 (active points 9/11) ...   snr=+4.0dB [ls]  snr=+6.0dB [ls]  snr=+8.0dB [ls]  snr=+10.0dB [ls]  snr=+12.0dB [ls]  snr=+14.0dB [ls]  snr=+16.0dB [ls]  snr=+18.0dB [ls]  snr=+20.0dB [ls]Done (6.41s)
Estimator batch 18/2000 (active points 9/11) ...   snr=+4.0dB [ls]  snr=+6.0dB [ls]  snr=+8.0dB [ls]  snr=+10.0dB [ls]  snr=+12.0dB [ls]  snr=+14.0dB [ls]  snr=+16.0dB [ls]  snr=+18.0dB [ls]  snr=+20.0dB [ls]Done (6.57s)
Estimator batch 19/2000 (active points 9/11) ...   snr=+4.0dB [ls]  snr=+6.0dB [ls]  snr=+8.0dB [ls]  snr=+10.0dB [ls]  snr=+12.0dB [ls]  snr=+14.0dB [ls]  snr=+16.0dB [ls]  snr=+18.0dB [ls]  snr=+20.0dB [ls]Done (6.41s)
Estimator batch 20/2000 (active points 9/11) ...   snr=+4.0dB [ls]  snr=+6.0dB [ls]  snr=+8.0dB [ls]  snr=+10.0dB [ls]  snr=+12.0dB [ls]  snr=+14.0dB [ls]  snr=+16.0dB [ls]  snr=+18.0dB [ls]  snr=+20.0dB [ls]Done (6.29s)
Estimator batch 21/2000 (active points 9/11) ...   snr=+4.0dB [ls]  snr=+6.0dB [ls]  snr=+8.0dB [ls]  snr=+10.0dB [ls]  snr=+12.0dB [ls]  snr=+14.0dB [ls]  snr=+16.0dB [ls]  snr=+18.0dB [ls]  snr=+20.0dB [ls]Done (6.36s)
Estimator batch 22/2000 (active points 9/11) ...   snr=+4.0dB [ls]  snr=+6.0dB [ls]  snr=+8.0dB [ls]  snr=+10.0dB [ls]  snr=+12.0dB [ls]  snr=+14.0dB [ls]  snr=+16.0dB [ls]  snr=+18.0dB [ls]  snr=+20.0dB [ls]Done (6.63s)
Estimator batch 23/2000 (active points 9/11) ...   snr=+4.0dB [ls]  snr=+6.0dB [ls]  snr=+8.0dB [ls]  snr=+10.0dB [ls]  snr=+12.0dB [ls]  snr=+14.0dB [ls]  snr=+16.0dB [ls]  snr=+18.0dB [ls]  snr=+20.0dB [ls]Done (6.37s)
Estimator batch 24/2000 (active points 9/11) ...   snr=+4.0dB [ls]  snr=+6.0dB [ls]  snr=+8.0dB [ls]  snr=+10.0dB [ls]  snr=+12.0dB [ls]  snr=+14.0dB [ls]  snr=+16.0dB [ls]  snr=+18.0dB [ls]  snr=+20.0dB [ls]Done (7.06s)
Estimator batch 25/2000 (active points 9/11) ...   snr=+4.0dB [ls]  snr=+6.0dB [ls]  snr=+8.0dB [ls]  snr=+10.0dB [ls]  snr=+12.0dB [ls]  snr=+14.0dB [ls]  snr=+16.0dB [ls]  snr=+18.0dB [ls]  snr=+20.0dB [ls]Done (6.60s)
Estimator batch 26/2000 (active points 9/11) ...   snr=+4.0dB [ls]  snr=+6.0dB [ls]  snr=+8.0dB [ls]  snr=+10.0dB [ls]  snr=+12.0dB [ls]  snr=+14.0dB [ls]  snr=+16.0dB [ls]  snr=+18.0dB [ls]  snr=+20.0dB [ls]Done (6.47s)
Estimator batch 27/2000 (active points 9/11) ...   snr=+4.0dB [ls]  snr=+6.0dB [ls]  snr=+8.0dB [ls]  snr=+10.0dB [ls]  snr=+12.0dB [ls]  snr=+14.0dB [ls]  snr=+16.0dB [ls]  snr=+18.0dB [ls]  snr=+20.0dB [ls]Done (6.86s)
Estimator batch 28/2000 (active points 9/11) ...   snr=+4.0dB [ls]  snr=+6.0dB [ls]  snr=+8.0dB [ls]  snr=+10.0dB [ls]  snr=+12.0dB [ls]  snr=+14.0dB [ls]  snr=+16.0dB [ls]  snr=+18.0dB [ls]  snr=+20.0dB [ls]Done (6.50s)
Estimator batch 29/2000 (active points 9/11) ...   snr=+4.0dB [ls]  snr=+6.0dB [ls]  snr=+8.0dB [ls]  snr=+10.0dB [ls]  snr=+12.0dB [ls]  snr=+14.0dB [ls]  snr=+16.0dB [ls]  snr=+18.0dB [ls]  snr=+20.0dB [ls]Done (6.51s)
Estimator batch 30/2000 (active points 9/11) ...   snr=+4.0dB [ls]  snr=+6.0dB [ls]  snr=+8.0dB [ls]  snr=+10.0dB [ls]  snr=+12.0dB [ls]  snr=+14.0dB [ls]  snr=+16.0dB [ls]  snr=+18.0dB [ls]  snr=+20.0dB [ls]Done (6.54s)
Estimator batch 31/2000 (active points 9/11) ...   snr=+4.0dB [ls]  snr=+6.0dB [ls]  snr=+8.0dB [ls]  snr=+10.0dB [ls]  snr=+12.0dB [ls]  snr=+14.0dB [ls]  snr=+16.0dB [ls]  snr=+18.0dB [ls]  snr=+20.0dB [ls]Done (6.62s)
Estimator batch 32/2000 (active points 9/11) ...   snr=+4.0dB [ls]  snr=+6.0dB [ls]  snr=+8.0dB [ls]  snr=+10.0dB [ls]  snr=+12.0dB [ls]  snr=+14.0dB [ls]  snr=+16.0dB [ls]  snr=+18.0dB [ls]  snr=+20.0dB [ls]Done (6.37s)
Estimator batch 33/2000 (active points 9/11) ...   snr=+4.0dB [ls]  snr=+6.0dB [ls]  snr=+8.0dB [ls]  snr=+10.0dB [ls]  snr=+12.0dB [ls]  snr=+14.0dB [ls]  snr=+16.0dB [ls]  snr=+18.0dB [ls]  snr=+20.0dB [ls]Done (6.36s)
Estimator batch 34/2000 (active points 9/11) ...   snr=+4.0dB [ls]  snr=+6.0dB [ls]  snr=+8.0dB [ls]  snr=+10.0dB [ls]  snr=+12.0dB [ls]  snr=+14.0dB [ls]  snr=+16.0dB [ls]  snr=+18.0dB [ls]  snr=+20.0dB [ls]Done (6.78s)
Estimator batch 35/2000 (active points 9/11) ...   snr=+4.0dB [ls]  snr=+6.0dB [ls]  snr=+8.0dB [ls]  snr=+10.0dB [ls]  snr=+12.0dB [ls]  snr=+14.0dB [ls]  snr=+16.0dB [ls]  snr=+18.0dB [ls]  snr=+20.0dB [ls]Done (6.73s)
Estimator batch 36/2000 (active points 9/11) ...   snr=+4.0dB [ls]  snr=+6.0dB [ls]  snr=+8.0dB [ls]  snr=+10.0dB [ls]  snr=+12.0dB [ls]  snr=+14.0dB [ls]  snr=+16.0dB [ls]  snr=+18.0dB [ls]  snr=+20.0dB [ls]Done (6.56s)
Estimator batch 37/2000 (active points 9/11) ...   snr=+4.0dB [ls]  snr=+6.0dB [ls]  snr=+8.0dB [ls]  snr=+10.0dB [ls]  snr=+12.0dB [ls]  snr=+14.0dB [ls]  snr=+16.0dB [ls]  snr=+18.0dB [ls]  snr=+20.0dB [ls]Done (6.42s)
Estimator batch 38/2000 (active points 9/11) ...   snr=+4.0dB [ls]  snr=+6.0dB [ls]  snr=+8.0dB [ls]  snr=+10.0dB [ls]  snr=+12.0dB [ls]  snr=+14.0dB [ls]  snr=+16.0dB [ls]  snr=+18.0dB [ls]  snr=+20.0dB [ls]Done (6.57s)
Estimator batch 39/2000 (active points 9/11) ...   snr=+4.0dB [ls]  snr=+6.0dB [ls]  snr=+8.0dB [ls]  snr=+10.0dB [ls]  snr=+12.0dB [ls]  snr=+14.0dB [ls]  snr=+16.0dB [ls]  snr=+18.0dB [ls]  snr=+20.0dB [ls]Done (6.54s)
Estimator batch 40/2000 (active points 9/11) ...   snr=+4.0dB [ls]  snr=+6.0dB [ls]  snr=+8.0dB [ls]  snr=+10.0dB [ls]  snr=+12.0dB [ls]  snr=+14.0dB [ls]  snr=+16.0dB [ls]  snr=+18.0dB [ls]  snr=+20.0dB [ls]Done (6.47s)
Estimator batch 41/2000 (active points 9/11) ...   snr=+4.0dB [ls]  snr=+6.0dB [ls]  snr=+8.0dB [ls]  snr=+10.0dB [ls]  snr=+12.0dB [ls]  snr=+14.0dB [ls]  snr=+16.0dB [ls]  snr=+18.0dB [ls]  snr=+20.0dB [ls]Done (6.82s)
Estimator batch 42/2000 (active points 9/11) ...   snr=+4.0dB [ls]  snr=+6.0dB [ls]  snr=+8.0dB [ls]  snr=+10.0dB [ls]  snr=+12.0dB [ls]  snr=+14.0dB [ls]  snr=+16.0dB [ls]  snr=+18.0dB [ls]  snr=+20.0dB [ls]Done (6.72s)
Estimator batch 43/2000 (active points 9/11) ...   snr=+4.0dB [ls]  snr=+6.0dB [ls]  snr=+8.0dB [ls]  snr=+10.0dB [ls]  snr=+12.0dB [ls]  snr=+14.0dB [ls]  snr=+16.0dB [ls]  snr=+18.0dB [ls]  snr=+20.0dB [ls]Done (7.19s)
Estimator batch 44/2000 (active points 9/11) ...   snr=+4.0dB [ls]  snr=+6.0dB [ls]  snr=+8.0dB [ls]  snr=+10.0dB [ls]  snr=+12.0dB [ls]  snr=+14.0dB [ls]  snr=+16.0dB [ls]  snr=+18.0dB [ls]  snr=+20.0dB [ls]Done (6.76s)
Estimator batch 45/2000 (active points 9/11) ...   snr=+4.0dB [ls]  snr=+6.0dB [ls]  snr=+8.0dB [ls]  snr=+10.0dB [ls]  snr=+12.0dB [ls]  snr=+14.0dB [ls]  snr=+16.0dB [ls]  snr=+18.0dB [ls]  snr=+20.0dB [ls]Done (7.04s)
Estimator batch 46/2000 (active points 9/11) ...   snr=+4.0dB [ls]  snr=+6.0dB [ls]  snr=+8.0dB [ls]  snr=+10.0dB [ls]  snr=+12.0dB [ls]  snr=+14.0dB [ls]  snr=+16.0dB [ls]  snr=+18.0dB [ls]  snr=+20.0dB [ls]Done (7.10s)
Estimator batch 47/2000 (active points 9/11) ...   snr=+4.0dB [ls]  snr=+6.0dB [ls]  snr=+8.0dB [ls]  snr=+10.0dB [ls]  snr=+12.0dB [ls]  snr=+14.0dB [ls]  snr=+16.0dB [ls]  snr=+18.0dB [ls]  snr=+20.0dB [ls]Done (6.66s)
Estimator batch 48/2000 (active points 9/11) ...   snr=+4.0dB [ls]  snr=+6.0dB [ls]  snr=+8.0dB [ls]  snr=+10.0dB [ls]  snr=+12.0dB [ls]  snr=+14.0dB [ls]  snr=+16.0dB [ls]  snr=+18.0dB [ls]  snr=+20.0dB [ls]Done (6.48s)
Estimator batch 49/2000 (active points 9/11) ...   snr=+4.0dB [ls]  snr=+6.0dB [ls]  snr=+8.0dB [ls]  snr=+10.0dB [ls]  snr=+12.0dB [ls]  snr=+14.0dB [ls]  snr=+16.0dB [ls]  snr=+18.0dB [ls]  snr=+20.0dB [ls]Done (6.19s)
Estimator batch 50/2000 (active points 9/11) ...   snr=+4.0dB [ls]  snr=+6.0dB [ls]  snr=+8.0dB [ls]  snr=+10.0dB [ls]  snr=+12.0dB [ls]  snr=+14.0dB [ls]  snr=+16.0dB [ls]  snr=+18.0dB [ls]  snr=+20.0dB [ls]Done (6.45s)
Estimator batch 51/2000 (active points 9/11) ...   snr=+4.0dB [ls]  snr=+6.0dB [ls]  snr=+8.0dB [ls]  snr=+10.0dB [ls]  snr=+12.0dB [ls]  snr=+14.0dB [ls]  snr=+16.0dB [ls]  snr=+18.0dB [ls]  snr=+20.0dB [ls]Done (6.41s)
Estimator batch 52/2000 (active points 9/11) ...   snr=+4.0dB [ls]  snr=+6.0dB [ls]  snr=+8.0dB [ls]  snr=+10.0dB [ls]  snr=+12.0dB [ls]  snr=+14.0dB [ls]  snr=+16.0dB [ls]  snr=+18.0dB [ls]  snr=+20.0dB [ls]Done (6.35s)
Estimator batch 53/2000 (active points 9/11) ...   snr=+4.0dB [ls]  snr=+6.0dB [ls]  snr=+8.0dB [ls]  snr=+10.0dB [ls]  snr=+12.0dB [ls]  snr=+14.0dB [ls]  snr=+16.0dB [ls]  snr=+18.0dB [ls]  snr=+20.0dB [ls]Done (6.20s)
Estimator batch 54/2000 (active points 9/11) ...   snr=+4.0dB [ls]  snr=+6.0dB [ls]  snr=+8.0dB [ls]  snr=+10.0dB [ls]  snr=+12.0dB [ls]  snr=+14.0dB [ls]  snr=+16.0dB [ls]  snr=+18.0dB [ls]  snr=+20.0dB [ls]Done (6.27s)
Estimator batch 55/2000 (active points 9/11) ...   snr=+4.0dB [ls]  snr=+6.0dB [ls]  snr=+8.0dB [ls]  snr=+10.0dB [ls]  snr=+12.0dB [ls]  snr=+14.0dB [ls]  snr=+16.0dB [ls]  snr=+18.0dB [ls]  snr=+20.0dB [ls]Done (7.16s)
Estimator batch 56/2000 (active points 9/11) ...   snr=+4.0dB [ls]  snr=+6.0dB [ls]  snr=+8.0dB [ls]  snr=+10.0dB [ls]  snr=+12.0dB [ls]  snr=+14.0dB [ls]  snr=+16.0dB [ls]  snr=+18.0dB [ls]  snr=+20.0dB [ls]Done (6.67s)
Estimator batch 57/2000 (active points 9/11) ...   snr=+4.0dB [ls]  snr=+6.0dB [ls]  snr=+8.0dB [ls]  snr=+10.0dB [ls]  snr=+12.0dB [ls]  snr=+14.0dB [ls]  snr=+16.0dB [ls]  snr=+18.0dB [ls]  snr=+20.0dB [ls]Done (6.20s)
Estimator batch 58/2000 (active points 9/11) ...   snr=+4.0dB [ls]  snr=+6.0dB [ls]  snr=+8.0dB [ls]  snr=+10.0dB [ls]  snr=+12.0dB [ls]  snr=+14.0dB [ls]  snr=+16.0dB [ls]  snr=+18.0dB [ls]  snr=+20.0dB [ls]Done (6.12s)
Estimator batch 59/2000 (active points 9/11) ...   snr=+4.0dB [ls]  snr=+6.0dB [ls]  snr=+8.0dB [ls]  snr=+10.0dB [ls]  snr=+12.0dB [ls]  snr=+14.0dB [ls]  snr=+16.0dB [ls]  snr=+18.0dB [ls]  snr=+20.0dB [ls]Done (6.11s)
Estimator batch 60/2000 (active points 9/11) ...   snr=+4.0dB [ls]  snr=+6.0dB [ls]  snr=+8.0dB [ls]  snr=+10.0dB [ls]  snr=+12.0dB [ls]  snr=+14.0dB [ls]  snr=+16.0dB [ls]  snr=+18.0dB [ls]  snr=+20.0dB [ls]Done (6.17s)
Estimator batch 61/2000 (active points 9/11) ...   snr=+4.0dB [ls]  snr=+6.0dB [ls]  snr=+8.0dB [ls]  snr=+10.0dB [ls]  snr=+12.0dB [ls]  snr=+14.0dB [ls]  snr=+16.0dB [ls]  snr=+18.0dB [ls]  snr=+20.0dB [ls]Done (6.09s)
Estimator batch 62/2000 (active points 9/11) ...   snr=+4.0dB [ls]  snr=+6.0dB [ls]  snr=+8.0dB [ls]  snr=+10.0dB [ls]  snr=+12.0dB [ls]  snr=+14.0dB [ls]  snr=+16.0dB [ls]  snr=+18.0dB [ls]  snr=+20.0dB [ls]Done (6.15s)
Estimator batch 63/2000 (active points 9/11) ...   snr=+4.0dB [ls]  snr=+6.0dB [ls]  snr=+8.0dB [ls]  snr=+10.0dB [ls]  snr=+12.0dB [ls]  snr=+14.0dB [ls]  snr=+16.0dB [ls]  snr=+18.0dB [ls]  snr=+20.0dB [ls]Done (6.07s)
Estimator batch 64/2000 (active points 9/11) ...   snr=+4.0dB [ls]  snr=+6.0dB [ls]  snr=+8.0dB [ls]  snr=+10.0dB [ls]  snr=+12.0dB [ls]  snr=+14.0dB [ls]  snr=+16.0dB [ls]  snr=+18.0dB [ls]  snr=+20.0dB [ls]Done (6.09s)
Estimator batch 65/2000 (active points 8/11) ...   snr=+6.0dB [ls]  snr=+8.0dB [ls]  snr=+10.0dB [ls]  snr=+12.0dB [ls]  snr=+14.0dB [ls]  snr=+16.0dB [ls]  snr=+18.0dB [ls]  snr=+20.0dB [ls]Done (5.40s)
Estimator batch 66/2000 (active points 8/11) ...   snr=+6.0dB [ls]  snr=+8.0dB [ls]  snr=+10.0dB [ls]  snr=+12.0dB [ls]  snr=+14.0dB [ls]  snr=+16.0dB [ls]  snr=+18.0dB [ls]  snr=+20.0dB [ls]Done (5.42s)
Estimator batch 67/2000 (active points 8/11) ...   snr=+6.0dB [ls]  snr=+8.0dB [ls]  snr=+10.0dB [ls]  snr=+12.0dB [ls]  snr=+14.0dB [ls]  snr=+16.0dB [ls]  snr=+18.0dB [ls]  snr=+20.0dB [ls]Done (5.39s)
Estimator batch 68/2000 (active points 8/11) ...   snr=+6.0dB [ls]  snr=+8.0dB [ls]  snr=+10.0dB [ls]  snr=+12.0dB [ls]  snr=+14.0dB [ls]  snr=+16.0dB [ls]  snr=+18.0dB [ls]  snr=+20.0dB [ls]Done (5.41s)
Estimator batch 69/2000 (active points 8/11) ...   snr=+6.0dB [ls]  snr=+8.0dB [ls]  snr=+10.0dB [ls]  snr=+12.0dB [ls]  snr=+14.0dB [ls]  snr=+16.0dB [ls]  snr=+18.0dB [ls]  snr=+20.0dB [ls]Done (5.61s)
Estimator batch 70/2000 (active points 8/11) ...   snr=+6.0dB [ls]  snr=+8.0dB [ls]  snr=+10.0dB [ls]  snr=+12.0dB [ls]  snr=+14.0dB [ls]  snr=+16.0dB [ls]  snr=+18.0dB [ls]  snr=+20.0dB [ls]Done (5.67s)
Estimator batch 71/2000 (active points 8/11) ...   snr=+6.0dB [ls]  snr=+8.0dB [ls]  snr=+10.0dB [ls]  snr=+12.0dB [ls]  snr=+14.0dB [ls]  snr=+16.0dB [ls]  snr=+18.0dB [ls]  snr=+20.0dB [ls]Done (5.66s)
Estimator batch 72/2000 (active points 8/11) ...   snr=+6.0dB [ls]  snr=+8.0dB [ls]  snr=+10.0dB [ls]  snr=+12.0dB [ls]  snr=+14.0dB [ls]  snr=+16.0dB [ls]  snr=+18.0dB [ls]  snr=+20.0dB [ls]Done (5.40s)
Estimator batch 73/2000 (active points 8/11) ...   snr=+6.0dB [ls]  snr=+8.0dB [ls]  snr=+10.0dB [ls]  snr=+12.0dB [ls]  snr=+14.0dB [ls]  snr=+16.0dB [ls]  snr=+18.0dB [ls]  snr=+20.0dB [ls]Done (5.40s)
Estimator batch 74/2000 (active points 8/11) ...   snr=+6.0dB [ls]  snr=+8.0dB [ls]  snr=+10.0dB [ls]  snr=+12.0dB [ls]  snr=+14.0dB [ls]  snr=+16.0dB [ls]  snr=+18.0dB [ls]  snr=+20.0dB [ls]Done (5.36s)
Estimator batch 75/2000 (active points 8/11) ...   snr=+6.0dB [ls]  snr=+8.0dB [ls]  snr=+10.0dB [ls]  snr=+12.0dB [ls]  snr=+14.0dB [ls]  snr=+16.0dB [ls]  snr=+18.0dB [ls]  snr=+20.0dB [ls]Done (5.41s)
Estimator batch 76/2000 (active points 8/11) ...   snr=+6.0dB [ls]  snr=+8.0dB [ls]  snr=+10.0dB [ls]  snr=+12.0dB [ls]  snr=+14.0dB [ls]  snr=+16.0dB [ls]  snr=+18.0dB [ls]  snr=+20.0dB [ls]Done (5.37s)
Estimator batch 77/2000 (active points 8/11) ...   snr=+6.0dB [ls]  snr=+8.0dB [ls]  snr=+10.0dB [ls]  snr=+12.0dB [ls]  snr=+14.0dB [ls]  snr=+16.0dB [ls]  snr=+18.0dB [ls]  snr=+20.0dB [ls]Done (5.85s)
Estimator batch 78/2000 (active points 8/11) ...   snr=+6.0dB [ls]  snr=+8.0dB [ls]  snr=+10.0dB [ls]  snr=+12.0dB [ls]  snr=+14.0dB [ls]  snr=+16.0dB [ls]  snr=+18.0dB [ls]  snr=+20.0dB [ls]Done (5.99s)
Estimator batch 79/2000 (active points 8/11) ...   snr=+6.0dB [ls]  snr=+8.0dB [ls]  snr=+10.0dB [ls]  snr=+12.0dB [ls]  snr=+14.0dB [ls]  snr=+16.0dB [ls]  snr=+18.0dB [ls]  snr=+20.0dB [ls]Done (5.85s)
Estimator batch 80/2000 (active points 8/11) ...   snr=+6.0dB [ls]  snr=+8.0dB [ls]  snr=+10.0dB [ls]  snr=+12.0dB [ls]  snr=+14.0dB [ls]  snr=+16.0dB [ls]  snr=+18.0dB [ls]  snr=+20.0dB [ls]Done (5.87s)
Estimator batch 81/2000 (active points 8/11) ...   snr=+6.0dB [ls]  snr=+8.0dB [ls]  snr=+10.0dB [ls]  snr=+12.0dB [ls]  snr=+14.0dB [ls]  snr=+16.0dB [ls]  snr=+18.0dB [ls]  snr=+20.0dB [ls]Done (5.83s)
Estimator batch 82/2000 (active points 8/11) ...   snr=+6.0dB [ls]  snr=+8.0dB [ls]  snr=+10.0dB [ls]  snr=+12.0dB [ls]  snr=+14.0dB [ls]  snr=+16.0dB [ls]  snr=+18.0dB [ls]  snr=+20.0dB [ls]Done (5.62s)
Estimator batch 83/2000 (active points 8/11) ...   snr=+6.0dB [ls]  snr=+8.0dB [ls]  snr=+10.0dB [ls]  snr=+12.0dB [ls]  snr=+14.0dB [ls]  snr=+16.0dB [ls]  snr=+18.0dB [ls]  snr=+20.0dB [ls]Done (5.74s)
Estimator batch 84/2000 (active points 8/11) ...   snr=+6.0dB [ls]  snr=+8.0dB [ls]  snr=+10.0dB [ls]  snr=+12.0dB [ls]  snr=+14.0dB [ls]  snr=+16.0dB [ls]  snr=+18.0dB [ls]  snr=+20.0dB [ls]Done (6.08s)
Estimator batch 85/2000 (active points 8/11) ...   snr=+6.0dB [ls]  snr=+8.0dB [ls]  snr=+10.0dB [ls]  snr=+12.0dB [ls]  snr=+14.0dB [ls]  snr=+16.0dB [ls]  snr=+18.0dB [ls]  snr=+20.0dB [ls]Done (5.58s)
Estimator batch 86/2000 (active points 8/11) ...   snr=+6.0dB [ls]  snr=+8.0dB [ls]  snr=+10.0dB [ls]  snr=+12.0dB [ls]  snr=+14.0dB [ls]  snr=+16.0dB [ls]  snr=+18.0dB [ls]  snr=+20.0dB [ls]Done (5.85s)
Estimator batch 87/2000 (active points 8/11) ...   snr=+6.0dB [ls]  snr=+8.0dB [ls]  snr=+10.0dB [ls]  snr=+12.0dB [ls]  snr=+14.0dB [ls]  snr=+16.0dB [ls]  snr=+18.0dB [ls]  snr=+20.0dB [ls]Done (5.56s)
Estimator batch 88/2000 (active points 8/11) ...   snr=+6.0dB [ls]  snr=+8.0dB [ls]  snr=+10.0dB [ls]  snr=+12.0dB [ls]  snr=+14.0dB [ls]  snr=+16.0dB [ls]  snr=+18.0dB [ls]  snr=+20.0dB [ls]Done (5.52s)
Estimator batch 89/2000 (active points 8/11) ...   snr=+6.0dB [ls]  snr=+8.0dB [ls]  snr=+10.0dB [ls]  snr=+12.0dB [ls]  snr=+14.0dB [ls]  snr=+16.0dB [ls]  snr=+18.0dB [ls]  snr=+20.0dB [ls]Done (5.73s)
Estimator batch 90/2000 (active points 8/11) ...   snr=+6.0dB [ls]  snr=+8.0dB [ls]  snr=+10.0dB [ls]  snr=+12.0dB [ls]  snr=+14.0dB [ls]  snr=+16.0dB [ls]  snr=+18.0dB [ls]  snr=+20.0dB [ls]Done (5.83s)
Estimator batch 91/2000 (active points 8/11) ...   snr=+6.0dB [ls]  snr=+8.0dB [ls]  snr=+10.0dB [ls]  snr=+12.0dB [ls]  snr=+14.0dB [ls]  snr=+16.0dB [ls]  snr=+18.0dB [ls]  snr=+20.0dB [ls]Done (6.75s)
Estimator batch 92/2000 (active points 8/11) ...   snr=+6.0dB [ls]  snr=+8.0dB [ls]  snr=+10.0dB [ls]  snr=+12.0dB [ls]  snr=+14.0dB [ls]  snr=+16.0dB [ls]  snr=+18.0dB [ls]  snr=+20.0dB [ls]Done (6.17s)
Estimator batch 93/2000 (active points 8/11) ...   snr=+6.0dB [ls]  snr=+8.0dB [ls]  snr=+10.0dB [ls]  snr=+12.0dB [ls]  snr=+14.0dB [ls]  snr=+16.0dB [ls]  snr=+18.0dB [ls]  snr=+20.0dB [ls]Done (6.67s)
Estimator batch 94/2000 (active points 8/11) ...   snr=+6.0dB [ls]  snr=+8.0dB [ls]  snr=+10.0dB [ls]  snr=+12.0dB [ls]  snr=+14.0dB [ls]  snr=+16.0dB [ls]  snr=+18.0dB [ls]  snr=+20.0dB [ls]Done (5.75s)
Estimator batch 95/2000 (active points 8/11) ...   snr=+6.0dB [ls]  snr=+8.0dB [ls]  snr=+10.0dB [ls]  snr=+12.0dB [ls]  snr=+14.0dB [ls]  snr=+16.0dB [ls]  snr=+18.0dB [ls]  snr=+20.0dB [ls]Done (6.79s)
Estimator batch 96/2000 (active points 8/11) ...   snr=+6.0dB [ls]  snr=+8.0dB [ls]  snr=+10.0dB [ls]  snr=+12.0dB [ls]  snr=+14.0dB [ls]  snr=+16.0dB [ls]  snr=+18.0dB [ls]  snr=+20.0dB [ls]Done (5.91s)
Estimator batch 97/2000 (active points 8/11) ...   snr=+6.0dB [ls]  snr=+8.0dB [ls]  snr=+10.0dB [ls]  snr=+12.0dB [ls]  snr=+14.0dB [ls]  snr=+16.0dB [ls]  snr=+18.0dB [ls]  snr=+20.0dB [ls]Done (5.71s)
Estimator batch 98/2000 (active points 8/11) ...   snr=+6.0dB [ls]  snr=+8.0dB [ls]  snr=+10.0dB [ls]  snr=+12.0dB [ls]  snr=+14.0dB [ls]  snr=+16.0dB [ls]  snr=+18.0dB [ls]  snr=+20.0dB [ls]Done (5.97s)
Estimator batch 99/2000 (active points 8/11) ...   snr=+6.0dB [ls]  snr=+8.0dB [ls]  snr=+10.0dB [ls]  snr=+12.0dB [ls]  snr=+14.0dB [ls]  snr=+16.0dB [ls]  snr=+18.0dB [ls]  snr=+20.0dB [ls]Done (6.76s)
Estimator batch 100/2000 (active points 8/11) ...   snr=+6.0dB [ls]  snr=+8.0dB [ls]  snr=+10.0dB [ls]  snr=+12.0dB [ls]  snr=+14.0dB [ls]  snr=+16.0dB [ls]  snr=+18.0dB [ls]  snr=+20.0dB [ls]Done (5.82s)
Estimator batch 101/2000 (active points 8/11) ...   snr=+6.0dB [ls]  snr=+8.0dB [ls]  snr=+10.0dB [ls]  snr=+12.0dB [ls]  snr=+14.0dB [ls]  snr=+16.0dB [ls]  snr=+18.0dB [ls]  snr=+20.0dB [ls]Done (6.37s)
Estimator batch 102/2000 (active points 8/11) ...   snr=+6.0dB [ls]  snr=+8.0dB [ls]  snr=+10.0dB [ls]  snr=+12.0dB [ls]  snr=+14.0dB [ls]  snr=+16.0dB [ls]  snr=+18.0dB [ls]  snr=+20.0dB [ls]Done (6.05s)
Estimator batch 103/2000 (active points 8/11) ...   snr=+6.0dB [ls]  snr=+8.0dB [ls]  snr=+10.0dB [ls]  snr=+12.0dB [ls]  snr=+14.0dB [ls]  snr=+16.0dB [ls]  snr=+18.0dB [ls]  snr=+20.0dB [ls]Done (6.00s)
Estimator batch 104/2000 (active points 8/11) ...   snr=+6.0dB [ls]  snr=+8.0dB [ls]  snr=+10.0dB [ls]  snr=+12.0dB [ls]  snr=+14.0dB [ls]  snr=+16.0dB [ls]  snr=+18.0dB [ls]  snr=+20.0dB [ls]Done (5.92s)
Estimator batch 105/2000 (active points 8/11) ...   snr=+6.0dB [ls]  snr=+8.0dB [ls]  snr=+10.0dB [ls]  snr=+12.0dB [ls]  snr=+14.0dB [ls]  snr=+16.0dB [ls]  snr=+18.0dB [ls]  snr=+20.0dB [ls]Done (5.88s)
Estimator batch 106/2000 (active points 8/11) ...   snr=+6.0dB [ls]  snr=+8.0dB [ls]  snr=+10.0dB [ls]  snr=+12.0dB [ls]  snr=+14.0dB [ls]  snr=+16.0dB [ls]  snr=+18.0dB [ls]  snr=+20.0dB [ls]Done (5.75s)
Estimator batch 107/2000 (active points 8/11) ...   snr=+6.0dB [ls]  snr=+8.0dB [ls]  snr=+10.0dB [ls]  snr=+12.0dB [ls]  snr=+14.0dB [ls]  snr=+16.0dB [ls]  snr=+18.0dB [ls]  snr=+20.0dB [ls]Done (6.08s)
Estimator batch 108/2000 (active points 8/11) ...   snr=+6.0dB [ls]  snr=+8.0dB [ls]  snr=+10.0dB [ls]  snr=+12.0dB [ls]  snr=+14.0dB [ls]  snr=+16.0dB [ls]  snr=+18.0dB [ls]  snr=+20.0dB [ls]Done (6.30s)
Estimator batch 109/2000 (active points 8/11) ...   snr=+6.0dB [ls]  snr=+8.0dB [ls]  snr=+10.0dB [ls]  snr=+12.0dB [ls]  snr=+14.0dB [ls]  snr=+16.0dB [ls]  snr=+18.0dB [ls]  snr=+20.0dB [ls]Done (5.44s)
Estimator batch 110/2000 (active points 8/11) ...   snr=+6.0dB [ls]  snr=+8.0dB [ls]  snr=+10.0dB [ls]  snr=+12.0dB [ls]  snr=+14.0dB [ls]  snr=+16.0dB [ls]  snr=+18.0dB [ls]  snr=+20.0dB [ls]Done (5.43s)
Estimator batch 111/2000 (active points 8/11) ...   snr=+6.0dB [ls]  snr=+8.0dB [ls]  snr=+10.0dB [ls]  snr=+12.0dB [ls]  snr=+14.0dB [ls]  snr=+16.0dB [ls]  snr=+18.0dB [ls]  snr=+20.0dB [ls]Done (6.03s)
Estimator batch 112/2000 (active points 8/11) ...   snr=+6.0dB [ls]  snr=+8.0dB [ls]  snr=+10.0dB [ls]  snr=+12.0dB [ls]  snr=+14.0dB [ls]  snr=+16.0dB [ls]  snr=+18.0dB [ls]  snr=+20.0dB [ls]Done (6.07s)
Estimator batch 113/2000 (active points 8/11) ...   snr=+6.0dB [ls]  snr=+8.0dB [ls]  snr=+10.0dB [ls]  snr=+12.0dB [ls]  snr=+14.0dB [ls]  snr=+16.0dB [ls]  snr=+18.0dB [ls]  snr=+20.0dB [ls]Done (5.92s)
Estimator batch 114/2000 (active points 8/11) ...   snr=+6.0dB [ls]  snr=+8.0dB [ls]  snr=+10.0dB [ls]  snr=+12.0dB [ls]  snr=+14.0dB [ls]  snr=+16.0dB [ls]  snr=+18.0dB [ls]  snr=+20.0dB [ls]Done (5.68s)
Estimator batch 115/2000 (active points 8/11) ...   snr=+6.0dB [ls]  snr=+8.0dB [ls]  snr=+10.0dB [ls]  snr=+12.0dB [ls]  snr=+14.0dB [ls]  snr=+16.0dB [ls]  snr=+18.0dB [ls]  snr=+20.0dB [ls]Done (6.12s)
Estimator batch 116/2000 (active points 8/11) ...   snr=+6.0dB [ls]  snr=+8.0dB [ls]  snr=+10.0dB [ls]  snr=+12.0dB [ls]  snr=+14.0dB [ls]  snr=+16.0dB [ls]  snr=+18.0dB [ls]  snr=+20.0dB [ls]Done (5.54s)
Estimator batch 117/2000 (active points 8/11) ...   snr=+6.0dB [ls]  snr=+8.0dB [ls]  snr=+10.0dB [ls]  snr=+12.0dB [ls]  snr=+14.0dB [ls]  snr=+16.0dB [ls]  snr=+18.0dB [ls]  snr=+20.0dB [ls]Done (5.44s)
Estimator batch 118/2000 (active points 8/11) ...   snr=+6.0dB [ls]  snr=+8.0dB [ls]  snr=+10.0dB [ls]  snr=+12.0dB [ls]  snr=+14.0dB [ls]  snr=+16.0dB [ls]  snr=+18.0dB [ls]  snr=+20.0dB [ls]Done (5.50s)
Estimator batch 119/2000 (active points 8/11) ...   snr=+6.0dB [ls]  snr=+8.0dB [ls]  snr=+10.0dB [ls]  snr=+12.0dB [ls]  snr=+14.0dB [ls]  snr=+16.0dB [ls]  snr=+18.0dB [ls]  snr=+20.0dB [ls]Done (6.03s)
Estimator batch 120/2000 (active points 8/11) ...   snr=+6.0dB [ls]  snr=+8.0dB [ls]  snr=+10.0dB [ls]  snr=+12.0dB [ls]  snr=+14.0dB [ls]  snr=+16.0dB [ls]  snr=+18.0dB [ls]  snr=+20.0dB [ls]Done (6.36s)
Estimator batch 121/2000 (active points 8/11) ...   snr=+6.0dB [ls]  snr=+8.0dB [ls]  snr=+10.0dB [ls]  snr=+12.0dB [ls]  snr=+14.0dB [ls]  snr=+16.0dB [ls]  snr=+18.0dB [ls]  snr=+20.0dB [ls]Done (6.73s)
Estimator batch 122/2000 (active points 8/11) ...   snr=+6.0dB [ls]  snr=+8.0dB [ls]  snr=+10.0dB [ls]  snr=+12.0dB [ls]  snr=+14.0dB [ls]  snr=+16.0dB [ls]  snr=+18.0dB [ls]  snr=+20.0dB [ls]Done (7.11s)
Estimator batch 123/2000 (active points 8/11) ...   snr=+6.0dB [ls]  snr=+8.0dB [ls]  snr=+10.0dB [ls]  snr=+12.0dB [ls]  snr=+14.0dB [ls]  snr=+16.0dB [ls]  snr=+18.0dB [ls]  snr=+20.0dB [ls]Done (6.68s)
Estimator batch 124/2000 (active points 8/11) ...   snr=+6.0dB [ls]  snr=+8.0dB [ls]  snr=+10.0dB [ls]  snr=+12.0dB [ls]  snr=+14.0dB [ls]  snr=+16.0dB [ls]  snr=+18.0dB [ls]  snr=+20.0dB [ls]Done (6.39s)
Estimator batch 125/2000 (active points 8/11) ...   snr=+6.0dB [ls]  snr=+8.0dB [ls]  snr=+10.0dB [ls]  snr=+12.0dB [ls]  snr=+14.0dB [ls]  snr=+16.0dB [ls]  snr=+18.0dB [ls]  snr=+20.0dB [ls]Done (5.55s)
Estimator batch 126/2000 (active points 8/11) ...   snr=+6.0dB [ls]  snr=+8.0dB [ls]  snr=+10.0dB [ls]  snr=+12.0dB [ls]  snr=+14.0dB [ls]  snr=+16.0dB [ls]  snr=+18.0dB [ls]  snr=+20.0dB [ls]Done (6.91s)
Estimator batch 127/2000 (active points 8/11) ...   snr=+6.0dB [ls]  snr=+8.0dB [ls]  snr=+10.0dB [ls]  snr=+12.0dB [ls]  snr=+14.0dB [ls]  snr=+16.0dB [ls]  snr=+18.0dB [ls]  snr=+20.0dB [ls]Done (6.83s)
Estimator batch 128/2000 (active points 8/11) ...   snr=+6.0dB [ls]  snr=+8.0dB [ls]  snr=+10.0dB [ls]  snr=+12.0dB [ls]  snr=+14.0dB [ls]  snr=+16.0dB [ls]  snr=+18.0dB [ls]  snr=+20.0dB [ls]Done (5.77s)
Estimator batch 129/2000 (active points 8/11) ...   snr=+6.0dB [ls]  snr=+8.0dB [ls]  snr=+10.0dB [ls]  snr=+12.0dB [ls]  snr=+14.0dB [ls]  snr=+16.0dB [ls]  snr=+18.0dB [ls]  snr=+20.0dB [ls]Done (5.47s)
Estimator batch 130/2000 (active points 8/11) ...   snr=+6.0dB [ls]  snr=+8.0dB [ls]  snr=+10.0dB [ls]  snr=+12.0dB [ls]  snr=+14.0dB [ls]  snr=+16.0dB [ls]  snr=+18.0dB [ls]  snr=+20.0dB [ls]Done (5.36s)
Estimator batch 131/2000 (active points 8/11) ...   snr=+6.0dB [ls]  snr=+8.0dB [ls]  snr=+10.0dB [ls]  snr=+12.0dB [ls]  snr=+14.0dB [ls]  snr=+16.0dB [ls]  snr=+18.0dB [ls]  snr=+20.0dB [ls]Done (6.22s)
Estimator batch 132/2000 (active points 8/11) ...   snr=+6.0dB [ls]  snr=+8.0dB [ls]  snr=+10.0dB [ls]  snr=+12.0dB [ls]  snr=+14.0dB [ls]  snr=+16.0dB [ls]  snr=+18.0dB [ls]  snr=+20.0dB [ls]Done (6.16s)
Estimator batch 133/2000 (active points 8/11) ...   snr=+6.0dB [ls]  snr=+8.0dB [ls]  snr=+10.0dB [ls]  snr=+12.0dB [ls]  snr=+14.0dB [ls]  snr=+16.0dB [ls]  snr=+18.0dB [ls]  snr=+20.0dB [ls]Done (5.58s)
Estimator batch 134/2000 (active points 8/11) ...   snr=+6.0dB [ls]  snr=+8.0dB [ls]  snr=+10.0dB [ls]  snr=+12.0dB [ls]  snr=+14.0dB [ls]  snr=+16.0dB [ls]  snr=+18.0dB [ls]  snr=+20.0dB [ls]Done (5.81s)
Estimator batch 135/2000 (active points 8/11) ...   snr=+6.0dB [ls]  snr=+8.0dB [ls]  snr=+10.0dB [ls]  snr=+12.0dB [ls]  snr=+14.0dB [ls]  snr=+16.0dB [ls]  snr=+18.0dB [ls]  snr=+20.0dB [ls]Done (5.99s)
Estimator batch 136/2000 (active points 8/11) ...   snr=+6.0dB [ls]  snr=+8.0dB [ls]  snr=+10.0dB [ls]  snr=+12.0dB [ls]  snr=+14.0dB [ls]  snr=+16.0dB [ls]  snr=+18.0dB [ls]  snr=+20.0dB [ls]Done (5.92s)
Estimator batch 137/2000 (active points 8/11) ...   snr=+6.0dB [ls]  snr=+8.0dB [ls]  snr=+10.0dB [ls]  snr=+12.0dB [ls]  snr=+14.0dB [ls]  snr=+16.0dB [ls]  snr=+18.0dB [ls]  snr=+20.0dB [ls]Done (5.32s)
Estimator batch 138/2000 (active points 8/11) ...   snr=+6.0dB [ls]  snr=+8.0dB [ls]  snr=+10.0dB [ls]  snr=+12.0dB [ls]  snr=+14.0dB [ls]  snr=+16.0dB [ls]  snr=+18.0dB [ls]  snr=+20.0dB [ls]Done (5.35s)
Estimator batch 139/2000 (active points 8/11) ...   snr=+6.0dB [ls]  snr=+8.0dB [ls]  snr=+10.0dB [ls]  snr=+12.0dB [ls]  snr=+14.0dB [ls]  snr=+16.0dB [ls]  snr=+18.0dB [ls]  snr=+20.0dB [ls]Done (5.50s)
Estimator batch 140/2000 (active points 8/11) ...   snr=+6.0dB [ls]  snr=+8.0dB [ls]  snr=+10.0dB [ls]  snr=+12.0dB [ls]  snr=+14.0dB [ls]  snr=+16.0dB [ls]  snr=+18.0dB [ls]  snr=+20.0dB [ls]Done (5.45s)
Estimator batch 141/2000 (active points 8/11) ...   snr=+6.0dB [ls]  snr=+8.0dB [ls]  snr=+10.0dB [ls]  snr=+12.0dB [ls]  snr=+14.0dB [ls]  snr=+16.0dB [ls]  snr=+18.0dB [ls]  snr=+20.0dB [ls]Done (5.49s)
Estimator batch 142/2000 (active points 8/11) ...   snr=+6.0dB [ls]  snr=+8.0dB [ls]  snr=+10.0dB [ls]  snr=+12.0dB [ls]  snr=+14.0dB [ls]  snr=+16.0dB [ls]  snr=+18.0dB [ls]  snr=+20.0dB [ls]Done (5.42s)
Estimator batch 143/2000 (active points 8/11) ...   snr=+6.0dB [ls]  snr=+8.0dB [ls]  snr=+10.0dB [ls]  snr=+12.0dB [ls]  snr=+14.0dB [ls]  snr=+16.0dB [ls]  snr=+18.0dB [ls]  snr=+20.0dB [ls]Done (5.36s)
Estimator batch 144/2000 (active points 8/11) ...   snr=+6.0dB [ls]  snr=+8.0dB [ls]  snr=+10.0dB [ls]  snr=+12.0dB [ls]  snr=+14.0dB [ls]  snr=+16.0dB [ls]  snr=+18.0dB [ls]  snr=+20.0dB [ls]Done (5.38s)
Estimator batch 145/2000 (active points 8/11) ...   snr=+6.0dB [ls]  snr=+8.0dB [ls]  snr=+10.0dB [ls]  snr=+12.0dB [ls]  snr=+14.0dB [ls]  snr=+16.0dB [ls]  snr=+18.0dB [ls]  snr=+20.0dB [ls]Done (5.36s)
Estimator batch 146/2000 (active points 8/11) ...   snr=+6.0dB [ls]  snr=+8.0dB [ls]  snr=+10.0dB [ls]  snr=+12.0dB [ls]  snr=+14.0dB [ls]  snr=+16.0dB [ls]  snr=+18.0dB [ls]  snr=+20.0dB [ls]Done (5.49s)
Estimator batch 147/2000 (active points 8/11) ...   snr=+6.0dB [ls]  snr=+8.0dB [ls]  snr=+10.0dB [ls]  snr=+12.0dB [ls]  snr=+14.0dB [ls]  snr=+16.0dB [ls]  snr=+18.0dB [ls]  snr=+20.0dB [ls]Done (5.58s)
Estimator batch 148/2000 (active points 8/11) ...   snr=+6.0dB [ls]  snr=+8.0dB [ls]  snr=+10.0dB [ls]  snr=+12.0dB [ls]  snr=+14.0dB [ls]  snr=+16.0dB [ls]  snr=+18.0dB [ls]  snr=+20.0dB [ls]Done (5.61s)
Estimator batch 149/2000 (active points 8/11) ...   snr=+6.0dB [ls]  snr=+8.0dB [ls]  snr=+10.0dB [ls]  snr=+12.0dB [ls]  snr=+14.0dB [ls]  snr=+16.0dB [ls]  snr=+18.0dB [ls]  snr=+20.0dB [ls]Done (5.62s)
Estimator batch 150/2000 (active points 8/11) ...   snr=+6.0dB [ls]  snr=+8.0dB [ls]  snr=+10.0dB [ls]  snr=+12.0dB [ls]  snr=+14.0dB [ls]  snr=+16.0dB [ls]  snr=+18.0dB [ls]  snr=+20.0dB [ls]Done (5.57s)
Estimator batch 151/2000 (active points 7/11) ...   snr=+6.0dB [ls]  snr=+8.0dB [ls]  snr=+10.0dB [ls]  snr=+12.0dB [ls]  snr=+14.0dB [ls]  snr=+16.0dB [ls]  snr=+18.0dB [ls]Done (4.64s)
Estimator batch 152/2000 (active points 7/11) ...   snr=+6.0dB [ls]  snr=+8.0dB [ls]  snr=+10.0dB [ls]  snr=+12.0dB [ls]  snr=+14.0dB [ls]  snr=+16.0dB [ls]  snr=+18.0dB [ls]Done (4.61s)
Estimator batch 153/2000 (active points 7/11) ...   snr=+6.0dB [ls]  snr=+8.0dB [ls]  snr=+10.0dB [ls]  snr=+12.0dB [ls]  snr=+14.0dB [ls]  snr=+16.0dB [ls]  snr=+18.0dB [ls]Done (4.62s)
Estimator batch 154/2000 (active points 7/11) ...   snr=+6.0dB [ls]  snr=+8.0dB [ls]  snr=+10.0dB [ls]  snr=+12.0dB [ls]  snr=+14.0dB [ls]  snr=+16.0dB [ls]  snr=+18.0dB [ls]Done (4.61s)
Estimator batch 155/2000 (active points 7/11) ...   snr=+6.0dB [ls]  snr=+8.0dB [ls]  snr=+10.0dB [ls]  snr=+12.0dB [ls]  snr=+14.0dB [ls]  snr=+16.0dB [ls]  snr=+18.0dB [ls]Done (4.62s)
Estimator batch 156/2000 (active points 7/11) ...   snr=+6.0dB [ls]  snr=+8.0dB [ls]  snr=+10.0dB [ls]  snr=+12.0dB [ls]  snr=+14.0dB [ls]  snr=+16.0dB [ls]  snr=+18.0dB [ls]Done (4.66s)
Estimator batch 157/2000 (active points 7/11) ...   snr=+6.0dB [ls]  snr=+8.0dB [ls]  snr=+10.0dB [ls]  snr=+12.0dB [ls]  snr=+14.0dB [ls]  snr=+16.0dB [ls]  snr=+18.0dB [ls]Done (4.60s)
Estimator batch 158/2000 (active points 7/11) ...   snr=+6.0dB [ls]  snr=+8.0dB [ls]  snr=+10.0dB [ls]  snr=+12.0dB [ls]  snr=+14.0dB [ls]  snr=+16.0dB [ls]  snr=+18.0dB [ls]Done (4.66s)
Estimator batch 159/2000 (active points 7/11) ...   snr=+6.0dB [ls]  snr=+8.0dB [ls]  snr=+10.0dB [ls]  snr=+12.0dB [ls]  snr=+14.0dB [ls]  snr=+16.0dB [ls]  snr=+18.0dB [ls]Done (4.68s)
Estimator batch 160/2000 (active points 7/11) ...   snr=+6.0dB [ls]  snr=+8.0dB [ls]  snr=+10.0dB [ls]  snr=+12.0dB [ls]  snr=+14.0dB [ls]  snr=+16.0dB [ls]  snr=+18.0dB [ls]Done (4.86s)
Estimator batch 161/2000 (active points 7/11) ...   snr=+6.0dB [ls]  snr=+8.0dB [ls]  snr=+10.0dB [ls]  snr=+12.0dB [ls]  snr=+14.0dB [ls]  snr=+16.0dB [ls]  snr=+18.0dB [ls]Done (4.90s)
Estimator batch 162/2000 (active points 7/11) ...   snr=+6.0dB [ls]  snr=+8.0dB [ls]  snr=+10.0dB [ls]  snr=+12.0dB [ls]  snr=+14.0dB [ls]  snr=+16.0dB [ls]  snr=+18.0dB [ls]Done (4.95s)
Estimator batch 163/2000 (active points 7/11) ...   snr=+6.0dB [ls]  snr=+8.0dB [ls]  snr=+10.0dB [ls]  snr=+12.0dB [ls]  snr=+14.0dB [ls]  snr=+16.0dB [ls]  snr=+18.0dB [ls]Done (5.14s)
Estimator batch 164/2000 (active points 7/11) ...   snr=+6.0dB [ls]  snr=+8.0dB [ls]  snr=+10.0dB [ls]  snr=+12.0dB [ls]  snr=+14.0dB [ls]  snr=+16.0dB [ls]  snr=+18.0dB [ls]Done (4.94s)
Estimator batch 165/2000 (active points 7/11) ...   snr=+6.0dB [ls]  snr=+8.0dB [ls]  snr=+10.0dB [ls]  snr=+12.0dB [ls]  snr=+14.0dB [ls]  snr=+16.0dB [ls]  snr=+18.0dB [ls]Done (4.78s)
Estimator batch 166/2000 (active points 6/11) ...   snr=+6.0dB [ls]  snr=+8.0dB [ls]  snr=+10.0dB [ls]  snr=+12.0dB [ls]  snr=+14.0dB [ls]  snr=+18.0dB [ls]Done (4.05s)
Estimator batch 167/2000 (active points 6/11) ...   snr=+6.0dB [ls]  snr=+8.0dB [ls]  snr=+10.0dB [ls]  snr=+12.0dB [ls]  snr=+14.0dB [ls]  snr=+18.0dB [ls]Done (4.11s)
Estimator batch 168/2000 (active points 6/11) ...   snr=+6.0dB [ls]  snr=+8.0dB [ls]  snr=+10.0dB [ls]  snr=+12.0dB [ls]  snr=+14.0dB [ls]  snr=+18.0dB [ls]Done (4.18s)
Estimator batch 169/2000 (active points 6/11) ...   snr=+6.0dB [ls]  snr=+8.0dB [ls]  snr=+10.0dB [ls]  snr=+12.0dB [ls]  snr=+14.0dB [ls]  snr=+18.0dB [ls]Done (4.21s)
Estimator batch 170/2000 (active points 6/11) ...   snr=+6.0dB [ls]  snr=+8.0dB [ls]  snr=+10.0dB [ls]  snr=+12.0dB [ls]  snr=+14.0dB [ls]  snr=+18.0dB [ls]Done (4.41s)
Estimator batch 171/2000 (active points 5/11) ...   snr=+8.0dB [ls]  snr=+10.0dB [ls]  snr=+12.0dB [ls]  snr=+14.0dB [ls]  snr=+18.0dB [ls]Done (3.53s)
Estimator batch 172/2000 (active points 5/11) ...   snr=+8.0dB [ls]  snr=+10.0dB [ls]  snr=+12.0dB [ls]  snr=+14.0dB [ls]  snr=+18.0dB [ls]Done (3.91s)
Estimator batch 173/2000 (active points 5/11) ...   snr=+8.0dB [ls]  snr=+10.0dB [ls]  snr=+12.0dB [ls]  snr=+14.0dB [ls]  snr=+18.0dB [ls]Done (3.48s)
Estimator batch 174/2000 (active points 5/11) ...   snr=+8.0dB [ls]  snr=+10.0dB [ls]  snr=+12.0dB [ls]  snr=+14.0dB [ls]  snr=+18.0dB [ls]Done (3.35s)
Estimator batch 175/2000 (active points 5/11) ...   snr=+8.0dB [ls]  snr=+10.0dB [ls]  snr=+12.0dB [ls]  snr=+14.0dB [ls]  snr=+18.0dB [ls]Done (3.31s)
Estimator batch 176/2000 (active points 5/11) ...   snr=+8.0dB [ls]  snr=+10.0dB [ls]  snr=+12.0dB [ls]  snr=+14.0dB [ls]  snr=+18.0dB [ls]Done (3.36s)
Estimator batch 177/2000 (active points 5/11) ...   snr=+8.0dB [ls]  snr=+10.0dB [ls]  snr=+12.0dB [ls]  snr=+14.0dB [ls]  snr=+18.0dB [ls]Done (3.39s)
Estimator batch 178/2000 (active points 5/11) ...   snr=+8.0dB [ls]  snr=+10.0dB [ls]  snr=+12.0dB [ls]  snr=+14.0dB [ls]  snr=+18.0dB [ls]Done (3.41s)
Estimator batch 179/2000 (active points 5/11) ...   snr=+8.0dB [ls]  snr=+10.0dB [ls]  snr=+12.0dB [ls]  snr=+14.0dB [ls]  snr=+18.0dB [ls]Done (3.47s)
Estimator batch 180/2000 (active points 5/11) ...   snr=+8.0dB [ls]  snr=+10.0dB [ls]  snr=+12.0dB [ls]  snr=+14.0dB [ls]  snr=+18.0dB [ls]Done (3.48s)
Estimator batch 181/2000 (active points 5/11) ...   snr=+8.0dB [ls]  snr=+10.0dB [ls]  snr=+12.0dB [ls]  snr=+14.0dB [ls]  snr=+18.0dB [ls]Done (3.38s)
Estimator batch 182/2000 (active points 5/11) ...   snr=+8.0dB [ls]  snr=+10.0dB [ls]  snr=+12.0dB [ls]  snr=+14.0dB [ls]  snr=+18.0dB [ls]Done (3.39s)
Estimator batch 183/2000 (active points 5/11) ...   snr=+8.0dB [ls]  snr=+10.0dB [ls]  snr=+12.0dB [ls]  snr=+14.0dB [ls]  snr=+18.0dB [ls]Done (3.41s)
Estimator batch 184/2000 (active points 5/11) ...   snr=+8.0dB [ls]  snr=+10.0dB [ls]  snr=+12.0dB [ls]  snr=+14.0dB [ls]  snr=+18.0dB [ls]Done (3.40s)
Estimator batch 185/2000 (active points 5/11) ...   snr=+8.0dB [ls]  snr=+10.0dB [ls]  snr=+12.0dB [ls]  snr=+14.0dB [ls]  snr=+18.0dB [ls]Done (3.53s)
Estimator batch 186/2000 (active points 5/11) ...   snr=+8.0dB [ls]  snr=+10.0dB [ls]  snr=+12.0dB [ls]  snr=+14.0dB [ls]  snr=+18.0dB [ls]Done (3.49s)
Estimator batch 187/2000 (active points 5/11) ...   snr=+8.0dB [ls]  snr=+10.0dB [ls]  snr=+12.0dB [ls]  snr=+14.0dB [ls]  snr=+18.0dB [ls]Done (3.49s)
Estimator batch 188/2000 (active points 5/11) ...   snr=+8.0dB [ls]  snr=+10.0dB [ls]  snr=+12.0dB [ls]  snr=+14.0dB [ls]  snr=+18.0dB [ls]Done (3.35s)
Estimator batch 189/2000 (active points 5/11) ...   snr=+8.0dB [ls]  snr=+10.0dB [ls]  snr=+12.0dB [ls]  snr=+14.0dB [ls]  snr=+18.0dB [ls]Done (3.35s)
Estimator batch 190/2000 (active points 5/11) ...   snr=+8.0dB [ls]  snr=+10.0dB [ls]  snr=+12.0dB [ls]  snr=+14.0dB [ls]  snr=+18.0dB [ls]Done (3.35s)
Estimator batch 191/2000 (active points 5/11) ...   snr=+8.0dB [ls]  snr=+10.0dB [ls]  snr=+12.0dB [ls]  snr=+14.0dB [ls]  snr=+18.0dB [ls]Done (3.39s)
Estimator batch 192/2000 (active points 5/11) ...   snr=+8.0dB [ls]  snr=+10.0dB [ls]  snr=+12.0dB [ls]  snr=+14.0dB [ls]  snr=+18.0dB [ls]Done (3.50s)
Estimator batch 193/2000 (active points 5/11) ...   snr=+8.0dB [ls]  snr=+10.0dB [ls]  snr=+12.0dB [ls]  snr=+14.0dB [ls]  snr=+18.0dB [ls]Done (3.38s)
Estimator batch 194/2000 (active points 5/11) ...   snr=+8.0dB [ls]  snr=+10.0dB [ls]  snr=+12.0dB [ls]  snr=+14.0dB [ls]  snr=+18.0dB [ls]Done (3.51s)
Estimator batch 195/2000 (active points 4/11) ...   snr=+8.0dB [ls]  snr=+10.0dB [ls]  snr=+12.0dB [ls]  snr=+18.0dB [ls]Done (2.77s)
Estimator batch 196/2000 (active points 4/11) ...   snr=+8.0dB [ls]  snr=+10.0dB [ls]  snr=+12.0dB [ls]  snr=+18.0dB [ls]Done (2.80s)
Estimator batch 197/2000 (active points 2/11) ...   snr=+8.0dB [ls]  snr=+10.0dB [ls]Done (1.39s)
Estimator batch 198/2000 (active points 2/11) ...   snr=+8.0dB [ls]  snr=+10.0dB [ls]Done (1.40s)
Estimator batch 199/2000 (active points 2/11) ...   snr=+8.0dB [ls]  snr=+10.0dB [ls]Done (1.42s)
Estimator batch 200/2000 (active points 2/11) ...   snr=+8.0dB [ls]  snr=+10.0dB [ls]Done (1.42s)
Estimator batch 201/2000 (active points 2/11) ...   snr=+8.0dB [ls]  snr=+10.0dB [ls]Done (1.39s)
Estimator batch 202/2000 (active points 2/11) ...   snr=+8.0dB [ls]  snr=+10.0dB [ls]Done (1.40s)
Estimator batch 203/2000 (active points 2/11) ...   snr=+8.0dB [ls]  snr=+10.0dB [ls]Done (1.39s)
Estimator batch 204/2000 (active points 2/11) ...   snr=+8.0dB [ls]  snr=+10.0dB [ls]Done (1.33s)
Estimator batch 205/2000 (active points 2/11) ...   snr=+8.0dB [ls]  snr=+10.0dB [ls]Done (1.32s)
Estimator batch 206/2000 (active points 2/11) ...   snr=+8.0dB [ls]  snr=+10.0dB [ls]Done (1.35s)
Estimator batch 207/2000 (active points 2/11) ...   snr=+8.0dB [ls]  snr=+10.0dB [ls]Done (1.39s)
Estimator batch 208/2000 (active points 2/11) ...   snr=+8.0dB [ls]  snr=+10.0dB [ls]Done (1.37s)
Estimator batch 209/2000 (active points 2/11) ...   snr=+8.0dB [ls]  snr=+10.0dB [ls]Done (1.32s)
Estimator batch 210/2000 (active points 2/11) ...   snr=+8.0dB [ls]  snr=+10.0dB [ls]Done (1.33s)
Estimator batch 211/2000 (active points 2/11) ...   snr=+8.0dB [ls]  snr=+10.0dB [ls]Done (1.32s)
Estimator batch 212/2000 (active points 2/11) ...   snr=+8.0dB [ls]  snr=+10.0dB [ls]Done (1.32s)
Estimator batch 213/2000 (active points 2/11) ...   snr=+8.0dB [ls]  snr=+10.0dB [ls]Done (1.34s)
Estimator batch 214/2000 (active points 2/11) ...   snr=+8.0dB [ls]  snr=+10.0dB [ls]Done (1.33s)
Estimator batch 215/2000 (active points 2/11) ...   snr=+8.0dB [ls]  snr=+10.0dB [ls]Done (1.32s)
Estimator batch 216/2000 (active points 2/11) ...   snr=+8.0dB [ls]  snr=+10.0dB [ls]Done (1.32s)
Estimator batch 217/2000 (active points 2/11) ...   snr=+8.0dB [ls]  snr=+10.0dB [ls]Done (1.32s)
Estimator batch 218/2000 (active points 2/11) ...   snr=+8.0dB [ls]  snr=+10.0dB [ls]Done (1.33s)
Estimator batch 219/2000 (active points 2/11) ...   snr=+8.0dB [ls]  snr=+10.0dB [ls]Done (1.32s)
Estimator batch 220/2000 (active points 2/11) ...   snr=+8.0dB [ls]  snr=+10.0dB [ls]Done (1.32s)
Estimator batch 221/2000 (active points 2/11) ...   snr=+8.0dB [ls]  snr=+10.0dB [ls]Done (1.33s)
Estimator batch 222/2000 (active points 1/11) ...   snr=+10.0dB [ls]Done (0.67s)
Estimator batch 223/2000 (active points 1/11) ...   snr=+10.0dB [ls]Done (0.67s)
Estimator batch 224/2000 (active points 1/11) ...   snr=+10.0dB [ls]Done (0.66s)
Estimator batch 225/2000 (active points 1/11) ...   snr=+10.0dB [ls]Done (0.66s)
Estimator batch 226/2000 (active points 1/11) ...   snr=+10.0dB [ls]Done (0.65s)
Estimator batch 227/2000 (active points 1/11) ...   snr=+10.0dB [ls]Done (0.66s)
Estimator batch 228/2000 (active points 1/11) ...   snr=+10.0dB [ls]Done (0.66s)
Estimator batch 229/2000 (active points 1/11) ...   snr=+10.0dB [ls]Done (0.66s)
Estimator batch 230/2000 (active points 1/11) ...   snr=+10.0dB [ls]Done (0.66s)
Estimator batch 231/2000 (active points 1/11) ...   snr=+10.0dB [ls]Done (0.66s)
Estimator batch 232/2000 (active points 1/11) ...   snr=+10.0dB [ls]Done (0.65s)
Estimator batch 233/2000 (active points 1/11) ...   snr=+10.0dB [ls]Done (0.66s)
Estimator batch 234/2000 (active points 1/11) ...   snr=+10.0dB [ls]Done (0.66s)
Estimator batch 235/2000 (active points 1/11) ...   snr=+10.0dB [ls]Done (0.65s)
Estimator batch 236/2000 (active points 1/11) ...   snr=+10.0dB [ls]Done (0.67s)
Estimator batch 237/2000 (active points 1/11) ...   snr=+10.0dB [ls]Done (0.68s)
Estimator batch 238/2000 (active points 1/11) ...   snr=+10.0dB [ls]Done (0.66s)
Estimator batch 239/2000 (active points 1/11) ...   snr=+10.0dB [ls]Done (0.66s)
Estimator batch 240/2000 (active points 1/11) ...   snr=+10.0dB [ls]Done (0.66s)
Estimator batch 241/2000 (active points 1/11) ...   snr=+10.0dB [ls]Done (0.66s)
Estimator batch 242/2000 (active points 1/11) ...   snr=+10.0dB [ls]Done (0.66s)
Estimator batch 243/2000 (active points 1/11) ...   snr=+10.0dB [ls]Done (0.66s)
Estimator batch 244/2000 (active points 1/11) ...   snr=+10.0dB [ls]Done (0.66s)
Estimator batch 245/2000 (active points 1/11) ...   snr=+10.0dB [ls]Done (0.66s)
Estimator batch 246/2000 (active points 1/11) ...   snr=+10.0dB [ls]Done (0.66s)
Estimator batch 247/2000 (active points 1/11) ...   snr=+10.0dB [ls]Done (0.66s)
Estimator batch 248/2000 (active points 1/11) ...   snr=+10.0dB [ls]Done (0.66s)
Estimator batch 249/2000 (active points 1/11) ...   snr=+10.0dB [ls]Done (0.67s)
Estimator batch 250/2000 (active points 1/11) ...   snr=+10.0dB [ls]Done (0.66s)
Estimator: ls
  Eb/No= 0.0 dB | BER=2.420e-02 | BERub=2.433e-02 | Status=resolved | Stop=target_block_errors | Latency=480.465 ms
  Eb/No= 2.0 dB | BER=4.001e-03 | BERub=4.046e-03 | Status=resolved | Stop=target_block_errors | Latency=479.931 ms
  Eb/No= 4.0 dB | BER=9.654e-04 | BERub=9.757e-04 | Status=resolved | Stop=target_block_errors | Latency=487.191 ms
  Eb/No= 6.0 dB | BER=4.612e-04 | BERub=4.655e-04 | Status=resolved | Stop=target_block_errors | Latency=497.671 ms
  Eb/No= 8.0 dB | BER=3.457e-04 | BERub=3.490e-04 | Status=resolved | Stop=target_block_errors | Latency=492.049 ms
  Eb/No=10.0 dB | BER=3.018e-04 | BERub=3.047e-04 | Status=resolved | Stop=target_block_errors | Latency=482.160 ms
  Eb/No=12.0 dB | BER=2.823e-04 | BERub=2.854e-04 | Status=resolved | Stop=target_block_errors | Latency=490.572 ms
  Eb/No=14.0 dB | BER=3.413e-04 | BERub=3.448e-04 | Status=resolved | Stop=target_block_errors | Latency=492.758 ms
  Eb/No=16.0 dB | BER=3.225e-04 | BERub=3.262e-04 | Status=resolved | Stop=target_block_errors | Latency=491.717 ms
  Eb/No=18.0 dB | BER=2.736e-04 | BERub=2.767e-04 | Status=resolved | Stop=target_block_errors | Latency=499.628 ms
  Eb/No=20.0 dB | BER=3.998e-04 | BERub=4.041e-04 | Status=resolved | Stop=target_block_errors | Latency=501.637 ms
