Log file: /app/results/20260319_102908_ista_umi_qpsk_s/simulation.log
Loaded configuration for scenario: umi
======================================================================
  6G Smart Factory Simulation Flow
======================================================================
Stages: estimators
Estimators: ['ista']
Factory sizes: Small
Modulations: QPSK
Channels: tr38901
Scenario: umi
Eb/No Range: [0.0, 2.0, 4.0, 6.0, 8.0, 10.0, 12.0, 14.0, 16.0, 18.0, 20.0]
Run directory: results/20260319_102908_ista_umi_qpsk_s
----------------------------------------------------------------------

======================================================================
  Small
======================================================================
[estimators] Starting...
Estimator batch 1/2000 (active points 11/11) [0s elapsed] ...   snr=+0.0dB [ista]  snr=+2.0dB [ista]  snr=+4.0dB [ista]  snr=+6.0dB [ista]  snr=+8.0dB [ista]  snr=+10.0dB [ista]  snr=+12.0dB [ista]  snr=+14.0dB [ista]  snr=+16.0dB [ista]  snr=+18.0dB [ista]  snr=+20.0dB [ista]Done (9.03s)
Estimator batch 2/2000 (active points 11/11) [9s elapsed] ...   snr=+0.0dB [ista]  snr=+2.0dB [ista]  snr=+4.0dB [ista]  snr=+6.0dB [ista]  snr=+8.0dB [ista]  snr=+10.0dB [ista]  snr=+12.0dB [ista]  snr=+14.0dB [ista]  snr=+16.0dB [ista]  snr=+18.0dB [ista]  snr=+20.0dB [ista]Done (9.11s)
Estimator batch 3/2000 (active points 11/11) [18s elapsed] ...   snr=+0.0dB [ista]  snr=+2.0dB [ista]  snr=+4.0dB [ista]  snr=+6.0dB [ista]  snr=+8.0dB [ista]  snr=+10.0dB [ista]  snr=+12.0dB [ista]  snr=+14.0dB [ista]  snr=+16.0dB [ista]  snr=+18.0dB [ista]  snr=+20.0dB [ista]Done (9.07s)
Estimator batch 4/2000 (active points 11/11) [27s elapsed] ...   snr=+0.0dB [ista]  snr=+2.0dB [ista]  snr=+4.0dB [ista]  snr=+6.0dB [ista]  snr=+8.0dB [ista]  snr=+10.0dB [ista]  snr=+12.0dB [ista]  snr=+14.0dB [ista]  snr=+16.0dB [ista]  snr=+18.0dB [ista]  snr=+20.0dB [ista]Done (8.84s)
Estimator batch 5/2000 (active points 11/11) [36s elapsed] ...   snr=+0.0dB [ista]  snr=+2.0dB [ista]  snr=+4.0dB [ista]  snr=+6.0dB [ista]  snr=+8.0dB [ista]  snr=+10.0dB [ista]  snr=+12.0dB [ista]  snr=+14.0dB [ista]  snr=+16.0dB [ista]  snr=+18.0dB [ista]  snr=+20.0dB [ista]Done (8.95s)
Estimator batch 6/2000 (active points 11/11) [45s elapsed] ...   snr=+0.0dB [ista]  snr=+2.0dB [ista]  snr=+4.0dB [ista]  snr=+6.0dB [ista]  snr=+8.0dB [ista]  snr=+10.0dB [ista]  snr=+12.0dB [ista]  snr=+14.0dB [ista]  snr=+16.0dB [ista]  snr=+18.0dB [ista]  snr=+20.0dB [ista]Done (9.12s)
Estimator batch 7/2000 (active points 11/11) [54s elapsed] ...   snr=+0.0dB [ista]  snr=+2.0dB [ista]  snr=+4.0dB [ista]  snr=+6.0dB [ista]  snr=+8.0dB [ista]  snr=+10.0dB [ista]  snr=+12.0dB [ista]  snr=+14.0dB [ista]  snr=+16.0dB [ista]  snr=+18.0dB [ista]  snr=+20.0dB [ista]Done (9.17s)
Estimator batch 8/2000 (active points 11/11) [1m 03s elapsed] ...   snr=+0.0dB [ista]  snr=+2.0dB [ista]  snr=+4.0dB [ista]  snr=+6.0dB [ista]  snr=+8.0dB [ista]  snr=+10.0dB [ista]  snr=+12.0dB [ista]  snr=+14.0dB [ista]  snr=+16.0dB [ista]  snr=+18.0dB [ista]  snr=+20.0dB [ista]Done (9.27s)
Estimator batch 9/2000 (active points 11/11) [1m 12s elapsed] ...   snr=+0.0dB [ista]  snr=+2.0dB [ista]  snr=+4.0dB [ista]  snr=+6.0dB [ista]  snr=+8.0dB [ista]  snr=+10.0dB [ista]  snr=+12.0dB [ista]  snr=+14.0dB [ista]  snr=+16.0dB [ista]  snr=+18.0dB [ista]  snr=+20.0dB [ista]Done (9.28s)
Estimator batch 10/2000 (active points 11/11) [1m 21s elapsed] ...   snr=+0.0dB [ista]  snr=+2.0dB [ista]  snr=+4.0dB [ista]  snr=+6.0dB [ista]  snr=+8.0dB [ista]  snr=+10.0dB [ista]  snr=+12.0dB [ista]  snr=+14.0dB [ista]  snr=+16.0dB [ista]  snr=+18.0dB [ista]  snr=+20.0dB [ista]Done (9.30s)
Estimator batch 11/2000 (active points 4/11) [1m 31s elapsed] ...   snr=+14.0dB [ista]  snr=+16.0dB [ista]  snr=+18.0dB [ista]  snr=+20.0dB [ista]Done (3.39s)
Estimator batch 12/2000 (active points 4/11) [1m 34s elapsed] ...   snr=+14.0dB [ista]  snr=+16.0dB [ista]  snr=+18.0dB [ista]  snr=+20.0dB [ista]Done (3.38s)
Estimator batch 13/2000 (active points 3/11) [1m 37s elapsed] ...   snr=+16.0dB [ista]  snr=+18.0dB [ista]  snr=+20.0dB [ista]Done (2.51s)
Estimator batch 14/2000 (active points 3/11) [1m 40s elapsed] ...   snr=+16.0dB [ista]  snr=+18.0dB [ista]  snr=+20.0dB [ista]Done (2.55s)
Estimator batch 15/2000 (active points 3/11) [1m 42s elapsed] ...   snr=+16.0dB [ista]  snr=+18.0dB [ista]  snr=+20.0dB [ista]Done (2.52s)
Estimator batch 16/2000 (active points 2/11) [1m 45s elapsed] ...   snr=+18.0dB [ista]  snr=+20.0dB [ista]Done (1.69s)
Estimator batch 17/2000 (active points 2/11) [1m 47s elapsed] ...   snr=+18.0dB [ista]  snr=+20.0dB [ista]Done (1.70s)
Estimator batch 18/2000 (active points 2/11) [1m 48s elapsed] ...   snr=+18.0dB [ista]  snr=+20.0dB [ista]Done (1.67s)
Estimator batch 19/2000 (active points 2/11) [1m 50s elapsed] ...   snr=+18.0dB [ista]  snr=+20.0dB [ista]Done (1.67s)
Estimator batch 20/2000 (active points 2/11) [1m 52s elapsed] ...   snr=+18.0dB [ista]  snr=+20.0dB [ista]Done (1.69s)
Estimator batch 21/2000 (active points 2/11) [1m 53s elapsed] ...   snr=+18.0dB [ista]  snr=+20.0dB [ista]Done (1.67s)
Estimator batch 22/2000 (active points 2/11) [1m 55s elapsed] ...   snr=+18.0dB [ista]  snr=+20.0dB [ista]Done (1.69s)
Estimator batch 23/2000 (active points 2/11) [1m 57s elapsed] ...   snr=+18.0dB [ista]  snr=+20.0dB [ista]Done (1.72s)
Estimator batch 24/2000 (active points 1/11) [1m 59s elapsed] ...   snr=+20.0dB [ista]Done (0.83s)
Estimator batch 25/2000 (active points 1/11) [1m 59s elapsed] ...   snr=+20.0dB [ista]Done (0.83s)
Estimator batch 26/2000 (active points 1/11) [2m 00s elapsed] ...   snr=+20.0dB [ista]Done (0.92s)
Estimator batch 27/2000 (active points 1/11) [2m 01s elapsed] ...   snr=+20.0dB [ista]Done (0.84s)
Estimator batch 28/2000 (active points 1/11) [2m 02s elapsed] ...   snr=+20.0dB [ista]Done (0.84s)
Estimator: ista
  Eb/No= 0.0 dB | BER=3.954e-01 | BERub=3.958e-01 | Status=resolved | Stop=target_block_errors | Latency=476.432 ms
  Eb/No= 2.0 dB | BER=2.726e-01 | BERub=2.730e-01 | Status=resolved | Stop=target_block_errors | Latency=487.664 ms
  Eb/No= 4.0 dB | BER=1.756e-01 | BERub=1.759e-01 | Status=resolved | Stop=target_block_errors | Latency=478.425 ms
  Eb/No= 6.0 dB | BER=8.575e-02 | BERub=8.598e-02 | Status=resolved | Stop=target_block_errors | Latency=477.920 ms
  Eb/No= 8.0 dB | BER=4.221e-02 | BERub=4.238e-02 | Status=resolved | Stop=target_block_errors | Latency=476.100 ms
  Eb/No=10.0 dB | BER=1.235e-02 | BERub=1.244e-02 | Status=resolved | Stop=target_block_errors | Latency=478.364 ms
  Eb/No=12.0 dB | BER=4.371e-03 | BERub=4.426e-03 | Status=resolved | Stop=target_block_errors | Latency=479.196 ms
  Eb/No=14.0 dB | BER=1.350e-03 | BERub=1.378e-03 | Status=resolved | Stop=target_block_errors | Latency=482.450 ms
  Eb/No=16.0 dB | BER=6.344e-04 | BERub=6.517e-04 | Status=resolved | Stop=target_block_errors | Latency=477.761 ms
  Eb/No=18.0 dB | BER=4.228e-04 | BERub=4.342e-04 | Status=resolved | Stop=target_block_errors | Latency=479.399 ms
  Eb/No=20.0 dB | BER=3.256e-04 | BERub=3.347e-04 | Status=resolved | Stop=target_block_errors | Latency=478.089 ms
[estimators] Done in 2m 03s

Simulation complete. Total time: 2m 04s
Wall-clock time (incl. setup): 2m 04s
